Component: ARM Compiler 5.06 update 4 (build 422) Tool: armlink [4d35d2]

==============================================================================

Section Cross References

    main.o(.text) refers to task.o(.text) for InitTask
    main.o(.text) refers to arm_cfft_radix4_init_f32.o(.text) for arm_cfft_radix4_init_f32
    main.o(.text) refers to adc.o(.text) for Get_Adc
    main.o(.text) refers to delay.o(.text) for delay_us
    main.o(.text) refers to f2d.o(x$fpl$f2d) for __aeabi_f2d
    main.o(.text) refers to cos.o(i.__hardfp_cos) for __hardfp_cos
    main.o(.text) refers to daddsub_clz.o(x$fpl$drsb) for __aeabi_drsub
    main.o(.text) refers to dmul.o(x$fpl$dmul) for __aeabi_dmul
    main.o(.text) refers to d2f.o(x$fpl$d2f) for __aeabi_d2f
    main.o(.text) refers to arm_cfft_radix4_f32.o(.text) for arm_cfft_radix4_f32
    main.o(.text) refers to arm_cmplx_mag_f32.o(.text) for arm_cmplx_mag_f32
    main.o(.text) refers to lcd.o(.text) for LCD_Clear
    main.o(.text) refers to main.o(.bss) for fft_inputbuf
    system_stm32f4xx.o(.text) refers to system_stm32f4xx.o(.data) for SystemCoreClock
    startup_stm32f40_41xxx.o(STACK) refers (Special) to heapauxi.o(.text) for __use_two_region_memory
    startup_stm32f40_41xxx.o(HEAP) refers (Special) to heapauxi.o(.text) for __use_two_region_memory
    startup_stm32f40_41xxx.o(RESET) refers (Special) to heapauxi.o(.text) for __use_two_region_memory
    startup_stm32f40_41xxx.o(RESET) refers to startup_stm32f40_41xxx.o(STACK) for __initial_sp
    startup_stm32f40_41xxx.o(RESET) refers to startup_stm32f40_41xxx.o(.text) for Reset_Handler
    startup_stm32f40_41xxx.o(RESET) refers to stm32f4xx_it.o(.text) for NMI_Handler
    startup_stm32f40_41xxx.o(RESET) refers to usart.o(.text) for USART1_IRQHandler
    startup_stm32f40_41xxx.o(.text) refers (Special) to heapauxi.o(.text) for __use_two_region_memory
    startup_stm32f40_41xxx.o(.text) refers to system_stm32f4xx.o(.text) for SystemInit
    startup_stm32f40_41xxx.o(.text) refers to __main.o(!!!main) for __main
    startup_stm32f40_41xxx.o(.text) refers to startup_stm32f40_41xxx.o(HEAP) for Heap_Mem
    startup_stm32f40_41xxx.o(.text) refers to startup_stm32f40_41xxx.o(STACK) for Stack_Mem
    stm32f4xx_adc.o(.text) refers to stm32f4xx_rcc.o(.text) for RCC_APB2PeriphResetCmd
    stm32f4xx_can.o(.text) refers to stm32f4xx_rcc.o(.text) for RCC_APB1PeriphResetCmd
    stm32f4xx_cryp.o(.text) refers to stm32f4xx_rcc.o(.text) for RCC_AHB2PeriphResetCmd
    stm32f4xx_cryp_aes.o(.text) refers to stm32f4xx_cryp.o(.text) for CRYP_KeyStructInit
    stm32f4xx_cryp_des.o(.text) refers to stm32f4xx_cryp.o(.text) for CRYP_KeyStructInit
    stm32f4xx_cryp_tdes.o(.text) refers to stm32f4xx_cryp.o(.text) for CRYP_KeyStructInit
    stm32f4xx_dac.o(.text) refers to stm32f4xx_rcc.o(.text) for RCC_APB1PeriphResetCmd
    stm32f4xx_dma2d.o(.text) refers to stm32f4xx_rcc.o(.text) for RCC_AHB1PeriphResetCmd
    stm32f4xx_fsmc.o(.text) refers to stm32f4xx_fsmc.o(.constdata) for FSMC_DefaultTimingStruct
    stm32f4xx_gpio.o(.text) refers to stm32f4xx_rcc.o(.text) for RCC_AHB1PeriphResetCmd
    stm32f4xx_hash.o(.text) refers to stm32f4xx_rcc.o(.text) for RCC_AHB2PeriphResetCmd
    stm32f4xx_hash_md5.o(.text) refers to stm32f4xx_hash.o(.text) for HASH_DeInit
    stm32f4xx_hash_sha1.o(.text) refers to stm32f4xx_hash.o(.text) for HASH_DeInit
    stm32f4xx_i2c.o(.text) refers to stm32f4xx_rcc.o(.text) for RCC_APB1PeriphResetCmd
    stm32f4xx_ltdc.o(.text) refers to stm32f4xx_rcc.o(.text) for RCC_APB2PeriphResetCmd
    stm32f4xx_pwr.o(.text) refers to stm32f4xx_rcc.o(.text) for RCC_APB1PeriphResetCmd
    stm32f4xx_rcc.o(.text) refers to stm32f4xx_rcc.o(.data) for APBAHBPrescTable
    stm32f4xx_rng.o(.text) refers to stm32f4xx_rcc.o(.text) for RCC_AHB2PeriphResetCmd
    stm32f4xx_sai.o(.text) refers to stm32f4xx_rcc.o(.text) for RCC_APB2PeriphResetCmd
    stm32f4xx_sdio.o(.text) refers to stm32f4xx_rcc.o(.text) for RCC_APB2PeriphResetCmd
    stm32f4xx_spi.o(.text) refers to stm32f4xx_rcc.o(.text) for RCC_APB2PeriphResetCmd
    stm32f4xx_syscfg.o(.text) refers to stm32f4xx_rcc.o(.text) for RCC_APB2PeriphResetCmd
    stm32f4xx_tim.o(.text) refers to stm32f4xx_rcc.o(.text) for RCC_APB2PeriphResetCmd
    stm32f4xx_usart.o(.text) refers to stm32f4xx_rcc.o(.text) for RCC_APB2PeriphResetCmd
    stm32f4xx_wwdg.o(.text) refers to stm32f4xx_rcc.o(.text) for RCC_APB1PeriphResetCmd
    delay.o(.text) refers to misc.o(.text) for SysTick_CLKSourceConfig
    delay.o(.text) refers to delay.o(.data) for fac_us
    usart.o(.rev16_text) refers (Special) to use_no_semi_2.o(.text) for __use_no_semihosting
    usart.o(.revsh_text) refers (Special) to use_no_semi_2.o(.text) for __use_no_semihosting
    usart.o(.text) refers (Special) to use_no_semi_2.o(.text) for __use_no_semihosting
    usart.o(.text) refers to stm32f4xx_rcc.o(.text) for RCC_AHB1PeriphClockCmd
    usart.o(.text) refers to stm32f4xx_gpio.o(.text) for GPIO_PinAFConfig
[...]
    ..\\FWLIB\\src\\stm32f4xx_hash_md5.c     0x00000000   Number         0  stm32f4xx_hash_md5.o ABSOLUTE
    ..\\FWLIB\\src\\stm32f4xx_hash_sha1.c    0x00000000   Number         0  stm32f4xx_hash_sha1.o ABSOLUTE
    ..\\FWLIB\\src\\stm32f4xx_i2c.c          0x00000000   Number         0  stm32f4xx_i2c.o ABSOLUTE
    ..\\FWLIB\\src\\stm32f4xx_iwdg.c         0x00000000   Number         0  stm32f4xx_iwdg.o ABSOLUTE
    ..\\FWLIB\\src\\stm32f4xx_ltdc.c         0x00000000   Number         0  stm32f4xx_ltdc.o ABSOLUTE
    ..\\FWLIB\\src\\stm32f4xx_pwr.c          0x00000000   Number         0  stm32f4xx_pwr.o ABSOLUTE
    ..\\FWLIB\\src\\stm32f4xx_rcc.c          0x00000000   Number         0  stm32f4xx_rcc.o ABSOLUTE
    ..\\FWLIB\\src\\stm32f4xx_rng.c          0x00000000   Number         0  stm32f4xx_rng.o ABSOLUTE
    ..\\FWLIB\\src\\stm32f4xx_rtc.c          0x00000000   Number         0  stm32f4xx_rtc.o ABSOLUTE
    ..\\FWLIB\\src\\stm32f4xx_sai.c          0x00000000   Number         0  stm32f4xx_sai.o ABSOLUTE
    ..\\FWLIB\\src\\stm32f4xx_sdio.c         0x00000000   Number         0  stm32f4xx_sdio.o ABSOLUTE
    ..\\FWLIB\\src\\stm32f4xx_spi.c          0x00000000   Number         0  stm32f4xx_spi.o ABSOLUTE
    ..\\FWLIB\\src\\stm32f4xx_syscfg.c       0x00000000   Number         0  stm32f4xx_syscfg.o ABSOLUTE
    ..\\FWLIB\\src\\stm32f4xx_tim.c          0x00000000   Number         0  stm32f4xx_tim.o ABSOLUTE
    ..\\FWLIB\\src\\stm32f4xx_usart.c        0x00000000   Number         0  stm32f4xx_usart.o ABSOLUTE
    ..\\FWLIB\\src\\stm32f4xx_wwdg.c         0x00000000   Number         0  stm32f4xx_wwdg.o ABSOLUTE
    ..\\HARDWARE\\ADC\\adc.c                 0x00000000   Number         0  adc.o ABSOLUTE
    ..\\HARDWARE\\CONTROL\\control.c         0x00000000   Number         0  control.o ABSOLUTE
    ..\\HARDWARE\\LCD\\lcd.c                 0x00000000   Number         0  lcd.o ABSOLUTE
    ..\\SYSTEM\\delay\\delay.c               0x00000000   Number         0  delay.o ABSOLUTE
    ..\\SYSTEM\\sys\\sys.c                   0x00000000   Number         0  sys.o ABSOLUTE
    ..\\SYSTEM\\usart\\usart.c               0x00000000   Number         0  usart.o ABSOLUTE
    ..\\TransformFunctions\\arm_bitreversal.c 0x00000000   Number         0  arm_bitreversal.o ABSOLUTE
    ..\\TransformFunctions\\arm_cfft_radix4_f32.c 0x00000000   Number         0  arm_cfft_radix4_f32.o ABSOLUTE
    ..\\TransformFunctions\\arm_cfft_radix4_init_f32.c 0x00000000   Number         0  arm_cfft_radix4_init_f32.o ABSOLUTE
    dc.s                                     0x00000000   Number         0  dc.o ABSOLUTE
    main.c                                   0x00000000   Number         0  main.o ABSOLUTE
    main.c                                   0x00000000   Number         0  main.o ABSOLUTE
    stm32f4xx_it.c                           0x00000000   Number         0  stm32f4xx_it.o ABSOLUTE
    stm32f4xx_it.c                           0x00000000   Number         0  stm32f4xx_it.o ABSOLUTE
    system_stm32f4xx.c                       0x00000000   Number         0  system_stm32f4xx.o ABSOLUTE
    system_stm32f4xx.c                       0x00000000   Number         0  system_stm32f4xx.o ABSOLUTE
    task.c                                   0x00000000   Number         0  task.o ABSOLUTE
    task.c                                   0x00000000   Number         0  task.o ABSOLUTE
    RESET                                    0x08000000   Section      392  startup_stm32f40_41xxx.o(RESET)
    !!!main                                  0x08000188   Section        8  __main.o(!!!main)
    !!!scatter                               0x08000190   Section       52  __scatter.o(!!!scatter)
    !!handler_copy                           0x080001c4   Section       26  __scatter_copy.o(!!handler_copy)
    !!handler_zi                             0x080001e0   Section       28  __scatter_zi.o(!!handler_zi)
    .ARM.Collect$$_printf_percent$$00000000  0x080001fc   Section        0  _printf_percent.o(.ARM.Collect$$_printf_percent$$00000000)
    .ARM.Collect$$_printf_percent$$0000000C  0x080001fc   Section        6  _printf_x.o(.ARM.Collect$$_printf_percent$$0000000C)
    .ARM.Collect$$_printf_percent$$00000017  0x08000202   Section        4  _printf_percent_end.o(.ARM.Collect$$_printf_percent$$00000017)
    .ARM.Collect$$libinit$$00000000          0x08000206   Section        2  libinit.o(.ARM.Collect$$libinit$$00000000)
    .ARM.Collect$$libinit$$00000001          0x08000208   Section        4  libinit2.o(.ARM.Collect$$libinit$$00000001)
    .ARM.Collect$$libinit$$00000004          0x0800020c   Section        0  libinit2.o(.ARM.Collect$$libinit$$00000004)
    .ARM.Collect$$libinit$$0000000A          0x0800020c   Section        0  libinit2.o(.ARM.Collect$$libinit$$0000000A)
    .ARM.Collect$$libinit$$0000000C          0x0800020c   Section        0  libinit2.o(.ARM.Collect$$libinit$$0000000C)
    .ARM.Collect$$libinit$$0000000E          0x0800020c   Section        0  libinit2.o(.ARM.Collect$$libinit$$0000000E)
    .ARM.Collect$$libinit$$00000011          0x0800020c   Section        0  libinit2.o(.ARM.Collect$$libinit$$00000011)
    .ARM.Collect$$libinit$$00000013          0x0800020c   Section        0  libinit2.o(.ARM.Collect$$libinit$$00000013)
    .ARM.Collect$$libinit$$00000015          0x0800020c   Section        0  libinit2.o(.ARM.Collect$$libinit$$00000015)
    .ARM.Collect$$libinit$$00000017          0x0800020c   Section        0  libinit2.o(.ARM.Collect$$libinit$$00000017)
    .ARM.Collect$$libinit$$00000019          0x0800020c   Section        0  libinit2.o(.ARM.Collect$$libinit$$00000019)
    .ARM.Collect$$libinit$$0000001B          0x0800020c   Section        0  libinit2.o(.ARM.Collect$$libinit$$0000001B)
    .ARM.Collect$$libinit$$0000001D          0x0800020c   Section        0  libinit2.o(.ARM.Collect$$libinit$$0000001D)
    .ARM.Collect$$libinit$$0000001F          0x0800020c   Section        0  libinit2.o(.ARM.Collect$$libinit$$0000001F)
    .ARM.Collect$$libinit$$00000021          0x0800020c   Section        0  libinit2.o(.ARM.Collect$$libinit$$00000021)
    .ARM.Collect$$libinit$$00000023          0x0800020c   Section        0  libinit2.o(.ARM.Collect$$libinit$$00000023)
    .ARM.Collect$$libinit$$00000025          0x0800020c   Section        0  libinit2.o(.ARM.Collect$$libinit$$00000025)
    .ARM.Collect$$libinit$$0000002C          0x0800020c   Section        0  libinit2.o(.ARM.Collect$$libinit$$0000002C)
    .ARM.Collect$$libinit$$0000002E          0x0800020c   Section        0  libinit2.o(.ARM.Collect$$libinit$$0000002E)
    .ARM.Collect$$libinit$$00000030          0x0800020c   Section        0  libinit2.o(.ARM.Collect$$libinit$$00000030)
    .ARM.Collect$$libinit$$00000032          0x0800020c   Section        0  libinit2.o(.ARM.Collect$$libinit$$00000032)
    .ARM.Collect$$libinit$$00000033          0x0800020c   Section        2  libinit2.o(.ARM.Collect$$libinit$$00000033)
    .ARM.Collect$$libshutdown$$00000000      0x0800020e   Section        2  libshutdown.o(.ARM.Collect$$libshutdown$$00000000)
    .ARM.Collect$$libshutdown$$00000002      0x08000210   Section        0  libshutdown2.o(.ARM.Collect$$libshutdown$$00000002)
    .ARM.Collect$$libshutdown$$00000004      0x08000210   Section        0  libshutdown2.o(.ARM.Collect$$libshutdown$$00000004)
    .ARM.Collect$$libshutdown$$00000007      0x08000210   Section        0  libshutdown2.o(.ARM.Collect$$libshutdown$$00000007)
    .ARM.Collect$$libshutdown$$0000000A      0x08000210   Section        0  libshutdown2.o(.ARM.Collect$$libshutdown$$0000000A)
    .ARM.Collect$$libshutdown$$0000000C      0x08000210   Section        0  libshutdown2.o(.ARM.Collect$$libshutdown$$0000000C)
    .ARM.Collect$$libshutdown$$0000000F      0x08000210   Section        0  libshutdown2.o(.ARM.Collect$$libshutdown$$0000000F)
    .ARM.Collect$$libshutdown$$00000010      0x08000210   Section        2  libshutdown2.o(.ARM.Collect$$libshutdown$$00000010)
    .ARM.Collect$$rtentry$$00000000          0x08000212   Section        0  __rtentry.o(.ARM.Collect$$rtentry$$00000000)
    .ARM.Collect$$rtentry$$00000002          0x08000212   Section        0  __rtentry2.o(.ARM.Collect$$rtentry$$00000002)
    .ARM.Collect$$rtentry$$00000004          0x08000212   Section        6  __rtentry4.o(.ARM.Collect$$rtentry$$00000004)
    .ARM.Collect$$rtentry$$00000009          0x08000218   Section        0  __rtentry2.o(.ARM.Collect$$rtentry$$00000009)
    .ARM.Collect$$rtentry$$0000000A          0x08000218   Section        4  __rtentry2.o(.ARM.Collect$$rtentry$$0000000A)
    .ARM.Collect$$rtentry$$0000000C          0x0800021c   Section        0  __rtentry2.o(.ARM.Collect$$rtentry$$0000000C)
    .ARM.Collect$$rtentry$$0000000D          0x0800021c   Section        8  __rtentry2.o(.ARM.Collect$$rtentry$$0000000D)
    .ARM.Collect$$rtexit$$00000000           0x08000224   Section        2  rtexit.o(.ARM.Collect$$rtexit$$00000000)
    .ARM.Collect$$rtexit$$00000002           0x08000226   Section        0  rtexit2.o(.ARM.Collect$$rtexit$$00000002)
    .ARM.Collect$$rtexit$$00000003           0x08000226   Section        4  rtexit2.o(.ARM.Collect$$rtexit$$00000003)
    .ARM.Collect$$rtexit$$00000004           0x0800022a   Section        6  rtexit2.o(.ARM.Collect$$rtexit$$00000004)
    .text                                    0x08000230   Section        0  main.o(.text)
    .text                                    0x0800038c   Section        0  stm32f4xx_it.o(.text)
    .text                                    0x080003a8   Section        0  system_stm32f4xx.o(.text)
    SetSysClock                              0x080003a9   Thumb Code   220  system_stm32f4xx.o(.text)
    .text                                    0x080005b8   Section       64  startup_stm32f40_41xxx.o(.text)
    $v0                                      0x080005b8   Number         0  startup_stm32f40_41xxx.o(.text)
    .text                                    0x080005f8   Section        0  misc.o(.text)
    .text                                    0x080006d8   Section        0  stm32f4xx_adc.o(.text)
    .text                                    0x08000b3c   Section        0  stm32f4xx_fsmc.o(.text)
    .text                                    0x08001104   Section        0  stm32f4xx_gpio.o(.text)
    .text                                    0x08001398   Section        0  stm32f4xx_rcc.o(.text)
    .text                                    0x080019f4   Section        0  stm32f4xx_usart.o(.text)
    .text                                    0x08001e48   Section        0  delay.o(.text)
    .text                                    0x08001f4c   Section        0  usart.o(.text)
    .text                                    0x08002094   Section        0  lcd.o(.text)
    .text                                    0x08006d10   Section        0  adc.o(.text)
    .text                                    0x08006df0   Section        0  task.o(.text)
    .text                                    0x08007758   Section        0  arm_cmplx_mag_f32.o(.text)
    .text                                    0x08007848   Section        0  arm_cfft_radix4_f32.o(.text)
    .text                                    0x08007ee8   Section        0  arm_cfft_radix4_init_f32.o(.text)
    .text                                    0x08007fa8   Section        0  arm_bitreversal.o(.text)
    .text                                    0x0800818e   Section        2  use_no_semi_2.o(.text)
    .text                                    0x08008190   Section        0  noretval__2printf.o(.text)
    .text                                    0x080081a8   Section        0  __printf.o(.text)
    .text                                    0x08008210   Section        0  _printf_hex_int.o(.text)
    .text                                    0x08008268   Section        0  heapauxi.o(.text)
    .text                                    0x0800826e   Section        2  use_no_semi.o(.text)
    .text                                    0x08008270   Section        0  _rserrno.o(.text)
    .text                                    0x08008286   Section        0  _printf_intcommon.o(.text)
    .text                                    0x08008338   Section        0  _printf_char_file.o(.text)
    .text                                    0x0800835c   Section        8  rt_errno_addr_intlibspace.o(.text)
    .text                                    0x08008364   Section        0  _printf_char_common.o(.text)
    _printf_input_char                       0x08008365   Thumb Code    10  _printf_char_common.o(.text)
    .text                                    0x08008394   Section        0  ferror.o(.text)
    .text                                    0x0800839c   Section        8  libspace.o(.text)
    .text                                    0x080083a4   Section       74  sys_stackheap_outer.o(.text)
    .text                                    0x080083ee   Section        0  exit.o(.text)
    i.__ARM_fpclassify                       0x08008400   Section        0  fpclassify.o(i.__ARM_fpclassify)
    i.__hardfp_cos                           0x08008430   Section        0  cos.o(i.__hardfp_cos)
    i.__ieee754_rem_pio2                     0x080084f8   Section        0  rred.o(i.__ieee754_rem_pio2)
    i.__kernel_cos                           0x08008930   Section        0  cos_i.o(i.__kernel_cos)
    i.__kernel_poly                          0x08008aa0   Section        0  poly.o(i.__kernel_poly)
    i.__kernel_sin                           0x08008b98   Section        0  sin_i.o(i.__kernel_sin)
    i.__mathlib_dbl_infnan                   0x08008cc8   Section        0  dunder.o(i.__mathlib_dbl_infnan)
    i.__mathlib_dbl_invalid                  0x08008ce0   Section        0  dunder.o(i.__mathlib_dbl_invalid)
    i.__mathlib_dbl_underflow                0x08008d00   Section        0  dunder.o(i.__mathlib_dbl_underflow)
    i.fabs                                   0x08008d20   Section        0  fabs.o(i.fabs)
    x$fpl$basic                              0x08008d38   Section       24  basic.o(x$fpl$basic)
    $v0                                      0x08008d38   Number         0  basic.o(x$fpl$basic)
    x$fpl$d2f                                0x08008d50   Section       98  d2f.o(x$fpl$d2f)
    $v0                                      0x08008d50   Number         0  d2f.o(x$fpl$d2f)
    x$fpl$dadd                               0x08008db4   Section      336  daddsub_clz.o(x$fpl$dadd)
    $v0                                      0x08008db4   Number         0  daddsub_clz.o(x$fpl$dadd)
    _dadd1                                   0x08008dc5   Thumb Code     0  daddsub_clz.o(x$fpl$dadd)
    x$fpl$dcmpinf                            0x08008f04   Section       24  dcmpi.o(x$fpl$dcmpinf)
    $v0                                      0x08008f04   Number         0  dcmpi.o(x$fpl$dcmpinf)
    x$fpl$ddiv                               0x08008f1c   Section      688  ddiv.o(x$fpl$ddiv)
    $v0                                      0x08008f1c   Number         0  ddiv.o(x$fpl$ddiv)
    ddiv_entry                               0x08008f23   Thumb Code     0  ddiv.o(x$fpl$ddiv)
    x$fpl$dfix                               0x080091cc   Section       94  dfix.o(x$fpl$dfix)
    $v0                                      0x080091cc   Number         0  dfix.o(x$fpl$dfix)
    x$fpl$dfixu                              0x0800922c   Section       90  dfixu.o(x$fpl$dfixu)
    $v0                                      0x0800922c   Number         0  dfixu.o(x$fpl$dfixu)
    x$fpl$dflt                               0x08009286   Section       46  dflt_clz.o(x$fpl$dflt)
    $v0                                      0x08009286   Number         0  dflt_clz.o(x$fpl$dflt)
    x$fpl$dfltu                              0x080092b4   Section       38  dflt_clz.o(x$fpl$dfltu)
    $v0                                      0x080092b4   Number         0  dflt_clz.o(x$fpl$dfltu)
    x$fpl$dleqf                              0x080092dc   Section      120  dleqf.o(x$fpl$dleqf)
    $v0                                      0x080092dc   Number         0  dleqf.o(x$fpl$dleqf)
    x$fpl$dmul                               0x08009354   Section      340  dmul.o(x$fpl$dmul)
    $v0                                      0x08009354   Number         0  dmul.o(x$fpl$dmul)
    x$fpl$dnaninf                            0x080094a8   Section      156  dnaninf.o(x$fpl$dnaninf)
    $v0                                      0x080094a8   Number         0  dnaninf.o(x$fpl$dnaninf)
    x$fpl$dretinf                            0x08009544   Section       12  dretinf.o(x$fpl$dretinf)
    $v0                                      0x08009544   Number         0  dretinf.o(x$fpl$dretinf)
    x$fpl$drleqf                             0x08009550   Section      108  drleqf.o(x$fpl$drleqf)
    $v0                                      0x08009550   Number         0  drleqf.o(x$fpl$drleqf)
    x$fpl$drsb                               0x080095bc   Section       22  daddsub_clz.o(x$fpl$drsb)
    $v0                                      0x080095bc   Number         0  daddsub_clz.o(x$fpl$drsb)
    x$fpl$dsub                               0x080095d4   Section      468  daddsub_clz.o(x$fpl$dsub)
    $v0                                      0x080095d4   Number         0  daddsub_clz.o(x$fpl$dsub)
    _dsub1                                   0x080095e5   Thumb Code     0  daddsub_clz.o(x$fpl$dsub)
    x$fpl$f2d                                0x080097a8   Section       86  f2d.o(x$fpl$f2d)
    $v0                                      0x080097a8   Number         0  f2d.o(x$fpl$f2d)
    x$fpl$fnaninf                            0x080097fe   Section      140  fnaninf.o(x$fpl$fnaninf)
    $v0                                      0x080097fe   Number         0  fnaninf.o(x$fpl$fnaninf)
    x$fpl$fpinit                             0x0800988a   Section       10  fpinit.o(x$fpl$fpinit)
    $v0                                      0x0800988a   Number         0  fpinit.o(x$fpl$fpinit)
    x$fpl$fretinf                            0x08009894   Section       10  fretinf.o(x$fpl$fretinf)
    $v0                                      0x08009894   Number         0  fretinf.o(x$fpl$fretinf)
    x$fpl$usenofp                            0x0800989e   Section        0  usenofp.o(x$fpl$usenofp)
    .constdata                               0x080098a0   Section       28  stm32f4xx_fsmc.o(.constdata)
    .constdata                               0x080098bc   Section     6080  lcd.o(.constdata)
    .constdata                               0x0800b07c   Section     2048  arm_common_tables.o(.constdata)
    .constdata                               0x0800b87c   Section    32768  arm_common_tables.o(.constdata)
    .constdata                               0x0801387c   Section       40  _printf_hex_int.o(.constdata)
    uc_hextab                                0x0801387c   Data          20  _printf_hex_int.o(.constdata)
    lc_hextab                                0x08013890   Data          20  _printf_hex_int.o(.constdata)
    .constdata                               0x080138a8   Section       48  cos_i.o(.constdata)
    C                                        0x080138a8   Data          48  cos_i.o(.constdata)
    .constdata                               0x080138d8   Section      200  rred.o(.constdata)
    pio2s                                    0x080138d8   Data          48  rred.o(.constdata)
    twooverpi                                0x08013908   Data         152  rred.o(.constdata)
    .constdata                               0x080139a0   Section       40  sin_i.o(.constdata)
    S                                        0x080139a0   Data          40  sin_i.o(.constdata)
    .data                                    0x20000000   Section        2  main.o(.data)
    .data                                    0x20000004   Section       20  system_stm32f4xx.o(.data)
    .data                                    0x20000018   Section       16  stm32f4xx_rcc.o(.data)
    APBAHBPrescTable                         0x20000018   Data          16  stm32f4xx_rcc.o(.data)
    .data                                    0x20000028   Section        4  delay.o(.data)
    fac_us                                   0x20000028   Data           1  delay.o(.data)
    fac_ms                                   0x2000002a   Data           2  delay.o(.data)
    .data                                    0x2000002c   Section        6  usart.o(.data)
    .data                                    0x20000032   Section        4  lcd.o(.data)
    .data                                    0x20000038   Section        8  task.o(.data)
    .bss                                     0x20000040   Section    49212  main.o(.bss)
    .bss                                     0x2000c07c   Section      200  usart.o(.bss)
    .bss                                     0x2000c144   Section       14  lcd.o(.bss)
    .bss                                     0x2000c152   Section     1600  task.o(.bss)
    adcinput                                 0x2000c152   Data        1600  task.o(.bss)
    .bss                                     0x2000c794   Section       96  libspace.o(.bss)
    HEAP                                     0x2000c7f8   Section      512  startup_stm32f40_41xxx.o(HEAP)
    Heap_Mem                                 0x2000c7f8   Data         512  startup_stm32f40_41xxx.o(HEAP)
    STACK                                    0x2000c9f8   Section     1024  startup_stm32f40_41xxx.o(STACK)
    Stack_Mem                                0x2000c9f8   Data        1024  startup_stm32f40_41xxx.o(STACK)
    __initial_sp                             0x2000cdf8   Data           0  startup_stm32f40_41xxx.o(STACK)

    Global Symbols

    Symbol Name                              Value     Ov Type        Size  Object(Section)

    BuildAttributes$$THM_ISAv4$E$P$D$K$B$S$7EM$VFPi3$EXTD16$VFPS$VFMA$PE$A:L22UL41UL21$X:L11$S22US41US21$IEEE1$IW$USESV6$~STKCKD$USESV7$~SHL$OTIME$ROPI$IEEEX$EBA8$UX$STANDARDLIB$REQ8$PRES8$EABIv2 0x00000000   Number         0  anon$$obj.o ABSOLUTE
    __ARM_use_no_argv                        0x00000000   Number         0  main.o ABSOLUTE
    __ARM_exceptions_init                     - Undefined Weak Reference
    __alloca_initialize                       - Undefined Weak Reference
    __arm_preinit_                            - Undefined Weak Reference
    __cpp_initialize__aeabi_                  - Undefined Weak Reference
    __cxa_finalize                            - Undefined Weak Reference
    __rt_locale                               - Undefined Weak Reference
    __sigvec_lookup                           - Undefined Weak Reference
    _atexit_init                              - Undefined Weak Reference
    _call_atexit_fns                          - Undefined Weak Reference
    _clock_init                               - Undefined Weak Reference
    _fp_trap_init                             - Undefined Weak Reference
    _fp_trap_shutdown                         - Undefined Weak Reference
    _get_lc_collate                           - Undefined Weak Reference
    _get_lc_ctype                             - Undefined Weak Reference
    _get_lc_monetary                          - Undefined Weak Reference
    _get_lc_numeric                           - Undefined Weak Reference
    _get_lc_time                              - Undefined Weak Reference
    _getenv_init                              - Undefined Weak Reference
    _handle_redirection                       - Undefined Weak Reference
    _init_alloc                               - Undefined Weak Reference
    _init_user_alloc                          - Undefined Weak Reference
    _initio                                   - Undefined Weak Reference
    _mutex_acquire                            - Undefined Weak Reference
    _mutex_release                            - Undefined Weak Reference
    _printf_post_padding                      - Undefined Weak Reference
    _printf_pre_padding                       - Undefined Weak Reference
    _printf_truncate_unsigned                 - Undefined Weak Reference
    _rand_init                                - Undefined Weak Reference
    _signal_finish                            - Undefined Weak Reference
    _signal_init                              - Undefined Weak Reference
    _terminate_alloc                          - Undefined Weak Reference
    _terminate_user_alloc                     - Undefined Weak Reference
    _terminateio                              - Undefined Weak Reference
    __Vectors_Size                           0x00000188   Number         0  startup_stm32f40_41xxx.o ABSOLUTE
    __Vectors                                0x08000000   Data           4  startup_stm32f40_41xxx.o(RESET)
    __Vectors_End                            0x08000188   Data           0  startup_stm32f40_41xxx.o(RESET)
    __main                                   0x08000189   Thumb Code     8  __main.o(!!!main)
    __scatterload                            0x08000191   Thumb Code     0  __scatter.o(!!!scatter)
    __scatterload_rt2                        0x08000191   Thumb Code    44  __scatter.o(!!!scatter)
    __scatterload_rt2_thumb_only             0x08000191   Thumb Code     0  __scatter.o(!!!scatter)
    __scatterload_null                       0x0800019f   Thumb Code     0  __scatter.o(!!!scatter)
    __scatterload_copy                       0x080001c5   Thumb Code    26  __scatter_copy.o(!!handler_copy)
    __scatterload_zeroinit                   0x080001e1   Thumb Code    28  __scatter_zi.o(!!handler_zi)
    _printf_percent                          0x080001fd   Thumb Code     0  _printf_percent.o(.ARM.Collect$$_printf_percent$$00000000)
    _printf_x                                0x080001fd   Thumb Code     0  _printf_x.o(.ARM.Collect$$_printf_percent$$0000000C)
    _printf_percent_end                      0x08000203   Thumb Code     0  _printf_percent_end.o(.ARM.Collect$$_printf_percent$$00000017)
    __rt_lib_init                            0x08000207   Thumb Code     0  libinit.o(.ARM.Collect$$libinit$$00000000)
    __rt_lib_init_fp_1                       0x08000209   Thumb Code     0  libinit2.o(.ARM.Collect$$libinit$$00000001)
    __rt_lib_init_alloca_1                   0x0800020d   Thumb Code     0  libinit2.o(.ARM.Collect$$libinit$$0000002E)
    __rt_lib_init_argv_1                     0x0800020d   Thumb Code     0  libinit2.o(.ARM.Collect$$libinit$$0000002C)
    __rt_lib_init_atexit_1                   0x0800020d   Thumb Code     0  libinit2.o(.ARM.Collect$$libinit$$0000001B)
    __rt_lib_init_clock_1                    0x0800020d   Thumb Code     0  libinit2.o(.ARM.Collect$$libinit$$00000021)
    __rt_lib_init_cpp_1                      0x0800020d   Thumb Code     0  libinit2.o(.ARM.Collect$$libinit$$00000032)
    __rt_lib_init_exceptions_1               0x0800020d   Thumb Code     0  libinit2.o(.ARM.Collect$$libinit$$00000030)
    __rt_lib_init_fp_trap_1                  0x0800020d   Thumb Code     0  libinit2.o(.ARM.Collect$$libinit$$0000001F)
    __rt_lib_init_getenv_1                   0x0800020d   Thumb Code     0  libinit2.o(.ARM.Collect$$libinit$$00000023)
    __rt_lib_init_heap_1                     0x0800020d   Thumb Code     0  libinit2.o(.ARM.Collect$$libinit$$0000000A)
    __rt_lib_init_lc_collate_1               0x0800020d   Thumb Code     0  libinit2.o(.ARM.Collect$$libinit$$00000011)
    __rt_lib_init_lc_ctype_1                 0x0800020d   Thumb Code     0  libinit2.o(.ARM.Collect$$libinit$$00000013)
    __rt_lib_init_lc_monetary_1              0x0800020d   Thumb Code     0  libinit2.o(.ARM.Collect$$libinit$$00000015)
    __rt_lib_init_lc_numeric_1               0x0800020d   Thumb Code     0  libinit2.o(.ARM.Collect$$libinit$$00000017)
    __rt_lib_init_lc_time_1                  0x0800020d   Thumb Code     0  libinit2.o(.ARM.Collect$$libinit$$00000019)
    __rt_lib_init_preinit_1                  0x0800020d   Thumb Code     0  libinit2.o(.ARM.Collect$$libinit$$00000004)
    __rt_lib_init_rand_1                     0x0800020d   Thumb Code     0  libinit2.o(.ARM.Collect$$libinit$$0000000E)
    __rt_lib_init_return                     0x0800020d   Thumb Code     0  libinit2.o(.ARM.Collect$$libinit$$00000033)
    __rt_lib_init_signal_1                   0x0800020d   Thumb Code     0  libinit2.o(.ARM.Collect$$libinit$$0000001D)
    __rt_lib_init_stdio_1                    0x0800020d   Thumb Code     0  libinit2.o(.ARM.Collect$$libinit$$00000025)
    __rt_lib_init_user_alloc_1               0x0800020d   Thumb Code     0  libinit2.o(.ARM.Collect$$libinit$$0000000C)
    __rt_lib_shutdown                        0x0800020f   Thumb Code     0  libshutdown.o(.ARM.Collect$$libshutdown$$00000000)
    __rt_lib_shutdown_cpp_1                  0x08000211   Thumb Code     0  libshutdown2.o(.ARM.Collect$$libshutdown$$00000002)
    __rt_lib_shutdown_fp_trap_1              0x08000211   Thumb Code     0  libshutdown2.o(.ARM.Collect$$libshutdown$$00000007)
    __rt_lib_shutdown_heap_1                 0x08000211   Thumb Code     0  libshutdown2.o(.ARM.Collect$$libshutdown$$0000000F)
    __rt_lib_shutdown_return                 0x08000211   Thumb Code     0  libshutdown2.o(.ARM.Collect$$libshutdown$$00000010)
    __rt_lib_shutdown_signal_1               0x08000211   Thumb Code     0  libshutdown2.o(.ARM.Collect$$libshutdown$$0000000A)
    __rt_lib_shutdown_stdio_1                0x08000211   Thumb Code     0  libshutdown2.o(.ARM.Collect$$libshutdown$$00000004)
    __rt_lib_shutdown_user_alloc_1           0x08000211   Thumb Code     0  libshutdown2.o(.ARM.Collect$$libshutdown$$0000000C)
    __rt_entry                               0x08000213   Thumb Code     0  __rtentry.o(.ARM.Collect$$rtentry$$00000000)
    __rt_entry_presh_1                       0x08000213   Thumb Code     0  __rtentry2.o(.ARM.Collect$$rtentry$$00000002)
    __rt_entry_sh                            0x08000213   Thumb Code     0  __rtentry4.o(.ARM.Collect$$rtentry$$00000004)
    __rt_entry_li                            0x08000219   Thumb Code     0  __rtentry2.o(.ARM.Collect$$rtentry$$0000000A)
    __rt_entry_postsh_1                      0x08000219   Thumb Code     0  __rtentry2.o(.ARM.Collect$$rtentry$$00000009)
    __rt_entry_main                          0x0800021d   Thumb Code     0  __rtentry2.o(.ARM.Collect$$rtentry$$0000000D)
    __rt_entry_postli_1                      0x0800021d   Thumb Code     0  __rtentry2.o(.ARM.Collect$$rtentry$$0000000C)
    __rt_exit                                0x08000225   Thumb Code     0  rtexit.o(.ARM.Collect$$rtexit$$00000000)
    __rt_exit_ls                             0x08000227   Thumb Code     0  rtexit2.o(.ARM.Collect$$rtexit$$00000003)
    __rt_exit_prels_1                        0x08000227   Thumb Code     0  rtexit2.o(.ARM.Collect$$rtexit$$00000002)
    __rt_exit_exit                           0x0800022b   Thumb Code     0  rtexit2.o(.ARM.Collect$$rtexit$$00000004)
    main                                     0x08000231   Thumb Code   302  main.o(.text)
    NMI_Handler                              0x0800038d   Thumb Code     2  stm32f4xx_it.o(.text)
    HardFault_Handler                        0x0800038f   Thumb Code     4  stm32f4xx_it.o(.text)
    MemManage_Handler                        0x08000393   Thumb Code     4  stm32f4xx_it.o(.text)
    BusFault_Handler                         0x08000397   Thumb Code     4  stm32f4xx_it.o(.text)
    UsageFault_Handler                       0x0800039b   Thumb Code     4  stm32f4xx_it.o(.text)
    SVC_Handler                              0x0800039f   Thumb Code     2  stm32f4xx_it.o(.text)
    DebugMon_Handler                         0x080003a1   Thumb Code     2  stm32f4xx_it.o(.text)
    PendSV_Handler                           0x080003a3   Thumb Code     2  stm32f4xx_it.o(.text)
    SysTick_Handler                          0x080003a5   Thumb Code     2  stm32f4xx_it.o(.text)
    SystemInit                               0x08000485   Thumb Code    88  system_stm32f4xx.o(.text)
    SystemCoreClockUpdate                    0x080004dd   Thumb Code   174  system_stm32f4xx.o(.text)
    Reset_Handler                            0x080005b9   Thumb Code     8  startup_stm32f40_41xxx.o(.text)
    ADC_IRQHandler                           0x080005d3   Thumb Code     0  startup_stm32f40_41xxx.o(.text)
    CAN1_RX0_IRQHandler                      0x080005d3   Thumb Code     0  startup_stm32f40_41xxx.o(.text)
    CAN1_RX1_IRQHandler                      0x080005d3   Thumb Code     0  startup_stm32f40_41xxx.o(.text)
    CAN1_SCE_IRQHandler                      0x080005d3   Thumb Code     0  startup_stm32f40_41xxx.o(.text)
    CAN1_TX_IRQHandler                       0x080005d3   Thumb Code     0  startup_stm32f40_41xxx.o(.text)
    CAN2_RX0_IRQHandler                      0x080005d3   Thumb Code     0  startup_stm32f40_41xxx.o(.text)
    CAN2_RX1_IRQHandler                      0x080005d3   Thumb Code     0  startup_stm32f40_41xxx.o(.text)
    CAN2_SCE_IRQHandler                      0x080005d3   Thumb Code     0  startup_stm32f40_41xxx.o(.text)
    CAN2_TX_IRQHandler                       0x080005d3   Thumb Code     0  startup_stm32f40_41xxx.o(.text)
    CRYP_IRQHandler                          0x080005d3   Thumb Code     0  startup_stm32f40_41xxx.o(.text)
    DCMI_IRQHandler                          0x080005d3   Thumb Code     0  startup_stm32f40_41xxx.o(.text)
    DMA1_Stream0_IRQHandler                  0x080005d3   Thumb Code     0  startup_stm32f40_41xxx.o(.text)
    DMA1_Stream1_IRQHandler                  0x080005d3   Thumb Code     0  startup_stm32f40_41xxx.o(.text)
    DMA1_Stream2_IRQHandler                  0x080005d3   Thumb Code     0  startup_stm32f40_41xxx.o(.text)
    DMA1_Stream3_IRQHandler                  0x080005d3   Thumb Code     0  startup_stm32f40_41xxx.o(.text)
    DMA1_Stream4_IRQHandler                  0x080005d3   Thumb Code     0  startup_stm32f40_41xxx.o(.text)
    DMA1_Stream5_IRQHandler                  0x080005d3   Thumb Code     0  startup_stm32f40_41xxx.o(.text)
    DMA1_Stream6_IRQHandler                  0x080005d3   Thumb Code     0  startup_stm32f40_41xxx.o(.text)
    DMA1_Stream7_IRQHandler                  0x080005d3   Thumb Code     0  startup_stm32f40_41xxx.o(.text)
    DMA2_Stream0_IRQHandler                  0x080005d3   Thumb Code     0  startup_stm32f40_41xxx.o(.text)
    DMA2_Stream1_IRQHandler                  0x080005d3   Thumb Code     0  startup_stm32f40_41xxx.o(.text)
    DMA2_Stream2_IRQHandler                  0x080005d3   Thumb Code     0  startup_stm32f40_41xxx.o(.text)
    DMA2_Stream3_IRQHandler                  0x080005d3   Thumb Code     0  startup_stm32f40_41xxx.o(.text)
    DMA2_Stream4_IRQHandler                  0x080005d3   Thumb Code     0  startup_stm32f40_41xxx.o(.text)
    DMA2_Stream5_IRQHandler                  0x080005d3   Thumb Code     0  startup_stm32f40_41xxx.o(.text)
    DMA2_Stream6_IRQHandler                  0x080005d3   Thumb Code     0  startup_stm32f40_41xxx.o(.text)
    DMA2_Stream7_IRQHandler                  0x080005d3   Thumb Code     0  startup_stm32f40_41xxx.o(.text)
    ETH_IRQHandler                           0x080005d3   Thumb Code     0  startup_stm32f40_41xxx.o(.text)
    ETH_WKUP_IRQHandler                      0x080005d3   Thumb Code     0  startup_stm32f40_41xxx.o(.text)
    EXTI0_IRQHandler                         0x080005d3   Thumb Code     0  startup_stm32f40_41xxx.o(.text)
    EXTI15_10_IRQHandler                     0x080005d3   Thumb Code     0  startup_stm32f40_41xxx.o(.text)
    EXTI1_IRQHandler                         0x080005d3   Thumb Code     0  startup_stm32f40_41xxx.o(.text)
    EXTI2_IRQHandler                         0x080005d3   Thumb Code     0  startup_stm32f40_41xxx.o(.text)
    EXTI3_IRQHandler                         0x080005d3   Thumb Code     0  startup_stm32f40_41xxx.o(.text)
    EXTI4_IRQHandler                         0x080005d3   Thumb Code     0  startup_stm32f40_41xxx.o(.text)
    EXTI9_5_IRQHandler                       0x080005d3   Thumb Code     0  startup_stm32f40_41xxx.o(.text)
    FLASH_IRQHandler                         0x080005d3   Thumb Code     0  startup_stm32f40_41xxx.o(.text)
    FPU_IRQHandler                           0x080005d3   Thumb Code     0  startup_stm32f40_41xxx.o(.text)
    FSMC_IRQHandler                          0x080005d3   Thumb Code     0  startup_stm32f40_41xxx.o(.text)
    HASH_RNG_IRQHandler                      0x080005d3   Thumb Code     0  startup_stm32f40_41xxx.o(.text)
    I2C1_ER_IRQHandler                       0x080005d3   Thumb Code     0  startup_stm32f40_41xxx.o(.text)
    I2C1_EV_IRQHandler                       0x080005d3   Thumb Code     0  startup_stm32f40_41xxx.o(.text)
    I2C2_ER_IRQHandler                       0x080005d3   Thumb Code     0  startup_stm32f40_41xxx.o(.text)
    I2C2_EV_IRQHandler                       0x080005d3   Thumb Code     0  startup_stm32f40_41xxx.o(.text)
    I2C3_ER_IRQHandler                       0x080005d3   Thumb Code     0  startup_stm32f40_41xxx.o(.text)
    I2C3_EV_IRQHandler                       0x080005d3   Thumb Code     0  startup_stm32f40_41xxx.o(.text)
    OTG_FS_IRQHandler                        0x080005d3   Thumb Code     0  startup_stm32f40_41xxx.o(.text)
    OTG_FS_WKUP_IRQHandler                   0x080005d3   Thumb Code     0  startup_stm32f40_41xxx.o(.text)
    OTG_HS_EP1_IN_IRQHandler                 0x080005d3   Thumb Code     0  startup_stm32f40_41xxx.o(.text)
    OTG_HS_EP1_OUT_IRQHandler                0x080005d3   Thumb Code     0  startup_stm32f40_41xxx.o(.text)
    OTG_HS_IRQHandler                        0x080005d3   Thumb Code     0  startup_stm32f40_41xxx.o(.text)
    OTG_HS_WKUP_IRQHandler                   0x080005d3   Thumb Code     0  startup_stm32f40_41xxx.o(.text)
    PVD_IRQHandler                           0x080005d3   Thumb Code     0  startup_stm32f40_41xxx.o(.text)
    RCC_IRQHandler                           0x080005d3   Thumb Code     0  startup_stm32f40_41xxx.o(.text)
    RTC_Alarm_IRQHandler                     0x080005d3   Thumb Code     0  startup_stm32f40_41xxx.o(.text)
    RTC_WKUP_IRQHandler                      0x080005d3   Thumb Code     0  startup_stm32f40_41xxx.o(.text)
    SDIO_IRQHandler                          0x080005d3   Thumb Code     0  startup_stm32f40_41xxx.o(.text)
    SPI1_IRQHandler                          0x080005d3   Thumb Code     0  startup_stm32f40_41xxx.o(.text)
    SPI2_IRQHandler                          0x080005d3   Thumb Code     0  startup_stm32f40_41xxx.o(.text)
    SPI3_IRQHandler                          0x080005d3   Thumb Code     0  startup_stm32f40_41xxx.o(.text)
    TAMP_STAMP_IRQHandler                    0x080005d3   Thumb Code     0  startup_stm32f40_41xxx.o(.text)
    TIM1_BRK_TIM9_IRQHandler                 0x080005d3   Thumb Code     0  startup_stm32f40_41xxx.o(.text)
    TIM1_CC_IRQHandler                       0x080005d3   Thumb Code     0  startup_stm32f40_41xxx.o(.text)
    TIM1_TRG_COM_TIM11_IRQHandler            0x080005d3   Thumb Code     0  startup_stm32f40_41xxx.o(.text)
    TIM1_UP_TIM10_IRQHandler                 0x080005d3   Thumb Code     0  startup_stm32f40_41xxx.o(.text)
    TIM2_IRQHandler                          0x080005d3   Thumb Code     0  startup_stm32f40_41xxx.o(.text)
    TIM3_IRQHandler                          0x080005d3   Thumb Code     0  startup_stm32f40_41xxx.o(.text)
    TIM4_IRQHandler                          0x080005d3   Thumb Code     0  startup_stm32f40_41xxx.o(.text)
    TIM5_IRQHandler                          0x080005d3   Thumb Code     0  startup_stm32f40_41xxx.o(.text)
    TIM6_DAC_IRQHandler                      0x080005d3   Thumb Code     0  startup_stm32f40_41xxx.o(.text)
    TIM7_IRQHandler                          0x080005d3   Thumb Code     0  startup_stm32f40_41xxx.o(.text)
    TIM8_BRK_TIM12_IRQHandler                0x080005d3   Thumb Code     0  startup_stm32f40_41xxx.o(.text)
    TIM8_CC_IRQHandler                       0x080005d3   Thumb Code     0  startup_stm32f40_41xxx.o(.text)
    TIM8_TRG_COM_TIM14_IRQHandler            0x080005d3   Thumb Code     0  startup_stm32f40_41xxx.o(.text)
    TIM8_UP_TIM13_IRQHandler                 0x080005d3   Thumb Code     0  startup_stm32f40_41xxx.o(.text)
    UART4_IRQHandler                         0x080005d3   Thumb Code     0  startup_stm32f40_41xxx.o(.text)
    UART5_IRQHandler                         0x080005d3   Thumb Code     0  startup_stm32f40_41xxx.o(.text)
    USART2_IRQHandler                        0x080005d3   Thumb Code     0  startup_stm32f40_41xxx.o(.text)
    USART3_IRQHandler                        0x080005d3   Thumb Code     0  startup_stm32f40_41xxx.o(.text)
    USART6_IRQHandler                        0x080005d3   Thumb Code     0  startup_stm32f40_41xxx.o(.text)
    WWDG_IRQHandler                          0x080005d3   Thumb Code     0  startup_stm32f40_41xxx.o(.text)
    __user_initial_stackheap                 0x080005d5   Thumb Code     0  startup_stm32f40_41xxx.o(.text)
    NVIC_PriorityGroupConfig                 0x080005f9   Thumb Code    10  misc.o(.text)
    NVIC_Init                                0x08000603   Thumb Code   106  misc.o(.text)
    NVIC_SetVectorTable                      0x0800066d   Thumb Code    14  misc.o(.text)
    NVIC_SystemLPConfig                      0x0800067b   Thumb Code    34  misc.o(.text)
    SysTick_CLKSourceConfig                  0x0800069d   Thumb Code    40  misc.o(.text)
    ADC_DeInit                               0x080006d9   Thumb Code    22  stm32f4xx_adc.o(.text)
    ADC_Init                                 0x080006ef   Thumb Code    74  stm32f4xx_adc.o(.text)
    ADC_StructInit                           0x08000739   Thumb Code    20  stm32f4xx_adc.o(.text)
    ADC_CommonInit                           0x0800074d   Thumb Code    34  stm32f4xx_adc.o(.text)
    ADC_CommonStructInit                     0x0800076f   Thumb Code    12  stm32f4xx_adc.o(.text)
    ADC_Cmd                                  0x0800077b   Thumb Code    22  stm32f4xx_adc.o(.text)
    ADC_AnalogWatchdogCmd                    0x08000791   Thumb Code    16  stm32f4xx_adc.o(.text)
    ADC_AnalogWatchdogThresholdsConfig       0x080007a1   Thumb Code     6  stm32f4xx_adc.o(.text)
    ADC_AnalogWatchdogSingleChannelConfig    0x080007a7   Thumb Code    16  stm32f4xx_adc.o(.text)
    ADC_TempSensorVrefintCmd                 0x080007b7   Thumb Code    34  stm32f4xx_adc.o(.text)
    ADC_VBATCmd                              0x080007d9   Thumb Code    34  stm32f4xx_adc.o(.text)
    ADC_RegularChannelConfig                 0x080007fb   Thumb Code   184  stm32f4xx_adc.o(.text)
    ADC_SoftwareStartConv                    0x080008b3   Thumb Code    10  stm32f4xx_adc.o(.text)
    ADC_GetSoftwareStartConvStatus           0x080008bd   Thumb Code    20  stm32f4xx_adc.o(.text)
    ADC_EOCOnEachRegularChannelCmd           0x080008d1   Thumb Code    22  stm32f4xx_adc.o(.text)
    ADC_ContinuousModeCmd                    0x080008e7   Thumb Code    22  stm32f4xx_adc.o(.text)
    ADC_DiscModeChannelCountConfig           0x080008fd   Thumb Code    24  stm32f4xx_adc.o(.text)
    ADC_DiscModeCmd                          0x08000915   Thumb Code    22  stm32f4xx_adc.o(.text)
    ADC_GetConversionValue                   0x0800092b   Thumb Code     8  stm32f4xx_adc.o(.text)
    ADC_GetMultiModeConversionValue          0x08000933   Thumb Code     8  stm32f4xx_adc.o(.text)
    ADC_DMACmd                               0x0800093b   Thumb Code    22  stm32f4xx_adc.o(.text)
    ADC_DMARequestAfterLastTransferCmd       0x08000951   Thumb Code    22  stm32f4xx_adc.o(.text)
    ADC_MultiModeDMARequestAfterLastTransferCmd 0x08000967   Thumb Code    34  stm32f4xx_adc.o(.text)
    ADC_InjectedChannelConfig                0x08000989   Thumb Code   130  stm32f4xx_adc.o(.text)
    ADC_InjectedSequencerLengthConfig        0x08000a0b   Thumb Code    24  stm32f4xx_adc.o(.text)
    ADC_SetInjectedOffset                    0x08000a23   Thumb Code    20  stm32f4xx_adc.o(.text)
    ADC_ExternalTrigInjectedConvConfig       0x08000a37   Thumb Code    16  stm32f4xx_adc.o(.text)
    ADC_ExternalTrigInjectedConvEdgeConfig   0x08000a47   Thumb Code    16  stm32f4xx_adc.o(.text)
    ADC_SoftwareStartInjectedConv            0x08000a57   Thumb Code    10  stm32f4xx_adc.o(.text)
    ADC_GetSoftwareStartInjectedConvCmdStatus 0x08000a61   Thumb Code    20  stm32f4xx_adc.o(.text)
    ADC_AutoInjectedConvCmd                  0x08000a75   Thumb Code    22  stm32f4xx_adc.o(.text)
    ADC_InjectedDiscModeCmd                  0x08000a8b   Thumb Code    22  stm32f4xx_adc.o(.text)
    ADC_GetInjectedConversionValue           0x08000aa1   Thumb Code    28  stm32f4xx_adc.o(.text)
    ADC_ITConfig                             0x08000abd   Thumb Code    56  stm32f4xx_adc.o(.text)
    ADC_GetFlagStatus                        0x08000af5   Thumb Code    18  stm32f4xx_adc.o(.text)
    ADC_ClearFlag                            0x08000b07   Thumb Code     6  stm32f4xx_adc.o(.text)
    ADC_GetITStatus                          0x08000b0d   Thumb Code    38  stm32f4xx_adc.o(.text)
    ADC_ClearITPendingBit                    0x08000b33   Thumb Code    10  stm32f4xx_adc.o(.text)
    FSMC_NORSRAMDeInit                       0x08000b3d   Thumb Code    54  stm32f4xx_fsmc.o(.text)
    FSMC_NORSRAMInit                         0x08000b73   Thumb Code   230  stm32f4xx_fsmc.o(.text)
    FSMC_NORSRAMStructInit                   0x08000c59   Thumb Code    48  stm32f4xx_fsmc.o(.text)
    FSMC_NORSRAMCmd                          0x08000c89   Thumb Code    46  stm32f4xx_fsmc.o(.text)
    FSMC_NANDDeInit                          0x08000cb7   Thumb Code    62  stm32f4xx_fsmc.o(.text)
    FSMC_NANDInit                            0x08000cf5   Thumb Code   132  stm32f4xx_fsmc.o(.text)
    FSMC_NANDStructInit                      0x08000d79   Thumb Code    54  stm32f4xx_fsmc.o(.text)
    FSMC_NANDCmd                             0x08000daf   Thumb Code    86  stm32f4xx_fsmc.o(.text)
    FSMC_NANDECCCmd                          0x08000e05   Thumb Code    86  stm32f4xx_fsmc.o(.text)
    FSMC_GetECC                              0x08000e5b   Thumb Code    24  stm32f4xx_fsmc.o(.text)
    FSMC_PCCARDDeInit                        0x08000e73   Thumb Code    36  stm32f4xx_fsmc.o(.text)
    FSMC_PCCARDInit                          0x08000e97   Thumb Code   130  stm32f4xx_fsmc.o(.text)
    FSMC_PCCARDStructInit                    0x08000f19   Thumb Code    60  stm32f4xx_fsmc.o(.text)
    FSMC_PCCARDCmd                           0x08000f55   Thumb Code    44  stm32f4xx_fsmc.o(.text)
    FSMC_ITConfig                            0x08000f81   Thumb Code   128  stm32f4xx_fsmc.o(.text)
    FSMC_GetFlagStatus                       0x08001001   Thumb Code    54  stm32f4xx_fsmc.o(.text)
    FSMC_ClearFlag                           0x08001037   Thumb Code    74  stm32f4xx_fsmc.o(.text)
    FSMC_GetITStatus                         0x08001081   Thumb Code    62  stm32f4xx_fsmc.o(.text)
    FSMC_ClearITPendingBit                   0x080010bf   Thumb Code    66  stm32f4xx_fsmc.o(.text)
    GPIO_DeInit                              0x08001105   Thumb Code   268  stm32f4xx_gpio.o(.text)
    GPIO_Init                                0x08001211   Thumb Code   144  stm32f4xx_gpio.o(.text)
    GPIO_StructInit                          0x080012a1   Thumb Code    18  stm32f4xx_gpio.o(.text)
    GPIO_PinLockConfig                       0x080012b3   Thumb Code    34  stm32f4xx_gpio.o(.text)
    GPIO_ReadInputDataBit                    0x080012d5   Thumb Code    18  stm32f4xx_gpio.o(.text)
    GPIO_ReadInputData                       0x080012e7   Thumb Code     8  stm32f4xx_gpio.o(.text)
    GPIO_ReadOutputDataBit                   0x080012ef   Thumb Code    18  stm32f4xx_gpio.o(.text)
    GPIO_ReadOutputData                      0x08001301   Thumb Code     8  stm32f4xx_gpio.o(.text)
    GPIO_SetBits                             0x08001309   Thumb Code     4  stm32f4xx_gpio.o(.text)
    GPIO_ResetBits                           0x0800130d   Thumb Code     4  stm32f4xx_gpio.o(.text)
    GPIO_WriteBit                            0x08001311   Thumb Code    10  stm32f4xx_gpio.o(.text)
    GPIO_Write                               0x0800131b   Thumb Code     4  stm32f4xx_gpio.o(.text)
    GPIO_ToggleBits                          0x0800131f   Thumb Code     8  stm32f4xx_gpio.o(.text)
    GPIO_PinAFConfig                         0x08001327   Thumb Code    70  stm32f4xx_gpio.o(.text)
    RCC_DeInit                               0x08001399   Thumb Code    82  stm32f4xx_rcc.o(.text)
    RCC_HSEConfig                            0x080013eb   Thumb Code    14  stm32f4xx_rcc.o(.text)
    RCC_GetFlagStatus                        0x080013f9   Thumb Code    60  stm32f4xx_rcc.o(.text)
    RCC_WaitForHSEStartUp                    0x08001435   Thumb Code    56  stm32f4xx_rcc.o(.text)
    RCC_AdjustHSICalibrationValue            0x0800146d   Thumb Code    20  stm32f4xx_rcc.o(.text)
    RCC_HSICmd                               0x08001481   Thumb Code     6  stm32f4xx_rcc.o(.text)
    RCC_LSEConfig                            0x08001487   Thumb Code    46  stm32f4xx_rcc.o(.text)
    RCC_LSICmd                               0x080014b5   Thumb Code     6  stm32f4xx_rcc.o(.text)
    RCC_PLLConfig                            0x080014bb   Thumb Code    32  stm32f4xx_rcc.o(.text)
    RCC_PLLCmd                               0x080014db   Thumb Code     6  stm32f4xx_rcc.o(.text)
    RCC_PLLI2SConfig                         0x080014e1   Thumb Code    14  stm32f4xx_rcc.o(.text)
    RCC_PLLI2SCmd                            0x080014ef   Thumb Code     6  stm32f4xx_rcc.o(.text)
    RCC_PLLSAIConfig                         0x080014f5   Thumb Code    20  stm32f4xx_rcc.o(.text)
    RCC_PLLSAICmd                            0x08001509   Thumb Code     6  stm32f4xx_rcc.o(.text)
    RCC_ClockSecuritySystemCmd               0x0800150f   Thumb Code     6  stm32f4xx_rcc.o(.text)
    RCC_MCO1Config                           0x08001515   Thumb Code    28  stm32f4xx_rcc.o(.text)
    RCC_MCO2Config                           0x08001531   Thumb Code    28  stm32f4xx_rcc.o(.text)
    RCC_SYSCLKConfig                         0x0800154d   Thumb Code    20  stm32f4xx_rcc.o(.text)
    RCC_GetSYSCLKSource                      0x08001561   Thumb Code    12  stm32f4xx_rcc.o(.text)
    RCC_HCLKConfig                           0x0800156d   Thumb Code    20  stm32f4xx_rcc.o(.text)
    RCC_PCLK1Config                          0x08001581   Thumb Code    20  stm32f4xx_rcc.o(.text)
    RCC_PCLK2Config                          0x08001595   Thumb Code    22  stm32f4xx_rcc.o(.text)
    RCC_GetClocksFreq                        0x080015ab   Thumb Code   222  stm32f4xx_rcc.o(.text)
    RCC_RTCCLKConfig                         0x08001689   Thumb Code    54  stm32f4xx_rcc.o(.text)
    RCC_RTCCLKCmd                            0x080016bf   Thumb Code     8  stm32f4xx_rcc.o(.text)
    RCC_BackupResetCmd                       0x080016c7   Thumb Code     8  stm32f4xx_rcc.o(.text)
    RCC_I2SCLKConfig                         0x080016cf   Thumb Code     6  stm32f4xx_rcc.o(.text)
    RCC_SAIPLLI2SClkDivConfig                0x080016d5   Thumb Code    26  stm32f4xx_rcc.o(.text)
    RCC_SAIPLLSAIClkDivConfig                0x080016ef   Thumb Code    28  stm32f4xx_rcc.o(.text)
    RCC_SAIBlockACLKConfig                   0x0800170b   Thumb Code    20  stm32f4xx_rcc.o(.text)
    RCC_SAIBlockBCLKConfig                   0x0800171f   Thumb Code    20  stm32f4xx_rcc.o(.text)
    RCC_LTDCCLKDivConfig                     0x08001733   Thumb Code    20  stm32f4xx_rcc.o(.text)
    RCC_TIMCLKPresConfig                     0x08001747   Thumb Code     6  stm32f4xx_rcc.o(.text)
    RCC_AHB1PeriphClockCmd                   0x0800174d   Thumb Code    34  stm32f4xx_rcc.o(.text)
    RCC_AHB2PeriphClockCmd                   0x0800176f   Thumb Code    78  stm32f4xx_rcc.o(.text)
    RCC_AHB3PeriphClockCmd                   0x080017bd   Thumb Code    34  stm32f4xx_rcc.o(.text)
    RCC_APB1PeriphClockCmd                   0x080017df   Thumb Code    34  stm32f4xx_rcc.o(.text)
    RCC_APB2PeriphClockCmd                   0x08001801   Thumb Code    34  stm32f4xx_rcc.o(.text)
    RCC_AHB1PeriphResetCmd                   0x08001823   Thumb Code    34  stm32f4xx_rcc.o(.text)
    RCC_AHB2PeriphResetCmd                   0x08001845   Thumb Code    34  stm32f4xx_rcc.o(.text)
    RCC_AHB3PeriphResetCmd                   0x08001867   Thumb Code    34  stm32f4xx_rcc.o(.text)
    RCC_APB1PeriphResetCmd                   0x08001889   Thumb Code    34  stm32f4xx_rcc.o(.text)
    RCC_APB2PeriphResetCmd                   0x080018ab   Thumb Code    34  stm32f4xx_rcc.o(.text)
    RCC_AHB1PeriphClockLPModeCmd             0x080018cd   Thumb Code    34  stm32f4xx_rcc.o(.text)
    RCC_AHB2PeriphClockLPModeCmd             0x080018ef   Thumb Code    34  stm32f4xx_rcc.o(.text)
    RCC_AHB3PeriphClockLPModeCmd             0x08001911   Thumb Code    34  stm32f4xx_rcc.o(.text)
    RCC_APB1PeriphClockLPModeCmd             0x08001933   Thumb Code    34  stm32f4xx_rcc.o(.text)
    RCC_APB2PeriphClockLPModeCmd             0x08001955   Thumb Code    34  stm32f4xx_rcc.o(.text)
    RCC_LSEModeConfig                        0x08001977   Thumb Code    40  stm32f4xx_rcc.o(.text)
    RCC_ITConfig                             0x0800199f   Thumb Code    34  stm32f4xx_rcc.o(.text)
    RCC_ClearFlag                            0x080019c1   Thumb Code    18  stm32f4xx_rcc.o(.text)
    RCC_GetITStatus                          0x080019d3   Thumb Code    22  stm32f4xx_rcc.o(.text)
    RCC_ClearITPendingBit                    0x080019e9   Thumb Code     8  stm32f4xx_rcc.o(.text)
    USART_DeInit                             0x080019f5   Thumb Code   206  stm32f4xx_usart.o(.text)
    USART_Init                               0x08001ac3   Thumb Code   204  stm32f4xx_usart.o(.text)
    USART_StructInit                         0x08001b8f   Thumb Code    24  stm32f4xx_usart.o(.text)
    USART_ClockInit                          0x08001ba7   Thumb Code    32  stm32f4xx_usart.o(.text)
    USART_ClockStructInit                    0x08001bc7   Thumb Code    12  stm32f4xx_usart.o(.text)
    USART_Cmd                                0x08001bd3   Thumb Code    24  stm32f4xx_usart.o(.text)
    USART_SetPrescaler                       0x08001beb   Thumb Code    16  stm32f4xx_usart.o(.text)
    USART_OverSampling8Cmd                   0x08001bfb   Thumb Code    22  stm32f4xx_usart.o(.text)
    USART_OneBitMethodCmd                    0x08001c11   Thumb Code    24  stm32f4xx_usart.o(.text)
    USART_SendData                           0x08001c29   Thumb Code     8  stm32f4xx_usart.o(.text)
    USART_ReceiveData                        0x08001c31   Thumb Code    10  stm32f4xx_usart.o(.text)
    USART_SetAddress                         0x08001c3b   Thumb Code    18  stm32f4xx_usart.o(.text)
    USART_ReceiverWakeUpCmd                  0x08001c4d   Thumb Code    24  stm32f4xx_usart.o(.text)
    USART_WakeUpConfig                       0x08001c65   Thumb Code    18  stm32f4xx_usart.o(.text)
    USART_LINBreakDetectLengthConfig         0x08001c77   Thumb Code    18  stm32f4xx_usart.o(.text)
    USART_LINCmd                             0x08001c89   Thumb Code    24  stm32f4xx_usart.o(.text)
    USART_SendBreak                          0x08001ca1   Thumb Code    10  stm32f4xx_usart.o(.text)
    USART_HalfDuplexCmd                      0x08001cab   Thumb Code    24  stm32f4xx_usart.o(.text)
    USART_SetGuardTime                       0x08001cc3   Thumb Code    16  stm32f4xx_usart.o(.text)
    USART_SmartCardCmd                       0x08001cd3   Thumb Code    24  stm32f4xx_usart.o(.text)
    USART_SmartCardNACKCmd                   0x08001ceb   Thumb Code    24  stm32f4xx_usart.o(.text)
    USART_IrDAConfig                         0x08001d03   Thumb Code    18  stm32f4xx_usart.o(.text)
    USART_IrDACmd                            0x08001d15   Thumb Code    24  stm32f4xx_usart.o(.text)
    USART_DMACmd                             0x08001d2d   Thumb Code    18  stm32f4xx_usart.o(.text)
    USART_ITConfig                           0x08001d3f   Thumb Code    74  stm32f4xx_usart.o(.text)
    USART_GetFlagStatus                      0x08001d89   Thumb Code    26  stm32f4xx_usart.o(.text)
    USART_ClearFlag                          0x08001da3   Thumb Code    18  stm32f4xx_usart.o(.text)
    USART_GetITStatus                        0x08001db5   Thumb Code   118  stm32f4xx_usart.o(.text)
    USART_ClearITPendingBit                  0x08001e2b   Thumb Code    30  stm32f4xx_usart.o(.text)
    delay_init                               0x08001e49   Thumb Code    52  delay.o(.text)
    delay_us                                 0x08001e7d   Thumb Code    72  delay.o(.text)
    delay_xms                                0x08001ec5   Thumb Code    72  delay.o(.text)
    delay_ms                                 0x08001f0d   Thumb Code    56  delay.o(.text)
    _sys_exit                                0x08001f4d   Thumb Code     4  usart.o(.text)
    fputc                                    0x08001f51   Thumb Code    22  usart.o(.text)
    uart_init                                0x08001f67   Thumb Code   164  usart.o(.text)
    USART1_IRQHandler                        0x0800200b   Thumb Code   122  usart.o(.text)
    LCD_WR_REG                               0x08002095   Thumb Code    18  lcd.o(.text)
    LCD_WR_DATA                              0x080020a7   Thumb Code    20  lcd.o(.text)
    LCD_RD_DATA                              0x080020bb   Thumb Code    16  lcd.o(.text)
    LCD_WriteReg                             0x080020cb   Thumb Code    14  lcd.o(.text)
    LCD_ReadReg                              0x080020d9   Thumb Code    22  lcd.o(.text)
    LCD_WriteRAM_Prepare                     0x080020ef   Thumb Code    10  lcd.o(.text)
    LCD_WriteRAM                             0x080020f9   Thumb Code     8  lcd.o(.text)
    LCD_BGR2RGB                              0x08002101   Thumb Code    26  lcd.o(.text)
    opt_delay                                0x0800211b   Thumb Code    14  lcd.o(.text)
    LCD_SetCursor                            0x08002129   Thumb Code   418  lcd.o(.text)
    LCD_ReadPoint                            0x080022cb   Thumb Code   360  lcd.o(.text)
    LCD_DisplayOn                            0x08002433   Thumb Code   102  lcd.o(.text)
    LCD_DisplayOff                           0x08002499   Thumb Code    90  lcd.o(.text)
    LCD_Scan_Dir                             0x080024f3   Thumb Code   744  lcd.o(.text)
    LCD_DrawPoint                            0x080027db   Thumb Code    28  lcd.o(.text)
    LCD_Fast_DrawPoint                       0x080027f7   Thumb Code   388  lcd.o(.text)
    LCD_SSD_BackLightSet                     0x0800297b   Thumb Code    88  lcd.o(.text)
    LCD_Display_Dir                          0x080029d3   Thumb Code   444  lcd.o(.text)
    LCD_Set_Window                           0x08002b8f   Thumb Code   546  lcd.o(.text)
    LCD_Clear                                0x08002db1   Thumb Code   100  lcd.o(.text)
    LCD_Init                                 0x08002e15   Thumb Code 14692  lcd.o(.text)
    LCD_Fill                                 0x08006779   Thumb Code   180  lcd.o(.text)
    LCD_Color_Fill                           0x0800682d   Thumb Code   100  lcd.o(.text)
    LCD_DrawLine                             0x08006891   Thumb Code   176  lcd.o(.text)
    LCD_DrawRectangle                        0x08006941   Thumb Code    60  lcd.o(.text)
    LCD_Draw_Circle                          0x0800697d   Thumb Code   152  lcd.o(.text)
    LCD_ShowChar                             0x08006a15   Thumb Code   272  lcd.o(.text)
    LCD_Pow                                  0x08006b25   Thumb Code    22  lcd.o(.text)
    LCD_ShowNum                              0x08006b3b   Thumb Code   148  lcd.o(.text)
    LCD_ShowxNum                             0x08006bcf   Thumb Code   220  lcd.o(.text)
    LCD_ShowString                           0x08006cab   Thumb Code   102  lcd.o(.text)
    Adc_Init                                 0x08006d11   Thumb Code   124  adc.o(.text)
    Get_Adc                                  0x08006d8d   Thumb Code    44  adc.o(.text)
    Get_Adc_Average                          0x08006db9   Thumb Code    46  adc.o(.text)
    InitTask                                 0x08006df1   Thumb Code    40  task.o(.text)
    ADCTestTask                              0x08006e19   Thumb Code   208  task.o(.text)
    FFTTask                                  0x08006ee9   Thumb Code  1856  task.o(.text)
    LCDTask                                  0x08007629   Thumb Code   292  task.o(.text)
    arm_cmplx_mag_f32                        0x08007759   Thumb Code   236  arm_cmplx_mag_f32.o(.text)
    arm_radix4_butterfly_f32                 0x08007849   Thumb Code   800  arm_cfft_radix4_f32.o(.text)
    arm_radix4_butterfly_inverse_f32         0x08007b69   Thumb Code   836  arm_cfft_radix4_f32.o(.text)
    arm_cfft_radix4_f32                      0x08007ead   Thumb Code    60  arm_cfft_radix4_f32.o(.text)
    arm_cfft_radix4_init_f32                 0x08007ee9   Thumb Code   146  arm_cfft_radix4_init_f32.o(.text)
    arm_bitreversal_f32                      0x08007fa9   Thumb Code   178  arm_bitreversal.o(.text)
    arm_bitreversal_q31                      0x0800805b   Thumb Code   180  arm_bitreversal.o(.text)
    arm_bitreversal_q15                      0x0800810f   Thumb Code   128  arm_bitreversal.o(.text)
    __use_no_semihosting                     0x0800818f   Thumb Code     2  use_no_semi_2.o(.text)
    __2printf                                0x08008191   Thumb Code    20  noretval__2printf.o(.text)
    __printf                                 0x080081a9   Thumb Code   104  __printf.o(.text)
    _printf_int_hex                          0x08008211   Thumb Code    84  _printf_hex_int.o(.text)
    _printf_longlong_hex                     0x08008211   Thumb Code     0  _printf_hex_int.o(.text)
    __use_two_region_memory                  0x08008269   Thumb Code     2  heapauxi.o(.text)
    __rt_heap_escrow$2region                 0x0800826b   Thumb Code     2  heapauxi.o(.text)
    __rt_heap_expand$2region                 0x0800826d   Thumb Code     2  heapauxi.o(.text)
    __I$use$semihosting                      0x0800826f   Thumb Code     0  use_no_semi.o(.text)
    __use_no_semihosting_swi                 0x0800826f   Thumb Code     2  use_no_semi.o(.text)
    __read_errno                             0x08008271   Thumb Code    10  _rserrno.o(.text)
    __set_errno                              0x0800827b   Thumb Code    12  _rserrno.o(.text)
    _printf_int_common                       0x08008287   Thumb Code   178  _printf_intcommon.o(.text)
    _printf_char_file                        0x08008339   Thumb Code    32  _printf_char_file.o(.text)
    __aeabi_errno_addr                       0x0800835d   Thumb Code     8  rt_errno_addr_intlibspace.o(.text)
    __errno$intlibspace                      0x0800835d   Thumb Code     0  rt_errno_addr_intlibspace.o(.text)
    __rt_errno_addr$intlibspace              0x0800835d   Thumb Code     0  rt_errno_addr_intlibspace.o(.text)
    _printf_char_common                      0x0800836f   Thumb Code    32  _printf_char_common.o(.text)
    ferror                                   0x08008395   Thumb Code     8  ferror.o(.text)
    __user_libspace                          0x0800839d   Thumb Code     8  libspace.o(.text)
    __user_perproc_libspace                  0x0800839d   Thumb Code     0  libspace.o(.text)
    __user_perthread_libspace                0x0800839d   Thumb Code     0  libspace.o(.text)
    __user_setup_stackheap                   0x080083a5   Thumb Code    74  sys_stackheap_outer.o(.text)
    exit                                     0x080083ef   Thumb Code    18  exit.o(.text)
    __ARM_fpclassify                         0x08008401   Thumb Code    48  fpclassify.o(i.__ARM_fpclassify)
    __hardfp_cos                             0x08008431   Thumb Code   180  cos.o(i.__hardfp_cos)
    __ieee754_rem_pio2                       0x080084f9   Thumb Code   938  rred.o(i.__ieee754_rem_pio2)
    __kernel_cos                             0x08008931   Thumb Code   322  cos_i.o(i.__kernel_cos)
    __kernel_poly                            0x08008aa1   Thumb Code   248  poly.o(i.__kernel_poly)
    __kernel_sin                             0x08008b99   Thumb Code   280  sin_i.o(i.__kernel_sin)
    __mathlib_dbl_infnan                     0x08008cc9   Thumb Code    20  dunder.o(i.__mathlib_dbl_infnan)
    __mathlib_dbl_invalid                    0x08008ce1   Thumb Code    24  dunder.o(i.__mathlib_dbl_invalid)
    __mathlib_dbl_underflow                  0x08008d01   Thumb Code    24  dunder.o(i.__mathlib_dbl_underflow)
    fabs                                     0x08008d21   Thumb Code    24  fabs.o(i.fabs)
    __aeabi_dneg                             0x08008d39   Thumb Code     0  basic.o(x$fpl$basic)
    _dneg                                    0x08008d39   Thumb Code     6  basic.o(x$fpl$basic)
    __aeabi_fneg                             0x08008d3f   Thumb Code     0  basic.o(x$fpl$basic)
    _fneg                                    0x08008d3f   Thumb Code     6  basic.o(x$fpl$basic)
    _dabs                                    0x08008d45   Thumb Code     6  basic.o(x$fpl$basic)
    _fabs                                    0x08008d4b   Thumb Code     6  basic.o(x$fpl$basic)
    __aeabi_d2f                              0x08008d51   Thumb Code     0  d2f.o(x$fpl$d2f)
    _d2f                                     0x08008d51   Thumb Code    98  d2f.o(x$fpl$d2f)
    __aeabi_dadd                             0x08008db5   Thumb Code     0  daddsub_clz.o(x$fpl$dadd)
    _dadd                                    0x08008db5   Thumb Code   332  daddsub_clz.o(x$fpl$dadd)
    __fpl_dcmp_Inf                           0x08008f05   Thumb Code    24  dcmpi.o(x$fpl$dcmpinf)
    __aeabi_ddiv                             0x08008f1d   Thumb Code     0  ddiv.o(x$fpl$ddiv)
    _ddiv                                    0x08008f1d   Thumb Code   552  ddiv.o(x$fpl$ddiv)
    __aeabi_d2iz                             0x080091cd   Thumb Code     0  dfix.o(x$fpl$dfix)
    _dfix                                    0x080091cd   Thumb Code    94  dfix.o(x$fpl$dfix)
    __aeabi_d2uiz                            0x0800922d   Thumb Code     0  dfixu.o(x$fpl$dfixu)
    _dfixu                                   0x0800922d   Thumb Code    90  dfixu.o(x$fpl$dfixu)
    __aeabi_i2d                              0x08009287   Thumb Code     0  dflt_clz.o(x$fpl$dflt)
    _dflt                                    0x08009287   Thumb Code    46  dflt_clz.o(x$fpl$dflt)
    __aeabi_ui2d                             0x080092b5   Thumb Code     0  dflt_clz.o(x$fpl$dfltu)
    _dfltu                                   0x080092b5   Thumb Code    38  dflt_clz.o(x$fpl$dfltu)
    __aeabi_cdcmple                          0x080092dd   Thumb Code     0  dleqf.o(x$fpl$dleqf)
    _dcmple                                  0x080092dd   Thumb Code   120  dleqf.o(x$fpl$dleqf)
    __fpl_dcmple_InfNaN                      0x0800933f   Thumb Code     0  dleqf.o(x$fpl$dleqf)
    __aeabi_dmul                             0x08009355   Thumb Code     0  dmul.o(x$fpl$dmul)
    _dmul                                    0x08009355   Thumb Code   332  dmul.o(x$fpl$dmul)
    __fpl_dnaninf                            0x080094a9   Thumb Code   156  dnaninf.o(x$fpl$dnaninf)
    __fpl_dretinf                            0x08009545   Thumb Code    12  dretinf.o(x$fpl$dretinf)
    __aeabi_cdrcmple                         0x08009551   Thumb Code     0  drleqf.o(x$fpl$drleqf)
    _drcmple                                 0x08009551   Thumb Code   108  drleqf.o(x$fpl$drleqf)
    __aeabi_drsub                            0x080095bd   Thumb Code     0  daddsub_clz.o(x$fpl$drsb)
    _drsb                                    0x080095bd   Thumb Code    22  daddsub_clz.o(x$fpl$drsb)
    __aeabi_dsub                             0x080095d5   Thumb Code     0  daddsub_clz.o(x$fpl$dsub)
    _dsub                                    0x080095d5   Thumb Code   464  daddsub_clz.o(x$fpl$dsub)
    __aeabi_f2d                              0x080097a9   Thumb Code     0  f2d.o(x$fpl$f2d)
    _f2d                                     0x080097a9   Thumb Code    86  f2d.o(x$fpl$f2d)
    __fpl_fnaninf                            0x080097ff   Thumb Code   140  fnaninf.o(x$fpl$fnaninf)
    _fp_init                                 0x0800988b   Thumb Code    10  fpinit.o(x$fpl$fpinit)
    __fplib_config_fpu_vfp                   0x08009893   Thumb Code     0  fpinit.o(x$fpl$fpinit)
    __fplib_config_pureend_doubles           0x08009893   Thumb Code     0  fpinit.o(x$fpl$fpinit)
    __fpl_fretinf                            0x08009895   Thumb Code    10  fretinf.o(x$fpl$fretinf)
    __I$use$fp                               0x0800989e   Number         0  usenofp.o(x$fpl$usenofp)
    FSMC_DefaultTimingStruct                 0x080098a0   Data          28  stm32f4xx_fsmc.o(.constdata)
    asc2_1206                                0x080098bc   Data        1140  lcd.o(.constdata)
    asc2_1608                                0x08009d30   Data        1520  lcd.o(.constdata)
    asc2_2412                                0x0800a320   Data        3420  lcd.o(.constdata)
    armBitRevTable                           0x0800b07c   Data        2048  arm_common_tables.o(.constdata)
    twiddleCoef_4096                         0x0800b87c   Data       32768  arm_common_tables.o(.constdata)
    Region$$Table$$Base                      0x080139c8   Number         0  anon$$obj.o(Region$$Table)
    Region$$Table$$Limit                     0x080139e8   Number         0  anon$$obj.o(Region$$Table)
    Fs                                       0x20000000   Data           2  main.o(.data)
    SystemCoreClock                          0x20000004   Data           4  system_stm32f4xx.o(.data)
    AHBPrescTable                            0x20000008   Data          16  system_stm32f4xx.o(.data)
    __stdout                                 0x2000002c   Data           4  usart.o(.data)
    USART_RX_STA                             0x20000030   Data           2  usart.o(.data)
    POINT_COLOR                              0x20000032   Data           2  lcd.o(.data)
    BACK_COLOR                               0x20000034   Data           2  lcd.o(.data)
    k1                                       0x20000038   Data           4  task.o(.data)
    k2                                       0x2000003c   Data           4  task.o(.data)
    fft_inputbuf                             0x20000040   Data       32768  main.o(.bss)
    fft_outputbuf                            0x20008040   Data       16384  main.o(.bss)
    xielv                                    0x2000c040   Data          40  main.o(.bss)
    idx                                      0x2000c068   Data          20  main.o(.bss)
    USART_RX_BUF                             0x2000c07c   Data         200  usart.o(.bss)
    lcddev                                   0x2000c144   Data          14  lcd.o(.bss)
    __libspace_start                         0x2000c794   Data          96  libspace.o(.bss)
    __temporary_stack_top$libspace           0x2000c7f4   Data           0  libspace.o(.bss)



==============================================================================

Memory Map of the image

  Image Entry point : 0x08000189

  Load Region LR_IROM1 (Base: 0x08000000, Size: 0x00013a28, Max: 0x00100000, ABSOLUTE)

    Execution Region ER_IROM1 (Base: 0x08000000, Size: 0x000139e8, Max: 0x00100000, ABSOLUTE)

    Base Addr    Size         Type   Attr      Idx    E Section Name        Object

    0x08000000   0x00000188   Data   RO          249    RESET               startup_stm32f40_41xxx.o
    0x08000188   0x00000008   Code   RO         1363  * !!!main             c_w.l(__main.o)
    0x08000190   0x00000034   Code   RO         1635    !!!scatter          c_w.l(__scatter.o)
    0x080001c4   0x0000001a   Code   RO         1637    !!handler_copy      c_w.l(__scatter_copy.o)
    0x080001de   0x00000002   PAD
    0x080001e0   0x0000001c   Code   RO         1639    !!handler_zi        c_w.l(__scatter_zi.o)
    0x080001fc   0x00000000   Code   RO         1360    .ARM.Collect$$_printf_percent$$00000000  c_w.l(_printf_percent.o)
    0x080001fc   0x00000006   Code   RO         1359    .ARM.Collect$$_printf_percent$$0000000C  c_w.l(_printf_x.o)
    0x08000202   0x00000004   Code   RO         1414    .ARM.Collect$$_printf_percent$$00000017  c_w.l(_printf_percent_end.o)
    0x08000206   0x00000002   Code   RO         1512    .ARM.Collect$$libinit$$00000000  c_w.l(libinit.o)
    0x08000208   0x00000004   Code   RO         1515    .ARM.Collect$$libinit$$00000001  c_w.l(libinit2.o)
    0x0800020c   0x00000000   Code   RO         1518    .ARM.Collect$$libinit$$00000004  c_w.l(libinit2.o)
    0x0800020c   0x00000000   Code   RO         1521    .ARM.Collect$$libinit$$0000000A  c_w.l(libinit2.o)
    0x0800020c   0x00000000   Code   RO         1523    .ARM.Collect$$libinit$$0000000C  c_w.l(libinit2.o)
    0x0800020c   0x00000000   Code   RO         1525    .ARM.Collect$$libinit$$0000000E  c_w.l(libinit2.o)
    0x0800020c   0x00000000   Code   RO         1528    .ARM.Collect$$libinit$$00000011  c_w.l(libinit2.o)
    0x0800020c   0x00000000   Code   RO         1530    .ARM.Collect$$libinit$$00000013  c_w.l(libinit2.o)
    0x0800020c   0x00000000   Code   RO         1532    .ARM.Collect$$libinit$$00000015  c_w.l(libinit2.o)
    0x0800020c   0x00000000   Code   RO         1534    .ARM.Collect$$libinit$$00000017  c_w.l(libinit2.o)
    0x0800020c   0x00000000   Code   RO         1536    .ARM.Collect$$libinit$$00000019  c_w.l(libinit2.o)
    0x0800020c   0x00000000   Code   RO         1538    .ARM.Collect$$libinit$$0000001B  c_w.l(libinit2.o)
    0x0800020c   0x00000000   Code   RO         1540    .ARM.Collect$$libinit$$0000001D  c_w.l(libinit2.o)
    0x0800020c   0x00000000   Code   RO         1542    .ARM.Collect$$libinit$$0000001F  c_w.l(libinit2.o)
    0x0800020c   0x00000000   Code   RO         1544    .ARM.Collect$$libinit$$00000021  c_w.l(libinit2.o)
    0x0800020c   0x00000000   Code   RO         1546    .ARM.Collect$$libinit$$00000023  c_w.l(libinit2.o)
    0x0800020c   0x00000000   Code   RO         1548    .ARM.Collect$$libinit$$00000025  c_w.l(libinit2.o)
    0x0800020c   0x00000000   Code   RO         1552    .ARM.Collect$$libinit$$0000002C  c_w.l(libinit2.o)
    0x0800020c   0x00000000   Code   RO         1554    .ARM.Collect$$libinit$$0000002E  c_w.l(libinit2.o)
    0x0800020c   0x00000000   Code   RO         1556    .ARM.Collect$$libinit$$00000030  c_w.l(libinit2.o)
    0x0800020c   0x00000000   Code   RO         1558    .ARM.Collect$$libinit$$00000032  c_w.l(libinit2.o)
    0x0800020c   0x00000002   Code   RO         1559    .ARM.Collect$$libinit$$00000033  c_w.l(libinit2.o)
    0x0800020e   0x00000002   Code   RO         1577    .ARM.Collect$$libshutdown$$00000000  c_w.l(libshutdown.o)
    0x08000210   0x00000000   Code   RO         1587    .ARM.Collect$$libshutdown$$00000002  c_w.l(libshutdown2.o)
    0x08000210   0x00000000   Code   RO         1589    .ARM.Collect$$libshutdown$$00000004  c_w.l(libshutdown2.o)
    0x08000210   0x00000000   Code   RO         1592    .ARM.Collect$$libshutdown$$00000007  c_w.l(libshutdown2.o)
    0x08000210   0x00000000   Code   RO         1595    .ARM.Collect$$libshutdown$$0000000A  c_w.l(libshutdown2.o)
    0x08000210   0x00000000   Code   RO         1597    .ARM.Collect$$libshutdown$$0000000C  c_w.l(libshutdown2.o)
    0x08000210   0x00000000   Code   RO         1600    .ARM.Collect$$libshutdown$$0000000F  c_w.l(libshutdown2.o)
    0x08000210   0x00000002   Code   RO         1601    .ARM.Collect$$libshutdown$$00000010  c_w.l(libshutdown2.o)
    0x08000212   0x00000000   Code   RO         1407    .ARM.Collect$$rtentry$$00000000  c_w.l(__rtentry.o)
    0x08000212   0x00000000   Code   RO         1457    .ARM.Collect$$rtentry$$00000002  c_w.l(__rtentry2.o)
    0x08000212   0x00000006   Code   RO         1469    .ARM.Collect$$rtentry$$00000004  c_w.l(__rtentry4.o)
    0x08000218   0x00000000   Code   RO         1459    .ARM.Collect$$rtentry$$00000009  c_w.l(__rtentry2.o)
    0x08000218   0x00000004   Code   RO         1460    .ARM.Collect$$rtentry$$0000000A  c_w.l(__rtentry2.o)
    0x0800021c   0x00000000   Code   RO         1462    .ARM.Collect$$rtentry$$0000000C  c_w.l(__rtentry2.o)
    0x0800021c   0x00000008   Code   RO         1463    .ARM.Collect$$rtentry$$0000000D  c_w.l(__rtentry2.o)
    0x08000224   0x00000002   Code   RO         1513    .ARM.Collect$$rtexit$$00000000  c_w.l(rtexit.o)
    0x08000226   0x00000000   Code   RO         1561    .ARM.Collect$$rtexit$$00000002  c_w.l(rtexit2.o)
    0x08000226   0x00000004   Code   RO         1562    .ARM.Collect$$rtexit$$00000003  c_w.l(rtexit2.o)
    0x0800022a   0x00000006   Code   RO         1563    .ARM.Collect$$rtexit$$00000004  c_w.l(rtexit2.o)
    0x08000230   0x0000015c   Code   RO            3    .text               main.o
    0x0800038c   0x0000001a   Code   RO          174    .text               stm32f4xx_it.o
    0x080003a6   0x00000002   PAD
    0x080003a8   0x00000210   Code   RO          223    .text               system_stm32f4xx.o
    0x080005b8   0x00000040   Code   RO          250    .text               startup_stm32f40_41xxx.o
    0x080005f8   0x000000e0   Code   RO          256    .text               misc.o
    0x080006d8   0x00000464   Code   RO          276    .text               stm32f4xx_adc.o
    0x08000b3c   0x000005c8   Code   RO          582    .text               stm32f4xx_fsmc.o
    0x08001104   0x00000294   Code   RO          605    .text               stm32f4xx_gpio.o
    0x08001398   0x0000065c   Code   RO          768    .text               stm32f4xx_rcc.o
    0x080019f4   0x00000454   Code   RO          933    .text               stm32f4xx_usart.o
    0x08001e48   0x00000104   Code   RO          973    .text               delay.o
    0x08001f4c   0x00000148   Code   RO         1013    .text               usart.o
    0x08002094   0x00004c7c   Code   RO         1044    .text               lcd.o
    0x08006d10   0x000000e0   Code   RO         1082    .text               adc.o
    0x08006df0   0x00000968   Code   RO         1122    .text               task.o
    0x08007758   0x000000f0   Code   RO         1150    .text               arm_cortexM4lf_math.lib(arm_cmplx_mag_f32.o)
    0x08007848   0x000006a0   Code   RO         1195    .text               arm_cortexM4lf_math.lib(arm_cfft_radix4_f32.o)
    0x08007ee8   0x000000c0   Code   RO         1215    .text               arm_cortexM4lf_math.lib(arm_cfft_radix4_init_f32.o)
    0x08007fa8   0x000001e6   Code   RO         1239    .text               arm_cortexM4lf_math.lib(arm_bitreversal.o)
    0x0800818e   0x00000002   Code   RO         1310    .text               c_w.l(use_no_semi_2.o)
    0x08008190   0x00000018   Code   RO         1314    .text               c_w.l(noretval__2printf.o)
    0x080081a8   0x00000068   Code   RO         1316    .text               c_w.l(__printf.o)
    0x08008210   0x00000058   Code   RO         1321    .text               c_w.l(_printf_hex_int.o)
    0x08008268   0x00000006   Code   RO         1361    .text               c_w.l(heapauxi.o)
    0x0800826e   0x00000002   Code   RO         1405    .text               c_w.l(use_no_semi.o)
    0x08008270   0x00000016   Code   RO         1408    .text               c_w.l(_rserrno.o)
    0x08008286   0x000000b2   Code   RO         1410    .text               c_w.l(_printf_intcommon.o)
    0x08008338   0x00000024   Code   RO         1412    .text               c_w.l(_printf_char_file.o)
    0x0800835c   0x00000008   Code   RO         1474    .text               c_w.l(rt_errno_addr_intlibspace.o)
    0x08008364   0x00000030   Code   RO         1476    .text               c_w.l(_printf_char_common.o)
    0x08008394   0x00000008   Code   RO         1478    .text               c_w.l(ferror.o)
    0x0800839c   0x00000008   Code   RO         1498    .text               c_w.l(libspace.o)
    0x080083a4   0x0000004a   Code   RO         1501    .text               c_w.l(sys_stackheap_outer.o)
    0x080083ee   0x00000012   Code   RO         1505    .text               c_w.l(exit.o)
    0x08008400   0x00000030   Code   RO         1494    i.__ARM_fpclassify  m_wm.l(fpclassify.o)
    0x08008430   0x000000c8   Code   RO         1393    i.__hardfp_cos      m_wm.l(cos.o)
    0x080084f8   0x00000438   Code   RO         1445    i.__ieee754_rem_pio2  m_wm.l(rred.o)
    0x08008930   0x00000170   Code   RO         1428    i.__kernel_cos      m_wm.l(cos_i.o)
    0x08008aa0   0x000000f8   Code   RO         1496    i.__kernel_poly     m_wm.l(poly.o)
    0x08008b98   0x00000130   Code   RO         1450    i.__kernel_sin      m_wm.l(sin_i.o)
    0x08008cc8   0x00000014   Code   RO         1432    i.__mathlib_dbl_infnan  m_wm.l(dunder.o)
    0x08008cdc   0x00000004   PAD
    0x08008ce0   0x00000020   Code   RO         1434    i.__mathlib_dbl_invalid  m_wm.l(dunder.o)
    0x08008d00   0x00000020   Code   RO         1437    i.__mathlib_dbl_underflow  m_wm.l(dunder.o)
    0x08008d20   0x00000018   Code   RO         1490    i.fabs              m_wm.l(fabs.o)
    0x08008d38   0x00000018   Code   RO         1415    x$fpl$basic         fz_wm.l(basic.o)
    0x08008d50   0x00000062   Code   RO         1365    x$fpl$d2f           fz_wm.l(d2f.o)
    0x08008db2   0x00000002   PAD
    0x08008db4   0x00000150   Code   RO         1367    x$fpl$dadd          fz_wm.l(daddsub_clz.o)
    0x08008f04   0x00000018   Code   RO         1482    x$fpl$dcmpinf       fz_wm.l(dcmpi.o)
    0x08008f1c   0x000002b0   Code   RO         1374    x$fpl$ddiv          fz_wm.l(ddiv.o)
    0x080091cc   0x0000005e   Code   RO         1484    x$fpl$dfix          fz_wm.l(dfix.o)
    0x0800922a   0x00000002   PAD
    0x0800922c   0x0000005a   Code   RO         1377    x$fpl$dfixu         fz_wm.l(dfixu.o)
    0x08009286   0x0000002e   Code   RO         1382    x$fpl$dflt          fz_wm.l(dflt_clz.o)
    0x080092b4   0x00000026   Code   RO         1381    x$fpl$dfltu         fz_wm.l(dflt_clz.o)
    0x080092da   0x00000002   PAD
    0x080092dc   0x00000078   Code   RO         1417    x$fpl$dleqf         fz_wm.l(dleqf.o)
    0x08009354   0x00000154   Code   RO         1387    x$fpl$dmul          fz_wm.l(dmul.o)
    0x080094a8   0x0000009c   Code   RO         1419    x$fpl$dnaninf       fz_wm.l(dnaninf.o)
    0x08009544   0x0000000c   Code   RO         1421    x$fpl$dretinf       fz_wm.l(dretinf.o)
    0x08009550   0x0000006c   Code   RO         1389    x$fpl$drleqf        fz_wm.l(drleqf.o)
    0x080095bc   0x00000016   Code   RO         1368    x$fpl$drsb          fz_wm.l(daddsub_clz.o)
    0x080095d2   0x00000002   PAD
    0x080095d4   0x000001d4   Code   RO         1369    x$fpl$dsub          fz_wm.l(daddsub_clz.o)
    0x080097a8   0x00000056   Code   RO         1391    x$fpl$f2d           fz_wm.l(f2d.o)
    0x080097fe   0x0000008c   Code   RO         1423    x$fpl$fnaninf       fz_wm.l(fnaninf.o)
    0x0800988a   0x0000000a   Code   RO         1569    x$fpl$fpinit        fz_wm.l(fpinit.o)
    0x08009894   0x0000000a   Code   RO         1425    x$fpl$fretinf       fz_wm.l(fretinf.o)
    0x0800989e   0x00000000   Code   RO         1427    x$fpl$usenofp       fz_wm.l(usenofp.o)
    0x0800989e   0x00000002   PAD
    0x080098a0   0x0000001c   Data   RO          583    .constdata          stm32f4xx_fsmc.o
    0x080098bc   0x000017c0   Data   RO         1046    .constdata          lcd.o
    0x0800b07c   0x00000800   Data   RO         1259    .constdata          arm_cortexM4lf_math.lib(arm_common_tables.o)
    0x0800b87c   0x00008000   Data   RO         1268    .constdata          arm_cortexM4lf_math.lib(arm_common_tables.o)
    0x0801387c   0x00000028   Data   RO         1322    .constdata          c_w.l(_printf_hex_int.o)
    0x080138a4   0x00000004   PAD
    0x080138a8   0x00000030   Data   RO         1429    .constdata          m_wm.l(cos_i.o)
    0x080138d8   0x000000c8   Data   RO         1447    .constdata          m_wm.l(rred.o)
    0x080139a0   0x00000028   Data   RO         1451    .constdata          m_wm.l(sin_i.o)
    0x080139c8   0x00000020   Data   RO         1633    Region$$Table       anon$$obj.o


    Execution Region RW_IRAM1 (Base: 0x20000000, Size: 0x0000cdf8, Max: 0x00020000, ABSOLUTE)

    Base Addr    Size         Type   Attr      Idx    E Section Name        Object

    0x20000000   0x00000002   Data   RW            5    .data               main.o
    0x20000002   0x00000002   PAD
    0x20000004   0x00000014   Data   RW          224    .data               system_stm32f4xx.o
    0x20000018   0x00000010   Data   RW          769    .data               stm32f4xx_rcc.o
    0x20000028   0x00000004   Data   RW          974    .data               delay.o
    0x2000002c   0x00000006   Data   RW         1015    .data               usart.o
    0x20000032   0x00000004   Data   RW         1047    .data               lcd.o
    0x20000036   0x00000002   PAD
    0x20000038   0x00000008   Data   RW         1124    .data               task.o
    0x20000040   0x0000c03c   Zero   RW            4    .bss                main.o
    0x2000c07c   0x000000c8   Zero   RW         1014    .bss                usart.o
    0x2000c144   0x0000000e   Zero   RW         1045    .bss                lcd.o
    0x2000c152   0x00000640   Zero   RW         1123    .bss                task.o
    0x2000c792   0x00000002   PAD
    0x2000c794   0x00000060   Zero   RW         1499    .bss                c_w.l(libspace.o)
    0x2000c7f4   0x00000004   PAD
    0x2000c7f8   0x00000200   Zero   RW          248    HEAP                startup_stm32f40_41xxx.o
    0x2000c9f8   0x00000400   Zero   RW          247    STACK               startup_stm32f40_41xxx.o


==============================================================================

Image component sizes


      Code (inc. data)   RO Data    RW Data    ZI Data      Debug   Object Name

       224         10          0          0          0       1171   adc.o
       260          8          0          4          0       1489   delay.o
     19580        170       6080          4         14      22898   lcd.o
       348         46          0          2      49212     297329   main.o
       224         20          0          0          0       1825   misc.o
        64         26        392          0       1536        840   startup_stm32f40_41xxx.o
      1124         24          0          0          0      10694   stm32f4xx_adc.o
      1480         18         28          0          0       5658   stm32f4xx_fsmc.o
       660         44          0          0          0       4169   stm32f4xx_gpio.o
        26          0          0          0          0       1226   stm32f4xx_it.o
      1628         52          0         16          0      13044   stm32f4xx_rcc.o
      1108         34          0          0          0       7892   stm32f4xx_usart.o
       528         46          0         20          0       1791   system_stm32f4xx.o
      2408        208          0          8       1600       2555   task.o
       328         16          0          6        200       3314   usart.o

    ----------------------------------------------------------------------
     29992        722       6532         64      52564     375895   Object Totals
         0          0         32          0          0          0   (incl. Generated)
         2          0          0          4          2          0   (incl. Padding)

    ----------------------------------------------------------------------

      Code (inc. data)   RO Data    RW Data    ZI Data      Debug   Library Member Name

       486          0          0          0          0       2210   arm_bitreversal.o
      1696          0          0          0          0       4744   arm_cfft_radix4_f32.o
       192         46          0          0          0        767   arm_cfft_radix4_init_f32.o
       240          4          0          0          0      16312   arm_cmplx_mag_f32.o
         0          0      34816          0          0       2517   arm_common_tables.o
         8          0          0          0          0         68   __main.o
       104          0          0          0          0         84   __printf.o
         0          0          0          0          0          0   __rtentry.o
        12          0          0          0          0          0   __rtentry2.o
         6          0          0          0          0          0   __rtentry4.o
        52          8          0          0          0          0   __scatter.o
        26          0          0          0          0          0   __scatter_copy.o
        28          0          0          0          0          0   __scatter_zi.o
        48          6          0          0          0         96   _printf_char_common.o
        36          4          0          0          0         80   _printf_char_file.o
        88          4         40          0          0         88   _printf_hex_int.o
       178          0          0          0          0         88   _printf_intcommon.o
         0          0          0          0          0          0   _printf_percent.o
         4          0          0          0          0          0   _printf_percent_end.o
         6          0          0          0          0          0   _printf_x.o
        22          0          0          0          0        100   _rserrno.o
        18          0          0          0          0         80   exit.o
         8          0          0          0          0         68   ferror.o
         6          0          0          0          0        152   heapauxi.o
         2          0          0          0          0          0   libinit.o
         6          0          0          0          0          0   libinit2.o
         2          0          0          0          0          0   libshutdown.o
         2          0          0          0          0          0   libshutdown2.o
         8          4          0          0         96         68   libspace.o
        24          4          0          0          0         84   noretval__2printf.o
         8          4          0          0          0         68   rt_errno_addr_intlibspace.o
         2          0          0          0          0          0   rtexit.o
        10          0          0          0          0          0   rtexit2.o
        74          0          0          0          0         80   sys_stackheap_outer.o
         2          0          0          0          0         68   use_no_semi.o
         2          0          0          0          0         68   use_no_semi_2.o
        24          0          0          0          0        164   basic.o
        98          4          0          0          0        140   d2f.o
       826         16          0          0          0        492   daddsub_clz.o
        24          0          0          0          0        116   dcmpi.o
       688        140          0          0          0        256   ddiv.o
        94          4          0          0          0        140   dfix.o
        90          4          0          0          0        140   dfixu.o
        84          0          0          0          0        232   dflt_clz.o
       120          4          0          0          0        140   dleqf.o
       340         12          0          0          0        152   dmul.o
       156          4          0          0          0        140   dnaninf.o
        12          0          0          0          0        116   dretinf.o
       108          0          0          0          0        128   drleqf.o
        86          4          0          0          0        132   f2d.o
       140          4          0          0          0        132   fnaninf.o
        10          0          0          0          0        116   fpinit.o
        10          0          0          0          0        116   fretinf.o
         0          0          0          0          0          0   usenofp.o
       200         20          0          0          0        164   cos.o
       368         46         48          0          0        200   cos_i.o
        84         16          0          0          0        372   dunder.o
        24          0          0          0          0        124   fabs.o
        48          0          0          0          0        124   fpclassify.o
       248          0          0          0          0        152   poly.o
      1080        142        200          0          0        188   rred.o
       304         24         40          0          0        208   sin_i.o

    ----------------------------------------------------------------------
      8688        528      35148          0        100      32274   Library Totals
        16          0          4          0          4          0   (incl. Padding)

    ----------------------------------------------------------------------

      Code (inc. data)   RO Data    RW Data    ZI Data      Debug   Library Name

      2614         50      34816          0          0      26550   arm_cortexM4lf_math.lib
       792         34         40          0         96       1340   c_w.l
      2910        196          0          0          0       2852   fz_wm.l
      2356        248        288          0          0       1532   m_wm.l

    ----------------------------------------------------------------------
      8688        528      35148          0        100      32274   Library Totals

    ----------------------------------------------------------------------

==============================================================================


      Code (inc. data)   RO Data    RW Data    ZI Data      Debug   

     38680       1250      41680         64      52664     401245   Grand Totals
     38680       1250      41680         64      52664     401245   ELF Image Totals
     38680       1250      41680         64          0          0   ROM Totals

==============================================================================

    Total RO  Size (Code + RO Data)                80360 (  78.48kB)
    Total RW  Size (RW Data + ZI Data)             52728 (  51.49kB)
    Total ROM Size (Code + RO Data + RW Data)      80424 (  78.54kB)

==============================================================================

