<html>
<body>
<pre>
<h1>礦ision Build Log</h1>
<h2>Tool Versions:</h2>
IDE-Version: μVision V5.23.0.0
Copyright (C) 2017 ARM Ltd and ARM Germany GmbH. All rights reserved.
License Information: 1 minel, 1, LIC=14HKP-M82ZA-EHG8P-MA3GC-SE4BV-JNH1R
 
Tool Versions:
Toolchain:       MDK-ARM Plus  Version: 5.23
Toolchain Path:  D:\keil 32\ARM\ARMCC\Bin
C Compiler:      Armcc.exe V5.06 update 4 (build 422)
Assembler:       Armasm.exe V5.06 update 4 (build 422)
Linker/Locator:  ArmLink.exe V5.06 update 4 (build 422)
Library Manager: ArmAr.exe V5.06 update 4 (build 422)
Hex Converter:   FromElf.exe V5.06 update 4 (build 422)
CPU DLL:         SARMCM3.DLL V5.23
Dialog DLL:      DCM.DLL V1.15.0.0
Target DLL:      Segger\JL2CM3.dll V2.99.23.0
Dialog DLL:      TCM.DLL V1.27.0.0
 
<h2>Project:</h2>
D:\keil 32\实验31 DHT11数字温湿度传感器实验\USER\DHT11.uvprojx
Project File Date:  03/10/2018

<h2>Output:</h2>
*** Using Compiler 'V5.06 update 4 (build 422)', folder: 'D:\keil 32\ARM\ARMCC\Bin'
Rebuild target 'DHT11'
compiling led.c...
compiling delay.c...
compiling system_stm32f4xx.c...
compiling main.c...
compiling stm32f4xx_it.c...
compiling dht11.c...
assembling startup_stm32f40_41xxx.s...
compiling lcd.c...
compiling stm32f4xx_gpio.c...
compiling usart.c...
..\SYSTEM\usart\usart.c(50): warning:  #940-D: missing return statement at end of non-void function "_sys_exit" 
  } 
..\SYSTEM\usart\usart.c: 1 warning, 0 errors
compiling sys.c...
compiling misc.c...
compiling stm32f4xx_rcc.c...
compiling stm32f4xx_syscfg.c...
compiling stm32f4xx_fsmc.c...
compiling stm32f4xx_usart.c...
linking...
Program Size: Code=28234 RO-data=6574 RW-data=52 ZI-data=1852  
FromELF: creating hex file...
"..\OBJ\DHT11.axf" - 0 Error(s), 1 Warning(s).

<h2>Collection of Component include folders:</h2>
  .\RTE\_DHT11
  D:\keil 32\ARM\PACK\Keil\STM32F4xx_DFP\2.11.0\Drivers\CMSIS\Device\ST\STM32F4xx\Include

<h2>Collection of Component Files used:</h2>
Build Time Elapsed:  00:00:04
</pre>
</body>
</html>
