Component: ARM Compiler 5.06 update 4 (build 422) Tool: armlink [4d35d2]

==============================================================================

Section Cross References

    main.o(.text) refers to delay.o(.text) for delay_init
    main.o(.text) refers to misc.o(.text) for NVIC_PriorityGroupConfig
    main.o(.text) refers to usart.o(.text) for uart_init
    main.o(.text) refers to lcd.o(.text) for LCD_Init
    main.o(.text) refers to adc.o(.text) for Adc_Init
    main.o(.text) refers to timer.o(.text) for TIM3_Int_Init
    main.o(.text) refers to arm_rfft_fast_init_f32.o(.text) for arm_rfft_fast_init_f32
    main.o(.text) refers to arm_rfft_fast_f32.o(.text) for arm_rfft_fast_f32
    main.o(.text) refers to arm_cmplx_mag_f32.o(.text) for arm_cmplx_mag_f32
    main.o(.text) refers to arm_max_f32.o(.text) for arm_max_f32
    main.o(.text) refers to f2d.o(.text) for __aeabi_f2d
    main.o(.text) refers to printfa.o(i.__0sprintf) for __2sprintf
    main.o(.text) refers to main.o(.data) for flag
    main.o(.text) refers to main.o(.bss) for FFT_INPUT
    main.o(.text) refers to main.o(.constdata) for win
    main.o(.text) refers to stm32f4xx_tim.o(.text) for TIM_GetITStatus
    system_stm32f4xx.o(.text) refers to system_stm32f4xx.o(.data) for SystemCoreClock
    startup_stm32f40_41xxx.o(RESET) refers to startup_stm32f40_41xxx.o(STACK) for __initial_sp
    startup_stm32f40_41xxx.o(RESET) refers to startup_stm32f40_41xxx.o(.text) for Reset_Handler
    startup_stm32f40_41xxx.o(RESET) refers to stm32f4xx_it.o(.text) for NMI_Handler
    startup_stm32f40_41xxx.o(RESET) refers to main.o(.text) for TIM3_IRQHandler
    startup_stm32f40_41xxx.o(RESET) refers to usart.o(.text) for USART1_IRQHandler
    startup_stm32f40_41xxx.o(.text) refers to system_stm32f4xx.o(.text) for SystemInit
    startup_stm32f40_41xxx.o(.text) refers to entry.o(.ARM.Collect$$$$00000000) for __main
    stm32f4xx_fsmc.o(.text) refers to stm32f4xx_fsmc.o(.constdata) for FSMC_DefaultTimingStruct
    stm32f4xx_gpio.o(.text) refers to stm32f4xx_rcc.o(.text) for RCC_AHB1PeriphResetCmd
    stm32f4xx_rcc.o(.text) refers to stm32f4xx_rcc.o(.data) for APBAHBPrescTable
    stm32f4xx_syscfg.o(.text) refers to stm32f4xx_rcc.o(.text) for RCC_APB2PeriphResetCmd
    stm32f4xx_tim.o(.text) refers to stm32f4xx_rcc.o(.text) for RCC_APB2PeriphResetCmd
    stm32f4xx_usart.o(.text) refers to stm32f4xx_rcc.o(.text) for RCC_APB2PeriphResetCmd
    stm32f4xx_spi.o(.text) refers to stm32f4xx_rcc.o(.text) for RCC_APB2PeriphResetCmd
    stm32f4xx_adc.o(.text) refers to stm32f4xx_rcc.o(.text) for RCC_APB2PeriphResetCmd
    delay.o(.text) refers to misc.o(.text) for SysTick_CLKSourceConfig
    delay.o(.text) refers to delay.o(.data) for fac_us
    usart.o(.text) refers to stm32f4xx_rcc.o(.text) for RCC_AHB1PeriphClockCmd
    usart.o(.text) refers to stm32f4xx_gpio.o(.text) for GPIO_PinAFConfig
    usart.o(.text) refers to stm32f4xx_usart.o(.text) for USART_Init
    usart.o(.text) refers to misc.o(.text) for NVIC_Init
    usart.o(.text) refers to usart.o(.data) for USART_RX_STA
    usart.o(.text) refers to usart.o(.bss) for USART_RX_BUF
    key.o(.text) refers to stm32f4xx_rcc.o(.text) for RCC_AHB1PeriphClockCmd
    key.o(.text) refers to stm32f4xx_gpio.o(.text) for GPIO_Init
    key.o(.text) refers to delay.o(.text) for delay_ms
    key.o(.text) refers to key.o(.data) for key_up
    led.o(.text) refers to stm32f4xx_rcc.o(.text) for RCC_AHB1PeriphClockCmd
    led.o(.text) refers to stm32f4xx_gpio.o(.text) for GPIO_Init
    adc.o(.text) refers to stm32f4xx_rcc.o(.text) for RCC_AHB1PeriphClockCmd
    adc.o(.text) refers to stm32f4xx_gpio.o(.text) for GPIO_Init
    adc.o(.text) refers to stm32f4xx_adc.o(.text) for ADC_CommonInit
    adc.o(.text) refers to delay.o(.text) for delay_ms
    text.o(.text) refers to w25q128.o(.text) for W25QXX_Read
    text.o(.text) refers to lcd.o(.text) for LCD_Fast_DrawPoint
    text.o(.text) refers to strlen.o(.text) for strlen
    text.o(.text) refers to fontupd.o(.bss) for ftinfo
    text.o(.text) refers to lcd.o(.data) for POINT_COLOR
    text.o(.text) refers to lcd.o(.bss) for lcddev
    fontupd.o(.text) refers to w25q128.o(.text) for W25QXX_Init
    fontupd.o(.text) refers to delay.o(.text) for delay_ms
    fontupd.o(.text) refers to fontupd.o(.bss) for ftinfo
    w25q128.o(.text) refers to spi_flash.o(.text) for SPI2_ReadWriteByte
    w25q128.o(.text) refers to stm32f4xx_rcc.o(.text) for RCC_AHB1PeriphClockCmd
    w25q128.o(.text) refers to stm32f4xx_gpio.o(.text) for GPIO_Init
    w25q128.o(.text) refers to printfa.o(i.__0printf) for __2printf
    w25q128.o(.text) refers to delay.o(.text) for delay_us
    w25q128.o(.text) refers to w25q128.o(.data) for W25QXX_TYPE
    w25q128.o(.text) refers to w25q128.o(.bss) for W25QXX_BUFFER
    spi_flash.o(.text) refers to stm32f4xx_spi.o(.text) for SPI_I2S_GetFlagStatus
    spi_flash.o(.text) refers to stm32f4xx_rcc.o(.text) for RCC_AHB1PeriphClockCmd
[...]
    ../clib/microlib/printf/printf.c         0x00000000   Number         0  printf6.o ABSOLUTE
    ../clib/microlib/printf/printf.c         0x00000000   Number         0  printf1.o ABSOLUTE
    ../clib/microlib/printf/printf.c         0x00000000   Number         0  printfb.o ABSOLUTE
    ../clib/microlib/printf/printf.c         0x00000000   Number         0  printf7.o ABSOLUTE
    ../clib/microlib/printf/printf.c         0x00000000   Number         0  printf8.o ABSOLUTE
    ../clib/microlib/printf/printf.c         0x00000000   Number         0  printfa.o ABSOLUTE
    ../clib/microlib/printf/stubs.s          0x00000000   Number         0  stubs.o ABSOLUTE
    ../clib/microlib/string/strlen.c         0x00000000   Number         0  strlen.o ABSOLUTE
    ../clib/microlib/stubs.s                 0x00000000   Number         0  iusefp.o ABSOLUTE
    ../clib/microlib/stubs.s                 0x00000000   Number         0  useno.o ABSOLUTE
    ../fplib/microlib/f2d.c                  0x00000000   Number         0  f2d.o ABSOLUTE
    ../fplib/microlib/fpadd.c                0x00000000   Number         0  dadd.o ABSOLUTE
    ../fplib/microlib/fpdiv.c                0x00000000   Number         0  ddiv.o ABSOLUTE
    ../fplib/microlib/fpepilogue.c           0x00000000   Number         0  depilogue.o ABSOLUTE
    ../fplib/microlib/fpfix.c                0x00000000   Number         0  dfixul.o ABSOLUTE
    ../fplib/microlib/fpfix.c                0x00000000   Number         0  dfixui.o ABSOLUTE
    ../fplib/microlib/fpflt.c                0x00000000   Number         0  dfltui.o ABSOLUTE
    ../fplib/microlib/fpmul.c                0x00000000   Number         0  dmul.o ABSOLUTE
    ..\CORE\startup_stm32f40_41xxx.s         0x00000000   Number         0  startup_stm32f40_41xxx.o ABSOLUTE
    ..\CommonTables\arm_common_tables.c      0x00000000   Number         0  arm_common_tables.o ABSOLUTE
    ..\ComplexMathFunctions\arm_cmplx_mag_f32.c 0x00000000   Number         0  arm_cmplx_mag_f32.o ABSOLUTE
    ..\FWLIB\src\misc.c                      0x00000000   Number         0  misc.o ABSOLUTE
    ..\FWLIB\src\stm32f4xx_adc.c             0x00000000   Number         0  stm32f4xx_adc.o ABSOLUTE
    ..\FWLIB\src\stm32f4xx_crc.c             0x00000000   Number         0  stm32f4xx_crc.o ABSOLUTE
    ..\FWLIB\src\stm32f4xx_exti.c            0x00000000   Number         0  stm32f4xx_exti.o ABSOLUTE
    ..\FWLIB\src\stm32f4xx_flash.c           0x00000000   Number         0  stm32f4xx_flash.o ABSOLUTE
    ..\FWLIB\src\stm32f4xx_fsmc.c            0x00000000   Number         0  stm32f4xx_fsmc.o ABSOLUTE
    ..\FWLIB\src\stm32f4xx_gpio.c            0x00000000   Number         0  stm32f4xx_gpio.o ABSOLUTE
    ..\FWLIB\src\stm32f4xx_rcc.c             0x00000000   Number         0  stm32f4xx_rcc.o ABSOLUTE
    ..\FWLIB\src\stm32f4xx_spi.c             0x00000000   Number         0  stm32f4xx_spi.o ABSOLUTE
    ..\FWLIB\src\stm32f4xx_syscfg.c          0x00000000   Number         0  stm32f4xx_syscfg.o ABSOLUTE
    ..\FWLIB\src\stm32f4xx_tim.c             0x00000000   Number         0  stm32f4xx_tim.o ABSOLUTE
    ..\FWLIB\src\stm32f4xx_usart.c           0x00000000   Number         0  stm32f4xx_usart.o ABSOLUTE
    ..\HARDWARE\ADC\adc.c                    0x00000000   Number         0  adc.o ABSOLUTE
    ..\HARDWARE\FLASH\spi_flash.c            0x00000000   Number         0  spi_flash.o ABSOLUTE
    ..\HARDWARE\FLASH\w25q128.c              0x00000000   Number         0  w25q128.o ABSOLUTE
    ..\HARDWARE\KEY\key.c                    0x00000000   Number         0  key.o ABSOLUTE
    ..\HARDWARE\LCD\lcd.c                    0x00000000   Number         0  lcd.o ABSOLUTE
    ..\HARDWARE\LED\led.c                    0x00000000   Number         0  led.o ABSOLUTE
    ..\HARDWARE\TIMER\timer.c                0x00000000   Number         0  timer.o ABSOLUTE
    ..\MALLOC\malloc.c                       0x00000000   Number         0  malloc.o ABSOLUTE
    ..\SYSTEM\delay\delay.c                  0x00000000   Number         0  delay.o ABSOLUTE
    ..\SYSTEM\sys\sys.c                      0x00000000   Number         0  sys.o ABSOLUTE
    ..\SYSTEM\usart\usart.c                  0x00000000   Number         0  usart.o ABSOLUTE
    ..\StatisticsFunctions\arm_max_f32.c     0x00000000   Number         0  arm_max_f32.o ABSOLUTE
    ..\TEXT\fontupd.c                        0x00000000   Number         0  fontupd.o ABSOLUTE
    ..\TEXT\text.c                           0x00000000   Number         0  text.o ABSOLUTE
    ..\TransformFunctions\arm_cfft_f32.c     0x00000000   Number         0  arm_cfft_f32.o ABSOLUTE
    ..\TransformFunctions\arm_cfft_radix8_f32.c 0x00000000   Number         0  arm_cfft_radix8_f32.o ABSOLUTE
    ..\TransformFunctions\arm_rfft_fast_f32.c 0x00000000   Number         0  arm_rfft_fast_f32.o ABSOLUTE
    ..\TransformFunctions\arm_rfft_fast_init_f32.c 0x00000000   Number         0  arm_rfft_fast_init_f32.o ABSOLUTE
    ..\\CommonTables\\arm_common_tables.c    0x00000000   Number         0  arm_common_tables.o ABSOLUTE
    ..\\ComplexMathFunctions\\arm_cmplx_mag_f32.c 0x00000000   Number         0  arm_cmplx_mag_f32.o ABSOLUTE
    ..\\FWLIB\\src\\misc.c                   0x00000000   Number         0  misc.o ABSOLUTE
    ..\\FWLIB\\src\\stm32f4xx_adc.c          0x00000000   Number         0  stm32f4xx_adc.o ABSOLUTE
    ..\\FWLIB\\src\\stm32f4xx_crc.c          0x00000000   Number         0  stm32f4xx_crc.o ABSOLUTE
    ..\\FWLIB\\src\\stm32f4xx_exti.c         0x00000000   Number         0  stm32f4xx_exti.o ABSOLUTE
    ..\\FWLIB\\src\\stm32f4xx_flash.c        0x00000000   Number         0  stm32f4xx_flash.o ABSOLUTE
    ..\\FWLIB\\src\\stm32f4xx_fsmc.c         0x00000000   Number         0  stm32f4xx_fsmc.o ABSOLUTE
    ..\\FWLIB\\src\\stm32f4xx_gpio.c         0x00000000   Number         0  stm32f4xx_gpio.o ABSOLUTE
    ..\\FWLIB\\src\\stm32f4xx_rcc.c          0x00000000   Number         0  stm32f4xx_rcc.o ABSOLUTE
    ..\\FWLIB\\src\\stm32f4xx_spi.c          0x00000000   Number         0  stm32f4xx_spi.o ABSOLUTE
    ..\\FWLIB\\src\\stm32f4xx_syscfg.c       0x00000000   Number         0  stm32f4xx_syscfg.o ABSOLUTE
    ..\\FWLIB\\src\\stm32f4xx_tim.c          0x00000000   Number         0  stm32f4xx_tim.o ABSOLUTE
    ..\\FWLIB\\src\\stm32f4xx_usart.c        0x00000000   Number         0  stm32f4xx_usart.o ABSOLUTE
    ..\\HARDWARE\\ADC\\adc.c                 0x00000000   Number         0  adc.o ABSOLUTE
    ..\\HARDWARE\\FLASH\\spi_flash.c         0x00000000   Number         0  spi_flash.o ABSOLUTE
    ..\\HARDWARE\\FLASH\\w25q128.c           0x00000000   Number         0  w25q128.o ABSOLUTE
    ..\\HARDWARE\\KEY\\key.c                 0x00000000   Number         0  key.o ABSOLUTE
    ..\\HARDWARE\\LCD\\lcd.c                 0x00000000   Number         0  lcd.o ABSOLUTE
    ..\\HARDWARE\\LED\\led.c                 0x00000000   Number         0  led.o ABSOLUTE
    ..\\HARDWARE\\TIMER\\timer.c             0x00000000   Number         0  timer.o ABSOLUTE
    ..\\MALLOC\\malloc.c                     0x00000000   Number         0  malloc.o ABSOLUTE
    ..\\SYSTEM\\delay\\delay.c               0x00000000   Number         0  delay.o ABSOLUTE
    ..\\SYSTEM\\sys\\sys.c                   0x00000000   Number         0  sys.o ABSOLUTE
    ..\\SYSTEM\\usart\\usart.c               0x00000000   Number         0  usart.o ABSOLUTE
    ..\\StatisticsFunctions\\arm_max_f32.c   0x00000000   Number         0  arm_max_f32.o ABSOLUTE
    ..\\TEXT\\fontupd.c                      0x00000000   Number         0  fontupd.o ABSOLUTE
    ..\\TEXT\\text.c                         0x00000000   Number         0  text.o ABSOLUTE
    ..\\TransformFunctions\\arm_bitreversal2.S 0x00000000   Number         0  arm_bitreversal2.o ABSOLUTE
    ..\\TransformFunctions\\arm_cfft_f32.c   0x00000000   Number         0  arm_cfft_f32.o ABSOLUTE
    ..\\TransformFunctions\\arm_cfft_radix8_f32.c 0x00000000   Number         0  arm_cfft_radix8_f32.o ABSOLUTE
    ..\\TransformFunctions\\arm_rfft_fast_f32.c 0x00000000   Number         0  arm_rfft_fast_f32.o ABSOLUTE
    ..\\TransformFunctions\\arm_rfft_fast_init_f32.c 0x00000000   Number         0  arm_rfft_fast_init_f32.o ABSOLUTE
    cdrcmple.s                               0x00000000   Number         0  cdrcmple.o ABSOLUTE
    dc.s                                     0x00000000   Number         0  dc.o ABSOLUTE
    handlers.s                               0x00000000   Number         0  handlers.o ABSOLUTE
    init.s                                   0x00000000   Number         0  init.o ABSOLUTE
    main.c                                   0x00000000   Number         0  main.o ABSOLUTE
    main.c                                   0x00000000   Number         0  main.o ABSOLUTE
    stm32f4xx_it.c                           0x00000000   Number         0  stm32f4xx_it.o ABSOLUTE
    stm32f4xx_it.c                           0x00000000   Number         0  stm32f4xx_it.o ABSOLUTE
    system_stm32f4xx.c                       0x00000000   Number         0  system_stm32f4xx.o ABSOLUTE
    system_stm32f4xx.c                       0x00000000   Number         0  system_stm32f4xx.o ABSOLUTE
    RESET                                    0x08000000   Section      392  startup_stm32f40_41xxx.o(RESET)
    . text                                   0x08000188   Section      192  arm_bitreversal2.o(. text)
    $v0                                      0x08000188   Number         0  arm_bitreversal2.o(. text)
    .ARM.Collect$$$$00000000                 0x08000248   Section        0  entry.o(.ARM.Collect$$$$00000000)
    .ARM.Collect$$$$00000001                 0x08000248   Section        4  entry2.o(.ARM.Collect$$$$00000001)
    .ARM.Collect$$$$00000004                 0x0800024c   Section        4  entry5.o(.ARM.Collect$$$$00000004)
    .ARM.Collect$$$$00000008                 0x08000250   Section        0  entry7b.o(.ARM.Collect$$$$00000008)
    .ARM.Collect$$$$0000000A                 0x08000250   Section        0  entry8b.o(.ARM.Collect$$$$0000000A)
    .ARM.Collect$$$$0000000B                 0x08000250   Section        8  entry9a.o(.ARM.Collect$$$$0000000B)
    .ARM.Collect$$$$0000000D                 0x08000258   Section        0  entry10a.o(.ARM.Collect$$$$0000000D)
    .ARM.Collect$$$$0000000F                 0x08000258   Section        0  entry11a.o(.ARM.Collect$$$$0000000F)
    .ARM.Collect$$$$00002712                 0x08000258   Section        4  entry2.o(.ARM.Collect$$$$00002712)
    __lit__00000000                          0x08000258   Data           4  entry2.o(.ARM.Collect$$$$00002712)
    .text                                    0x0800025c   Section        0  main.o(.text)
    .text                                    0x08000868   Section        0  stm32f4xx_it.o(.text)
    .text                                    0x08000884   Section        0  system_stm32f4xx.o(.text)
    SetSysClock                              0x08000885   Thumb Code   220  system_stm32f4xx.o(.text)
    .text                                    0x08000a94   Section       36  startup_stm32f40_41xxx.o(.text)
    $v0                                      0x08000a94   Number         0  startup_stm32f40_41xxx.o(.text)
    .text                                    0x08000ab8   Section        0  misc.o(.text)
    .text                                    0x08000b98   Section        0  stm32f4xx_fsmc.o(.text)
    .text                                    0x08001160   Section        0  stm32f4xx_gpio.o(.text)
    .text                                    0x080013f4   Section        0  stm32f4xx_rcc.o(.text)
    .text                                    0x08001a50   Section        0  stm32f4xx_tim.o(.text)
    TI4_Config                               0x080021ef   Thumb Code    80  stm32f4xx_tim.o(.text)
    TI3_Config                               0x08002251   Thumb Code    72  stm32f4xx_tim.o(.text)
    TI2_Config                               0x080022b3   Thumb Code    90  stm32f4xx_tim.o(.text)
    TI1_Config                               0x0800231f   Thumb Code    58  stm32f4xx_tim.o(.text)
    .text                                    0x080026f4   Section        0  stm32f4xx_usart.o(.text)
    .text                                    0x08002b48   Section        0  stm32f4xx_adc.o(.text)
    .text                                    0x08002fac   Section        0  delay.o(.text)
    .text                                    0x080030b0   Section        0  usart.o(.text)
    .text                                    0x080031f8   Section        0  adc.o(.text)
    .text                                    0x080032ec   Section        0  lcd.o(.text)
    .text                                    0x08007fd0   Section        0  timer.o(.text)
    .text                                    0x08008034   Section        0  arm_cmplx_mag_f32.o(.text)
    .text                                    0x08008130   Section        0  arm_rfft_fast_f32.o(.text)
    .text                                    0x080082c4   Section        0  arm_rfft_fast_init_f32.o(.text)
    .text                                    0x080083ec   Section        0  arm_max_f32.o(.text)
    .text                                    0x080084c4   Section        0  arm_cfft_f32.o(.text)
    .text                                    0x08008be8   Section        0  arm_cfft_radix8_f32.o(.text)
    .text                                    0x080090c4   Section        0  dmul.o(.text)
    .text                                    0x080091a8   Section        0  dfltui.o(.text)
    .text                                    0x080091c2   Section        0  dfixui.o(.text)
    .text                                    0x080091f4   Section        0  f2d.o(.text)
    .text                                    0x0800921a   Section        0  uidiv.o(.text)
    .text                                    0x08009246   Section        0  uldiv.o(.text)
    .text                                    0x080092a8   Section        0  llushr.o(.text)
    .text                                    0x080092c8   Section        0  iusefp.o(.text)
    .text                                    0x080092c8   Section        0  depilogue.o(.text)
    .text                                    0x08009382   Section        0  dadd.o(.text)
    .text                                    0x080094d0   Section        0  ddiv.o(.text)
    .text                                    0x080095ae   Section        0  dfixul.o(.text)
    .text                                    0x080095e0   Section       48  cdrcmple.o(.text)
    .text                                    0x08009610   Section       36  init.o(.text)
    .text                                    0x08009634   Section        0  llshl.o(.text)
    .text                                    0x08009652   Section        0  llsshr.o(.text)
    i.__0printf                              0x08009678   Section        0  printfa.o(i.__0printf)
    i.__0sprintf                             0x08009698   Section        0  printfa.o(i.__0sprintf)
    i.__scatterload_copy                     0x080096c0   Section       14  handlers.o(i.__scatterload_copy)
    i.__scatterload_null                     0x080096ce   Section        2  handlers.o(i.__scatterload_null)
    i.__scatterload_zeroinit                 0x080096d0   Section       14  handlers.o(i.__scatterload_zeroinit)
    i._fp_digits                             0x080096e0   Section        0  printfa.o(i._fp_digits)
    _fp_digits                               0x080096e1   Thumb Code   366  printfa.o(i._fp_digits)
    i._printf_core                           0x08009864   Section        0  printfa.o(i._printf_core)
    _printf_core                             0x08009865   Thumb Code  1744  printfa.o(i._printf_core)
    i._printf_post_padding                   0x08009f40   Section        0  printfa.o(i._printf_post_padding)
    _printf_post_padding                     0x08009f41   Thumb Code    36  printfa.o(i._printf_post_padding)
    i._printf_pre_padding                    0x08009f64   Section        0  printfa.o(i._printf_pre_padding)
    _printf_pre_padding                      0x08009f65   Thumb Code    46  printfa.o(i._printf_pre_padding)
    i._sputc                                 0x08009f92   Section        0  printfa.o(i._sputc)
    _sputc                                   0x08009f93   Thumb Code    10  printfa.o(i._sputc)
    .constdata                               0x08009f9c   Section    16392  main.o(.constdata)
    .constdata                               0x0800dfa4   Section       28  stm32f4xx_fsmc.o(.constdata)
    .constdata                               0x0800dfc0   Section     6080  lcd.o(.constdata)
    .constdata                               0x0800f780   Section      128  arm_common_tables.o(.constdata)
    .constdata                               0x0800f800   Section      256  arm_common_tables.o(.constdata)
    .constdata                               0x0800f900   Section      512  arm_common_tables.o(.constdata)
    .constdata                               0x0800fb00   Section     1024  arm_common_tables.o(.constdata)
    .constdata                               0x0800ff00   Section     2048  arm_common_tables.o(.constdata)
    .constdata                               0x08010700   Section     4096  arm_common_tables.o(.constdata)
    .constdata                               0x08011700   Section     8192  arm_common_tables.o(.constdata)
    .constdata                               0x08013700   Section    16384  arm_common_tables.o(.constdata)
    .constdata                               0x08017700   Section       40  arm_common_tables.o(.constdata)
    .constdata                               0x08017728   Section       96  arm_common_tables.o(.constdata)
    .constdata                               0x08017788   Section      112  arm_common_tables.o(.constdata)
    .constdata                               0x080177f8   Section      416  arm_common_tables.o(.constdata)
    .constdata                               0x08017998   Section      880  arm_common_tables.o(.constdata)
    .constdata                               0x08017d08   Section      896  arm_common_tables.o(.constdata)
    .constdata                               0x08018088   Section     3600  arm_common_tables.o(.constdata)
    .constdata                               0x08018e98   Section     7616  arm_common_tables.o(.constdata)
    .constdata                               0x0801ac58   Section      128  arm_common_tables.o(.constdata)
    .constdata                               0x0801acd8   Section      256  arm_common_tables.o(.constdata)
    .constdata                               0x0801add8   Section      512  arm_common_tables.o(.constdata)
    .constdata                               0x0801afd8   Section     1024  arm_common_tables.o(.constdata)
    .constdata                               0x0801b3d8   Section     2048  arm_common_tables.o(.constdata)
    .constdata                               0x0801bbd8   Section     4096  arm_common_tables.o(.constdata)
    .constdata                               0x0801cbd8   Section     8192  arm_common_tables.o(.constdata)
    .constdata                               0x0801ebd8   Section    16384  arm_common_tables.o(.constdata)
    .ARM.__AT_0x10000000                     0x10000000   Section    61440  malloc.o(.ARM.__AT_0x10000000)
    .ARM.__AT_0x1000F000                     0x1000f000   Section     3840  malloc.o(.ARM.__AT_0x1000F000)
    .data                                    0x20000000   Section       12  main.o(.data)
    .data                                    0x2000000c   Section       20  system_stm32f4xx.o(.data)
    .data                                    0x20000020   Section       16  stm32f4xx_rcc.o(.data)
    APBAHBPrescTable                         0x20000020   Data          16  stm32f4xx_rcc.o(.data)
    .data                                    0x20000030   Section        4  delay.o(.data)
    fac_us                                   0x20000030   Data           1  delay.o(.data)
    fac_ms                                   0x20000032   Data           2  delay.o(.data)
    .data                                    0x20000034   Section        6  usart.o(.data)
    .data                                    0x2000003a   Section        4  lcd.o(.data)
    .bss                                     0x20000040   Section    65536  main.o(.bss)
    .bss                                     0x20010040   Section      200  usart.o(.bss)
    .bss                                     0x20010108   Section       14  lcd.o(.bss)
    STACK                                    0x20010118   Section     4096  startup_stm32f40_41xxx.o(STACK)
    .ARM.__AT_0x68000000                     0x68000000   Section    983040  malloc.o(.ARM.__AT_0x68000000)
    .ARM.__AT_0x680F0000                     0x680f0000   Section    61440  malloc.o(.ARM.__AT_0x680F0000)

    Global Symbols

    Symbol Name                              Value     Ov Type        Size  Object(Section)

    BuildAttributes$$THM_ISAv4$E$P$D$K$B$S$7EM$VFPi3$EXTD16$VFPS$VFMA$PE$A:L22UL41UL21$X:L11$S22US41US21$IEEE1$IW$USESV6$~STKCKD$USESV7$~SHL$OTIME$ROPI$IEEEX$EBA8$MICROLIB$REQ8$PRES8$EABIv2 0x00000000   Number         0  anon$$obj.o ABSOLUTE
    __ARM_use_no_argv                        0x00000000   Number         0  main.o ABSOLUTE
    __use_no_errno                           0x00000000   Number         0  useno.o ABSOLUTE
    __use_no_exception_handling              0x00000000   Number         0  useno.o ABSOLUTE
    __use_no_fp                              0x00000000   Number         0  useno.o ABSOLUTE
    __use_no_heap                            0x00000000   Number         0  useno.o ABSOLUTE
    __use_no_heap_region                     0x00000000   Number         0  useno.o ABSOLUTE
    __use_no_semihosting                     0x00000000   Number         0  useno.o ABSOLUTE
    __use_no_semihosting_swi                 0x00000000   Number         0  useno.o ABSOLUTE
    __use_no_signal_handling                 0x00000000   Number         0  useno.o ABSOLUTE
    _printf_a                                0x00000000   Number         0  stubs.o ABSOLUTE
    _printf_c                                0x00000000   Number         0  stubs.o ABSOLUTE
    _printf_charcount                        0x00000000   Number         0  stubs.o ABSOLUTE
    _printf_d                                0x00000000   Number         0  stubs.o ABSOLUTE
    _printf_e                                0x00000000   Number         0  stubs.o ABSOLUTE
    _printf_f                                0x00000000   Number         0  stubs.o ABSOLUTE
    _printf_flags                            0x00000000   Number         0  stubs.o ABSOLUTE
    _printf_fp_dec                           0x00000000   Number         0  stubs.o ABSOLUTE
    _printf_fp_hex                           0x00000000   Number         0  stubs.o ABSOLUTE
    _printf_g                                0x00000000   Number         0  stubs.o ABSOLUTE
    _printf_i                                0x00000000   Number         0  stubs.o ABSOLUTE
    _printf_int_dec                          0x00000000   Number         0  stubs.o ABSOLUTE
    _printf_l                                0x00000000   Number         0  stubs.o ABSOLUTE
    _printf_lc                               0x00000000   Number         0  stubs.o ABSOLUTE
    _printf_ll                               0x00000000   Number         0  stubs.o ABSOLUTE
    _printf_lld                              0x00000000   Number         0  stubs.o ABSOLUTE
    _printf_lli                              0x00000000   Number         0  stubs.o ABSOLUTE
    _printf_llo                              0x00000000   Number         0  stubs.o ABSOLUTE
    _printf_llu                              0x00000000   Number         0  stubs.o ABSOLUTE
    _printf_llx                              0x00000000   Number         0  stubs.o ABSOLUTE
    _printf_longlong_dec                     0x00000000   Number         0  stubs.o ABSOLUTE
    _printf_longlong_hex                     0x00000000   Number         0  stubs.o ABSOLUTE
    _printf_longlong_oct                     0x00000000   Number         0  stubs.o ABSOLUTE
    _printf_ls                               0x00000000   Number         0  stubs.o ABSOLUTE
    _printf_mbtowc                           0x00000000   Number         0  stubs.o ABSOLUTE
    _printf_n                                0x00000000   Number         0  stubs.o ABSOLUTE
    _printf_o                                0x00000000   Number         0  stubs.o ABSOLUTE
    _printf_p                                0x00000000   Number         0  stubs.o ABSOLUTE
    _printf_percent                          0x00000000   Number         0  stubs.o ABSOLUTE
    _printf_pre_padding                      0x00000000   Number         0  stubs.o ABSOLUTE
    _printf_return_value                     0x00000000   Number         0  stubs.o ABSOLUTE
    _printf_s                                0x00000000   Number         0  stubs.o ABSOLUTE
    _printf_sizespec                         0x00000000   Number         0  stubs.o ABSOLUTE
    _printf_str                              0x00000000   Number         0  stubs.o ABSOLUTE
    _printf_truncate_signed                  0x00000000   Number         0  stubs.o ABSOLUTE
    _printf_truncate_unsigned                0x00000000   Number         0  stubs.o ABSOLUTE
    _printf_u                                0x00000000   Number         0  stubs.o ABSOLUTE
    _printf_wc                               0x00000000   Number         0  stubs.o ABSOLUTE
    _printf_wctomb                           0x00000000   Number         0  stubs.o ABSOLUTE
    _printf_widthprec                        0x00000000   Number         0  stubs.o ABSOLUTE
    _printf_x                                0x00000000   Number         0  stubs.o ABSOLUTE
    __cpp_initialize__aeabi_                  - Undefined Weak Reference
    __cxa_finalize                            - Undefined Weak Reference
    __decompress                              - Undefined Weak Reference
    _clock_init                               - Undefined Weak Reference
    _microlib_exit                            - Undefined Weak Reference
    __Vectors_Size                           0x00000188   Number         0  startup_stm32f40_41xxx.o ABSOLUTE
    __Vectors                                0x08000000   Data           4  startup_stm32f40_41xxx.o(RESET)
    __Vectors_End                            0x08000188   Data           0  startup_stm32f40_41xxx.o(RESET)
    arm_bitreversal_32                       0x08000189   Thumb Code   106  arm_bitreversal2.o(. text)
    arm_bitreversal_16                       0x080001f3   Thumb Code    86  arm_bitreversal2.o(. text)
    __main                                   0x08000249   Thumb Code     0  entry.o(.ARM.Collect$$$$00000000)
    _main_stk                                0x08000249   Thumb Code     0  entry2.o(.ARM.Collect$$$$00000001)
    _main_scatterload                        0x0800024d   Thumb Code     0  entry5.o(.ARM.Collect$$$$00000004)
    __main_after_scatterload                 0x08000251   Thumb Code     0  entry5.o(.ARM.Collect$$$$00000004)
    _main_clock                              0x08000251   Thumb Code     0  entry7b.o(.ARM.Collect$$$$00000008)
    _main_cpp_init                           0x08000251   Thumb Code     0  entry8b.o(.ARM.Collect$$$$0000000A)
    _main_init                               0x08000251   Thumb Code     0  entry9a.o(.ARM.Collect$$$$0000000B)
    __rt_final_cpp                           0x08000259   Thumb Code     0  entry10a.o(.ARM.Collect$$$$0000000D)
    __rt_final_exit                          0x08000259   Thumb Code     0  entry11a.o(.ARM.Collect$$$$0000000F)
    systemInit                               0x0800025d   Thumb Code    44  main.o(.text)
    main                                     0x08000289   Thumb Code  1350  main.o(.text)
    TIM3_IRQHandler                          0x080007cf   Thumb Code   104  main.o(.text)
    NMI_Handler                              0x08000869   Thumb Code     2  stm32f4xx_it.o(.text)
    HardFault_Handler                        0x0800086b   Thumb Code     4  stm32f4xx_it.o(.text)
    MemManage_Handler                        0x0800086f   Thumb Code     4  stm32f4xx_it.o(.text)
    BusFault_Handler                         0x08000873   Thumb Code     4  stm32f4xx_it.o(.text)
    UsageFault_Handler                       0x08000877   Thumb Code     4  stm32f4xx_it.o(.text)
    SVC_Handler                              0x0800087b   Thumb Code     2  stm32f4xx_it.o(.text)
    DebugMon_Handler                         0x0800087d   Thumb Code     2  stm32f4xx_it.o(.text)
    PendSV_Handler                           0x0800087f   Thumb Code     2  stm32f4xx_it.o(.text)
    SysTick_Handler                          0x08000881   Thumb Code     2  stm32f4xx_it.o(.text)
    SystemInit                               0x08000961   Thumb Code    88  system_stm32f4xx.o(.text)
    SystemCoreClockUpdate                    0x080009b9   Thumb Code   174  system_stm32f4xx.o(.text)
    Reset_Handler                            0x08000a95   Thumb Code     8  startup_stm32f40_41xxx.o(.text)
    ADC_IRQHandler                           0x08000aaf   Thumb Code     0  startup_stm32f40_41xxx.o(.text)
    CAN1_RX0_IRQHandler                      0x08000aaf   Thumb Code     0  startup_stm32f40_41xxx.o(.text)
    CAN1_RX1_IRQHandler                      0x08000aaf   Thumb Code     0  startup_stm32f40_41xxx.o(.text)
    CAN1_SCE_IRQHandler                      0x08000aaf   Thumb Code     0  startup_stm32f40_41xxx.o(.text)
    CAN1_TX_IRQHandler                       0x08000aaf   Thumb Code     0  startup_stm32f40_41xxx.o(.text)
    CAN2_RX0_IRQHandler                      0x08000aaf   Thumb Code     0  startup_stm32f40_41xxx.o(.text)
    CAN2_RX1_IRQHandler                      0x08000aaf   Thumb Code     0  startup_stm32f40_41xxx.o(.text)
    CAN2_SCE_IRQHandler                      0x08000aaf   Thumb Code     0  startup_stm32f40_41xxx.o(.text)
    CAN2_TX_IRQHandler                       0x08000aaf   Thumb Code     0  startup_stm32f40_41xxx.o(.text)
    CRYP_IRQHandler                          0x08000aaf   Thumb Code     0  startup_stm32f40_41xxx.o(.text)
    DCMI_IRQHandler                          0x08000aaf   Thumb Code     0  startup_stm32f40_41xxx.o(.text)
    DMA1_Stream0_IRQHandler                  0x08000aaf   Thumb Code     0  startup_stm32f40_41xxx.o(.text)
    DMA1_Stream1_IRQHandler                  0x08000aaf   Thumb Code     0  startup_stm32f40_41xxx.o(.text)
    DMA1_Stream2_IRQHandler                  0x08000aaf   Thumb Code     0  startup_stm32f40_41xxx.o(.text)
    DMA1_Stream3_IRQHandler                  0x08000aaf   Thumb Code     0  startup_stm32f40_41xxx.o(.text)
    DMA1_Stream4_IRQHandler                  0x08000aaf   Thumb Code     0  startup_stm32f40_41xxx.o(.text)
    DMA1_Stream5_IRQHandler                  0x08000aaf   Thumb Code     0  startup_stm32f40_41xxx.o(.text)
    DMA1_Stream6_IRQHandler                  0x08000aaf   Thumb Code     0  startup_stm32f40_41xxx.o(.text)
    DMA1_Stream7_IRQHandler                  0x08000aaf   Thumb Code     0  startup_stm32f40_41xxx.o(.text)
    DMA2_Stream0_IRQHandler                  0x08000aaf   Thumb Code     0  startup_stm32f40_41xxx.o(.text)
    DMA2_Stream1_IRQHandler                  0x08000aaf   Thumb Code     0  startup_stm32f40_41xxx.o(.text)
    DMA2_Stream2_IRQHandler                  0x08000aaf   Thumb Code     0  startup_stm32f40_41xxx.o(.text)
    DMA2_Stream3_IRQHandler                  0x08000aaf   Thumb Code     0  startup_stm32f40_41xxx.o(.text)
    DMA2_Stream4_IRQHandler                  0x08000aaf   Thumb Code     0  startup_stm32f40_41xxx.o(.text)
    DMA2_Stream5_IRQHandler                  0x08000aaf   Thumb Code     0  startup_stm32f40_41xxx.o(.text)
    DMA2_Stream6_IRQHandler                  0x08000aaf   Thumb Code     0  startup_stm32f40_41xxx.o(.text)
    DMA2_Stream7_IRQHandler                  0x08000aaf   Thumb Code     0  startup_stm32f40_41xxx.o(.text)
    ETH_IRQHandler                           0x08000aaf   Thumb Code     0  startup_stm32f40_41xxx.o(.text)
    ETH_WKUP_IRQHandler                      0x08000aaf   Thumb Code     0  startup_stm32f40_41xxx.o(.text)
    EXTI0_IRQHandler                         0x08000aaf   Thumb Code     0  startup_stm32f40_41xxx.o(.text)
    EXTI15_10_IRQHandler                     0x08000aaf   Thumb Code     0  startup_stm32f40_41xxx.o(.text)
    EXTI1_IRQHandler                         0x08000aaf   Thumb Code     0  startup_stm32f40_41xxx.o(.text)
    EXTI2_IRQHandler                         0x08000aaf   Thumb Code     0  startup_stm32f40_41xxx.o(.text)
    EXTI3_IRQHandler                         0x08000aaf   Thumb Code     0  startup_stm32f40_41xxx.o(.text)
    EXTI4_IRQHandler                         0x08000aaf   Thumb Code     0  startup_stm32f40_41xxx.o(.text)
    EXTI9_5_IRQHandler                       0x08000aaf   Thumb Code     0  startup_stm32f40_41xxx.o(.text)
    FLASH_IRQHandler                         0x08000aaf   Thumb Code     0  startup_stm32f40_41xxx.o(.text)
    FPU_IRQHandler                           0x08000aaf   Thumb Code     0  startup_stm32f40_41xxx.o(.text)
    FSMC_IRQHandler                          0x08000aaf   Thumb Code     0  startup_stm32f40_41xxx.o(.text)
    HASH_RNG_IRQHandler                      0x08000aaf   Thumb Code     0  startup_stm32f40_41xxx.o(.text)
    I2C1_ER_IRQHandler                       0x08000aaf   Thumb Code     0  startup_stm32f40_41xxx.o(.text)
    I2C1_EV_IRQHandler                       0x08000aaf   Thumb Code     0  startup_stm32f40_41xxx.o(.text)
    I2C2_ER_IRQHandler                       0x08000aaf   Thumb Code     0  startup_stm32f40_41xxx.o(.text)
    I2C2_EV_IRQHandler                       0x08000aaf   Thumb Code     0  startup_stm32f40_41xxx.o(.text)
    I2C3_ER_IRQHandler                       0x08000aaf   Thumb Code     0  startup_stm32f40_41xxx.o(.text)
    I2C3_EV_IRQHandler                       0x08000aaf   Thumb Code     0  startup_stm32f40_41xxx.o(.text)
    OTG_FS_IRQHandler                        0x08000aaf   Thumb Code     0  startup_stm32f40_41xxx.o(.text)
    OTG_FS_WKUP_IRQHandler                   0x08000aaf   Thumb Code     0  startup_stm32f40_41xxx.o(.text)
    OTG_HS_EP1_IN_IRQHandler                 0x08000aaf   Thumb Code     0  startup_stm32f40_41xxx.o(.text)
    OTG_HS_EP1_OUT_IRQHandler                0x08000aaf   Thumb Code     0  startup_stm32f40_41xxx.o(.text)
    OTG_HS_IRQHandler                        0x08000aaf   Thumb Code     0  startup_stm32f40_41xxx.o(.text)
    OTG_HS_WKUP_IRQHandler                   0x08000aaf   Thumb Code     0  startup_stm32f40_41xxx.o(.text)
    PVD_IRQHandler                           0x08000aaf   Thumb Code     0  startup_stm32f40_41xxx.o(.text)
    RCC_IRQHandler                           0x08000aaf   Thumb Code     0  startup_stm32f40_41xxx.o(.text)
    RTC_Alarm_IRQHandler                     0x08000aaf   Thumb Code     0  startup_stm32f40_41xxx.o(.text)
    RTC_WKUP_IRQHandler                      0x08000aaf   Thumb Code     0  startup_stm32f40_41xxx.o(.text)
    SDIO_IRQHandler                          0x08000aaf   Thumb Code     0  startup_stm32f40_41xxx.o(.text)
    SPI1_IRQHandler                          0x08000aaf   Thumb Code     0  startup_stm32f40_41xxx.o(.text)
    SPI2_IRQHandler                          0x08000aaf   Thumb Code     0  startup_stm32f40_41xxx.o(.text)
    SPI3_IRQHandler                          0x08000aaf   Thumb Code     0  startup_stm32f40_41xxx.o(.text)
    TAMP_STAMP_IRQHandler                    0x08000aaf   Thumb Code     0  startup_stm32f40_41xxx.o(.text)
    TIM1_BRK_TIM9_IRQHandler                 0x08000aaf   Thumb Code     0  startup_stm32f40_41xxx.o(.text)
    TIM1_CC_IRQHandler                       0x08000aaf   Thumb Code     0  startup_stm32f40_41xxx.o(.text)
    TIM1_TRG_COM_TIM11_IRQHandler            0x08000aaf   Thumb Code     0  startup_stm32f40_41xxx.o(.text)
    TIM1_UP_TIM10_IRQHandler                 0x08000aaf   Thumb Code     0  startup_stm32f40_41xxx.o(.text)
    TIM2_IRQHandler                          0x08000aaf   Thumb Code     0  startup_stm32f40_41xxx.o(.text)
    TIM4_IRQHandler                          0x08000aaf   Thumb Code     0  startup_stm32f40_41xxx.o(.text)
    TIM5_IRQHandler                          0x08000aaf   Thumb Code     0  startup_stm32f40_41xxx.o(.text)
    TIM6_DAC_IRQHandler                      0x08000aaf   Thumb Code     0  startup_stm32f40_41xxx.o(.text)
    TIM7_IRQHandler                          0x08000aaf   Thumb Code     0  startup_stm32f40_41xxx.o(.text)
    TIM8_BRK_TIM12_IRQHandler                0x08000aaf   Thumb Code     0  startup_stm32f40_41xxx.o(.text)
    TIM8_CC_IRQHandler                       0x08000aaf   Thumb Code     0  startup_stm32f40_41xxx.o(.text)
    TIM8_TRG_COM_TIM14_IRQHandler            0x08000aaf   Thumb Code     0  startup_stm32f40_41xxx.o(.text)
    TIM8_UP_TIM13_IRQHandler                 0x08000aaf   Thumb Code     0  startup_stm32f40_41xxx.o(.text)
    UART4_IRQHandler                         0x08000aaf   Thumb Code     0  startup_stm32f40_41xxx.o(.text)
    UART5_IRQHandler                         0x08000aaf   Thumb Code     0  startup_stm32f40_41xxx.o(.text)
    USART2_IRQHandler                        0x08000aaf   Thumb Code     0  startup_stm32f40_41xxx.o(.text)
    USART3_IRQHandler                        0x08000aaf   Thumb Code     0  startup_stm32f40_41xxx.o(.text)
    USART6_IRQHandler                        0x08000aaf   Thumb Code     0  startup_stm32f40_41xxx.o(.text)
    WWDG_IRQHandler                          0x08000aaf   Thumb Code     0  startup_stm32f40_41xxx.o(.text)
    NVIC_PriorityGroupConfig                 0x08000ab9   Thumb Code    10  misc.o(.text)
    NVIC_Init                                0x08000ac3   Thumb Code   106  misc.o(.text)
    NVIC_SetVectorTable                      0x08000b2d   Thumb Code    14  misc.o(.text)
    NVIC_SystemLPConfig                      0x08000b3b   Thumb Code    34  misc.o(.text)
    SysTick_CLKSourceConfig                  0x08000b5d   Thumb Code    40  misc.o(.text)
    FSMC_NORSRAMDeInit                       0x08000b99   Thumb Code    54  stm32f4xx_fsmc.o(.text)
    FSMC_NORSRAMInit                         0x08000bcf   Thumb Code   230  stm32f4xx_fsmc.o(.text)
    FSMC_NORSRAMStructInit                   0x08000cb5   Thumb Code    48  stm32f4xx_fsmc.o(.text)
    FSMC_NORSRAMCmd                          0x08000ce5   Thumb Code    46  stm32f4xx_fsmc.o(.text)
    FSMC_NANDDeInit                          0x08000d13   Thumb Code    62  stm32f4xx_fsmc.o(.text)
    FSMC_NANDInit                            0x08000d51   Thumb Code   132  stm32f4xx_fsmc.o(.text)
    FSMC_NANDStructInit                      0x08000dd5   Thumb Code    54  stm32f4xx_fsmc.o(.text)
    FSMC_NANDCmd                             0x08000e0b   Thumb Code    86  stm32f4xx_fsmc.o(.text)
    FSMC_NANDECCCmd                          0x08000e61   Thumb Code    86  stm32f4xx_fsmc.o(.text)
    FSMC_GetECC                              0x08000eb7   Thumb Code    24  stm32f4xx_fsmc.o(.text)
    FSMC_PCCARDDeInit                        0x08000ecf   Thumb Code    36  stm32f4xx_fsmc.o(.text)
    FSMC_PCCARDInit                          0x08000ef3   Thumb Code   130  stm32f4xx_fsmc.o(.text)
    FSMC_PCCARDStructInit                    0x08000f75   Thumb Code    60  stm32f4xx_fsmc.o(.text)
    FSMC_PCCARDCmd                           0x08000fb1   Thumb Code    44  stm32f4xx_fsmc.o(.text)
    FSMC_ITConfig                            0x08000fdd   Thumb Code   128  stm32f4xx_fsmc.o(.text)
    FSMC_GetFlagStatus                       0x0800105d   Thumb Code    54  stm32f4xx_fsmc.o(.text)
    FSMC_ClearFlag                           0x08001093   Thumb Code    74  stm32f4xx_fsmc.o(.text)
    FSMC_GetITStatus                         0x080010dd   Thumb Code    62  stm32f4xx_fsmc.o(.text)
    FSMC_ClearITPendingBit                   0x0800111b   Thumb Code    66  stm32f4xx_fsmc.o(.text)
    GPIO_DeInit                              0x08001161   Thumb Code   268  stm32f4xx_gpio.o(.text)
    GPIO_Init                                0x0800126d   Thumb Code   144  stm32f4xx_gpio.o(.text)
    GPIO_StructInit                          0x080012fd   Thumb Code    18  stm32f4xx_gpio.o(.text)
    GPIO_PinLockConfig                       0x0800130f   Thumb Code    34  stm32f4xx_gpio.o(.text)
    GPIO_ReadInputDataBit                    0x08001331   Thumb Code    18  stm32f4xx_gpio.o(.text)
    GPIO_ReadInputData                       0x08001343   Thumb Code     8  stm32f4xx_gpio.o(.text)
    GPIO_ReadOutputDataBit                   0x0800134b   Thumb Code    18  stm32f4xx_gpio.o(.text)
    GPIO_ReadOutputData                      0x0800135d   Thumb Code     8  stm32f4xx_gpio.o(.text)
    GPIO_SetBits                             0x08001365   Thumb Code     4  stm32f4xx_gpio.o(.text)
    GPIO_ResetBits                           0x08001369   Thumb Code     4  stm32f4xx_gpio.o(.text)
    GPIO_WriteBit                            0x0800136d   Thumb Code    10  stm32f4xx_gpio.o(.text)
    GPIO_Write                               0x08001377   Thumb Code     4  stm32f4xx_gpio.o(.text)
    GPIO_ToggleBits                          0x0800137b   Thumb Code     8  stm32f4xx_gpio.o(.text)
    GPIO_PinAFConfig                         0x08001383   Thumb Code    70  stm32f4xx_gpio.o(.text)
    RCC_DeInit                               0x080013f5   Thumb Code    82  stm32f4xx_rcc.o(.text)
    RCC_HSEConfig                            0x08001447   Thumb Code    14  stm32f4xx_rcc.o(.text)
    RCC_GetFlagStatus                        0x08001455   Thumb Code    60  stm32f4xx_rcc.o(.text)
    RCC_WaitForHSEStartUp                    0x08001491   Thumb Code    56  stm32f4xx_rcc.o(.text)
    RCC_AdjustHSICalibrationValue            0x080014c9   Thumb Code    20  stm32f4xx_rcc.o(.text)
    RCC_HSICmd                               0x080014dd   Thumb Code     6  stm32f4xx_rcc.o(.text)
    RCC_LSEConfig                            0x080014e3   Thumb Code    46  stm32f4xx_rcc.o(.text)
    RCC_LSICmd                               0x08001511   Thumb Code     6  stm32f4xx_rcc.o(.text)
    RCC_PLLConfig                            0x08001517   Thumb Code    32  stm32f4xx_rcc.o(.text)
    RCC_PLLCmd                               0x08001537   Thumb Code     6  stm32f4xx_rcc.o(.text)
    RCC_PLLI2SConfig                         0x0800153d   Thumb Code    14  stm32f4xx_rcc.o(.text)
    RCC_PLLI2SCmd                            0x0800154b   Thumb Code     6  stm32f4xx_rcc.o(.text)
    RCC_PLLSAIConfig                         0x08001551   Thumb Code    20  stm32f4xx_rcc.o(.text)
    RCC_PLLSAICmd                            0x08001565   Thumb Code     6  stm32f4xx_rcc.o(.text)
    RCC_ClockSecuritySystemCmd               0x0800156b   Thumb Code     6  stm32f4xx_rcc.o(.text)
    RCC_MCO1Config                           0x08001571   Thumb Code    28  stm32f4xx_rcc.o(.text)
    RCC_MCO2Config                           0x0800158d   Thumb Code    28  stm32f4xx_rcc.o(.text)
    RCC_SYSCLKConfig                         0x080015a9   Thumb Code    20  stm32f4xx_rcc.o(.text)
    RCC_GetSYSCLKSource                      0x080015bd   Thumb Code    12  stm32f4xx_rcc.o(.text)
    RCC_HCLKConfig                           0x080015c9   Thumb Code    20  stm32f4xx_rcc.o(.text)
    RCC_PCLK1Config                          0x080015dd   Thumb Code    20  stm32f4xx_rcc.o(.text)
    RCC_PCLK2Config                          0x080015f1   Thumb Code    22  stm32f4xx_rcc.o(.text)
    RCC_GetClocksFreq                        0x08001607   Thumb Code   222  stm32f4xx_rcc.o(.text)
    RCC_RTCCLKConfig                         0x080016e5   Thumb Code    54  stm32f4xx_rcc.o(.text)
    RCC_RTCCLKCmd                            0x0800171b   Thumb Code     8  stm32f4xx_rcc.o(.text)
    RCC_BackupResetCmd                       0x08001723   Thumb Code     8  stm32f4xx_rcc.o(.text)
    RCC_I2SCLKConfig                         0x0800172b   Thumb Code     6  stm32f4xx_rcc.o(.text)
    RCC_SAIPLLI2SClkDivConfig                0x08001731   Thumb Code    26  stm32f4xx_rcc.o(.text)
    RCC_SAIPLLSAIClkDivConfig                0x0800174b   Thumb Code    28  stm32f4xx_rcc.o(.text)
    RCC_SAIBlockACLKConfig                   0x08001767   Thumb Code    20  stm32f4xx_rcc.o(.text)
    RCC_SAIBlockBCLKConfig                   0x0800177b   Thumb Code    20  stm32f4xx_rcc.o(.text)
    RCC_LTDCCLKDivConfig                     0x0800178f   Thumb Code    20  stm32f4xx_rcc.o(.text)
    RCC_TIMCLKPresConfig                     0x080017a3   Thumb Code     6  stm32f4xx_rcc.o(.text)
    RCC_AHB1PeriphClockCmd                   0x080017a9   Thumb Code    34  stm32f4xx_rcc.o(.text)
    RCC_AHB2PeriphClockCmd                   0x080017cb   Thumb Code    78  stm32f4xx_rcc.o(.text)
    RCC_AHB3PeriphClockCmd                   0x08001819   Thumb Code    34  stm32f4xx_rcc.o(.text)
    RCC_APB1PeriphClockCmd                   0x0800183b   Thumb Code    34  stm32f4xx_rcc.o(.text)
    RCC_APB2PeriphClockCmd                   0x0800185d   Thumb Code    34  stm32f4xx_rcc.o(.text)
    RCC_AHB1PeriphResetCmd                   0x0800187f   Thumb Code    34  stm32f4xx_rcc.o(.text)
    RCC_AHB2PeriphResetCmd                   0x080018a1   Thumb Code    34  stm32f4xx_rcc.o(.text)
    RCC_AHB3PeriphResetCmd                   0x080018c3   Thumb Code    34  stm32f4xx_rcc.o(.text)
    RCC_APB1PeriphResetCmd                   0x080018e5   Thumb Code    34  stm32f4xx_rcc.o(.text)
    RCC_APB2PeriphResetCmd                   0x08001907   Thumb Code    34  stm32f4xx_rcc.o(.text)
    RCC_AHB1PeriphClockLPModeCmd             0x08001929   Thumb Code    34  stm32f4xx_rcc.o(.text)
    RCC_AHB2PeriphClockLPModeCmd             0x0800194b   Thumb Code    34  stm32f4xx_rcc.o(.text)
    RCC_AHB3PeriphClockLPModeCmd             0x0800196d   Thumb Code    34  stm32f4xx_rcc.o(.text)
    RCC_APB1PeriphClockLPModeCmd             0x0800198f   Thumb Code    34  stm32f4xx_rcc.o(.text)
    RCC_APB2PeriphClockLPModeCmd             0x080019b1   Thumb Code    34  stm32f4xx_rcc.o(.text)
    RCC_LSEModeConfig                        0x080019d3   Thumb Code    40  stm32f4xx_rcc.o(.text)
    RCC_ITConfig                             0x080019fb   Thumb Code    34  stm32f4xx_rcc.o(.text)
    RCC_ClearFlag                            0x08001a1d   Thumb Code    18  stm32f4xx_rcc.o(.text)
    RCC_GetITStatus                          0x08001a2f   Thumb Code    22  stm32f4xx_rcc.o(.text)
    RCC_ClearITPendingBit                    0x08001a45   Thumb Code     8  stm32f4xx_rcc.o(.text)
    TIM_DeInit                               0x08001a51   Thumb Code   346  stm32f4xx_tim.o(.text)
    TIM_TimeBaseInit                         0x08001bab   Thumb Code   104  stm32f4xx_tim.o(.text)
    TIM_TimeBaseStructInit                   0x08001c13   Thumb Code    18  stm32f4xx_tim.o(.text)
    TIM_PrescalerConfig                      0x08001c25   Thumb Code     6  stm32f4xx_tim.o(.text)
    TIM_CounterModeConfig                    0x08001c2b   Thumb Code    18  stm32f4xx_tim.o(.text)
    TIM_SetCounter                           0x08001c3d   Thumb Code     4  stm32f4xx_tim.o(.text)
    TIM_SetAutoreload                        0x08001c41   Thumb Code     4  stm32f4xx_tim.o(.text)
    TIM_GetCounter                           0x08001c45   Thumb Code     6  stm32f4xx_tim.o(.text)
    TIM_GetPrescaler                         0x08001c4b   Thumb Code     6  stm32f4xx_tim.o(.text)
    TIM_UpdateDisableConfig                  0x08001c51   Thumb Code    24  stm32f4xx_tim.o(.text)
    TIM_UpdateRequestConfig                  0x08001c69   Thumb Code    24  stm32f4xx_tim.o(.text)
    TIM_ARRPreloadConfig                     0x08001c81   Thumb Code    24  stm32f4xx_tim.o(.text)
    TIM_SelectOnePulseMode                   0x08001c99   Thumb Code    18  stm32f4xx_tim.o(.text)
    TIM_SetClockDivision                     0x08001cab   Thumb Code    18  stm32f4xx_tim.o(.text)
    TIM_Cmd                                  0x08001cbd   Thumb Code    24  stm32f4xx_tim.o(.text)
    TIM_OC1Init                              0x08001cd5   Thumb Code   114  stm32f4xx_tim.o(.text)
    TIM_OC2Init                              0x08001d47   Thumb Code   154  stm32f4xx_tim.o(.text)
    TIM_OC3Init                              0x08001de1   Thumb Code   204  stm32f4xx_tim.o(.text)
    TIM_OC4Init                              0x08001ead   Thumb Code   112  stm32f4xx_tim.o(.text)
    TIM_OCStructInit                         0x08001f1d   Thumb Code    20  stm32f4xx_tim.o(.text)
    TIM_SelectOCxM                           0x08001f31   Thumb Code    86  stm32f4xx_tim.o(.text)
    TIM_SetCompare1                          0x08001f87   Thumb Code     4  stm32f4xx_tim.o(.text)
    TIM_SetCompare2                          0x08001f8b   Thumb Code     4  stm32f4xx_tim.o(.text)
    TIM_SetCompare3                          0x08001f8f   Thumb Code     4  stm32f4xx_tim.o(.text)
    TIM_SetCompare4                          0x08001f93   Thumb Code     4  stm32f4xx_tim.o(.text)
    TIM_ForcedOC1Config                      0x08001f97   Thumb Code    18  stm32f4xx_tim.o(.text)
    TIM_ForcedOC2Config                      0x08001fa9   Thumb Code    26  stm32f4xx_tim.o(.text)
    TIM_ForcedOC3Config                      0x08001fc3   Thumb Code    18  stm32f4xx_tim.o(.text)
    TIM_ForcedOC4Config                      0x08001fd5   Thumb Code    26  stm32f4xx_tim.o(.text)
    TIM_OC1PreloadConfig                     0x08001fef   Thumb Code    18  stm32f4xx_tim.o(.text)
    TIM_OC2PreloadConfig                     0x08002001   Thumb Code    26  stm32f4xx_tim.o(.text)
    TIM_OC3PreloadConfig                     0x0800201b   Thumb Code    18  stm32f4xx_tim.o(.text)
    TIM_OC4PreloadConfig                     0x0800202d   Thumb Code    26  stm32f4xx_tim.o(.text)
    TIM_OC1FastConfig                        0x08002047   Thumb Code    18  stm32f4xx_tim.o(.text)
    TIM_OC2FastConfig                        0x08002059   Thumb Code    26  stm32f4xx_tim.o(.text)
    TIM_OC3FastConfig                        0x08002073   Thumb Code    18  stm32f4xx_tim.o(.text)
    TIM_OC4FastConfig                        0x08002085   Thumb Code    26  stm32f4xx_tim.o(.text)
    TIM_ClearOC1Ref                          0x0800209f   Thumb Code    18  stm32f4xx_tim.o(.text)
    TIM_ClearOC2Ref                          0x080020b1   Thumb Code    24  stm32f4xx_tim.o(.text)
    TIM_ClearOC3Ref                          0x080020c9   Thumb Code    18  stm32f4xx_tim.o(.text)
    TIM_ClearOC4Ref                          0x080020db   Thumb Code    24  stm32f4xx_tim.o(.text)
    TIM_OC1PolarityConfig                    0x080020f3   Thumb Code    18  stm32f4xx_tim.o(.text)
    TIM_OC1NPolarityConfig                   0x08002105   Thumb Code    18  stm32f4xx_tim.o(.text)
    TIM_OC2PolarityConfig                    0x08002117   Thumb Code    26  stm32f4xx_tim.o(.text)
    TIM_OC2NPolarityConfig                   0x08002131   Thumb Code    26  stm32f4xx_tim.o(.text)
    TIM_OC3PolarityConfig                    0x0800214b   Thumb Code    26  stm32f4xx_tim.o(.text)
    TIM_OC3NPolarityConfig                   0x08002165   Thumb Code    26  stm32f4xx_tim.o(.text)
    TIM_OC4PolarityConfig                    0x0800217f   Thumb Code    26  stm32f4xx_tim.o(.text)
    TIM_CCxCmd                               0x08002199   Thumb Code    30  stm32f4xx_tim.o(.text)
    TIM_CCxNCmd                              0x080021b7   Thumb Code    30  stm32f4xx_tim.o(.text)
    TIM_SetIC4Prescaler                      0x080021d5   Thumb Code    26  stm32f4xx_tim.o(.text)
    TIM_SetIC3Prescaler                      0x0800223f   Thumb Code    18  stm32f4xx_tim.o(.text)
    TIM_SetIC2Prescaler                      0x08002299   Thumb Code    26  stm32f4xx_tim.o(.text)
    TIM_SetIC1Prescaler                      0x0800230d   Thumb Code    18  stm32f4xx_tim.o(.text)
    TIM_ICInit                               0x08002359   Thumb Code   110  stm32f4xx_tim.o(.text)
    TIM_ICStructInit                         0x080023c7   Thumb Code    18  stm32f4xx_tim.o(.text)
    TIM_PWMIConfig                           0x080023d9   Thumb Code   124  stm32f4xx_tim.o(.text)
    TIM_GetCapture1                          0x08002455   Thumb Code     6  stm32f4xx_tim.o(.text)
    TIM_GetCapture2                          0x0800245b   Thumb Code     6  stm32f4xx_tim.o(.text)
    TIM_GetCapture3                          0x08002461   Thumb Code     6  stm32f4xx_tim.o(.text)
    TIM_GetCapture4                          0x08002467   Thumb Code     6  stm32f4xx_tim.o(.text)
    TIM_BDTRConfig                           0x0800246d   Thumb Code    32  stm32f4xx_tim.o(.text)
    TIM_BDTRStructInit                       0x0800248d   Thumb Code    18  stm32f4xx_tim.o(.text)
    TIM_CtrlPWMOutputs                       0x0800249f   Thumb Code    30  stm32f4xx_tim.o(.text)
    TIM_SelectCOM                            0x080024bd   Thumb Code    24  stm32f4xx_tim.o(.text)
    TIM_CCPreloadControl                     0x080024d5   Thumb Code    24  stm32f4xx_tim.o(.text)
    TIM_ITConfig                             0x080024ed   Thumb Code    18  stm32f4xx_tim.o(.text)
    TIM_GenerateEvent                        0x080024ff   Thumb Code     4  stm32f4xx_tim.o(.text)
    TIM_GetFlagStatus                        0x08002503   Thumb Code    18  stm32f4xx_tim.o(.text)
    TIM_ClearFlag                            0x08002515   Thumb Code     6  stm32f4xx_tim.o(.text)
    TIM_GetITStatus                          0x0800251b   Thumb Code    34  stm32f4xx_tim.o(.text)
    TIM_ClearITPendingBit                    0x0800253d   Thumb Code     6  stm32f4xx_tim.o(.text)
    TIM_DMAConfig                            0x08002543   Thumb Code    10  stm32f4xx_tim.o(.text)
    TIM_DMACmd                               0x0800254d   Thumb Code    18  stm32f4xx_tim.o(.text)
    TIM_SelectCCDMA                          0x0800255f   Thumb Code    24  stm32f4xx_tim.o(.text)
    TIM_InternalClockConfig                  0x08002577   Thumb Code    12  stm32f4xx_tim.o(.text)
    TIM_SelectInputTrigger                   0x08002583   Thumb Code    18  stm32f4xx_tim.o(.text)
    TIM_ITRxExternalClockConfig              0x08002595   Thumb Code    24  stm32f4xx_tim.o(.text)
    TIM_TIxExternalClockConfig               0x080025ad   Thumb Code    62  stm32f4xx_tim.o(.text)
    TIM_ETRConfig                            0x080025eb   Thumb Code    28  stm32f4xx_tim.o(.text)
    TIM_ETRClockMode1Config                  0x08002607   Thumb Code    54  stm32f4xx_tim.o(.text)
    TIM_ETRClockMode2Config                  0x0800263d   Thumb Code    32  stm32f4xx_tim.o(.text)
    TIM_SelectOutputTrigger                  0x0800265d   Thumb Code    18  stm32f4xx_tim.o(.text)
    TIM_SelectSlaveMode                      0x0800266f   Thumb Code    18  stm32f4xx_tim.o(.text)
    TIM_SelectMasterSlaveMode                0x08002681   Thumb Code    18  stm32f4xx_tim.o(.text)
    TIM_EncoderInterfaceConfig               0x08002693   Thumb Code    66  stm32f4xx_tim.o(.text)
    TIM_SelectHallSensor                     0x080026d5   Thumb Code    24  stm32f4xx_tim.o(.text)
    TIM_RemapConfig                          0x080026ed   Thumb Code     6  stm32f4xx_tim.o(.text)
    USART_DeInit                             0x080026f5   Thumb Code   206  stm32f4xx_usart.o(.text)
    USART_Init                               0x080027c3   Thumb Code   204  stm32f4xx_usart.o(.text)
    USART_StructInit                         0x0800288f   Thumb Code    24  stm32f4xx_usart.o(.text)
    USART_ClockInit                          0x080028a7   Thumb Code    32  stm32f4xx_usart.o(.text)
    USART_ClockStructInit                    0x080028c7   Thumb Code    12  stm32f4xx_usart.o(.text)
    USART_Cmd                                0x080028d3   Thumb Code    24  stm32f4xx_usart.o(.text)
    USART_SetPrescaler                       0x080028eb   Thumb Code    16  stm32f4xx_usart.o(.text)
    USART_OverSampling8Cmd                   0x080028fb   Thumb Code    22  stm32f4xx_usart.o(.text)
    USART_OneBitMethodCmd                    0x08002911   Thumb Code    24  stm32f4xx_usart.o(.text)
    USART_SendData                           0x08002929   Thumb Code     8  stm32f4xx_usart.o(.text)
    USART_ReceiveData                        0x08002931   Thumb Code    10  stm32f4xx_usart.o(.text)
    USART_SetAddress                         0x0800293b   Thumb Code    18  stm32f4xx_usart.o(.text)
    USART_ReceiverWakeUpCmd                  0x0800294d   Thumb Code    24  stm32f4xx_usart.o(.text)
    USART_WakeUpConfig                       0x08002965   Thumb Code    18  stm32f4xx_usart.o(.text)
    USART_LINBreakDetectLengthConfig         0x08002977   Thumb Code    18  stm32f4xx_usart.o(.text)
    USART_LINCmd                             0x08002989   Thumb Code    24  stm32f4xx_usart.o(.text)
    USART_SendBreak                          0x080029a1   Thumb Code    10  stm32f4xx_usart.o(.text)
    USART_HalfDuplexCmd                      0x080029ab   Thumb Code    24  stm32f4xx_usart.o(.text)
    USART_SetGuardTime                       0x080029c3   Thumb Code    16  stm32f4xx_usart.o(.text)
    USART_SmartCardCmd                       0x080029d3   Thumb Code    24  stm32f4xx_usart.o(.text)
    USART_SmartCardNACKCmd                   0x080029eb   Thumb Code    24  stm32f4xx_usart.o(.text)
    USART_IrDAConfig                         0x08002a03   Thumb Code    18  stm32f4xx_usart.o(.text)
    USART_IrDACmd                            0x08002a15   Thumb Code    24  stm32f4xx_usart.o(.text)
    USART_DMACmd                             0x08002a2d   Thumb Code    18  stm32f4xx_usart.o(.text)
    USART_ITConfig                           0x08002a3f   Thumb Code    74  stm32f4xx_usart.o(.text)
    USART_GetFlagStatus                      0x08002a89   Thumb Code    26  stm32f4xx_usart.o(.text)
    USART_ClearFlag                          0x08002aa3   Thumb Code    18  stm32f4xx_usart.o(.text)
    USART_GetITStatus                        0x08002ab5   Thumb Code   118  stm32f4xx_usart.o(.text)
    USART_ClearITPendingBit                  0x08002b2b   Thumb Code    30  stm32f4xx_usart.o(.text)
    ADC_DeInit                               0x08002b49   Thumb Code    22  stm32f4xx_adc.o(.text)
    ADC_Init                                 0x08002b5f   Thumb Code    74  stm32f4xx_adc.o(.text)
    ADC_StructInit                           0x08002ba9   Thumb Code    20  stm32f4xx_adc.o(.text)
    ADC_CommonInit                           0x08002bbd   Thumb Code    34  stm32f4xx_adc.o(.text)
    ADC_CommonStructInit                     0x08002bdf   Thumb Code    12  stm32f4xx_adc.o(.text)
    ADC_Cmd                                  0x08002beb   Thumb Code    22  stm32f4xx_adc.o(.text)
    ADC_AnalogWatchdogCmd                    0x08002c01   Thumb Code    16  stm32f4xx_adc.o(.text)
    ADC_AnalogWatchdogThresholdsConfig       0x08002c11   Thumb Code     6  stm32f4xx_adc.o(.text)
    ADC_AnalogWatchdogSingleChannelConfig    0x08002c17   Thumb Code    16  stm32f4xx_adc.o(.text)
    ADC_TempSensorVrefintCmd                 0x08002c27   Thumb Code    34  stm32f4xx_adc.o(.text)
    ADC_VBATCmd                              0x08002c49   Thumb Code    34  stm32f4xx_adc.o(.text)
    ADC_RegularChannelConfig                 0x08002c6b   Thumb Code   184  stm32f4xx_adc.o(.text)
    ADC_SoftwareStartConv                    0x08002d23   Thumb Code    10  stm32f4xx_adc.o(.text)
    ADC_GetSoftwareStartConvStatus           0x08002d2d   Thumb Code    20  stm32f4xx_adc.o(.text)
    ADC_EOCOnEachRegularChannelCmd           0x08002d41   Thumb Code    22  stm32f4xx_adc.o(.text)
    ADC_ContinuousModeCmd                    0x08002d57   Thumb Code    22  stm32f4xx_adc.o(.text)
    ADC_DiscModeChannelCountConfig           0x08002d6d   Thumb Code    24  stm32f4xx_adc.o(.text)
    ADC_DiscModeCmd                          0x08002d85   Thumb Code    22  stm32f4xx_adc.o(.text)
    ADC_GetConversionValue                   0x08002d9b   Thumb Code     8  stm32f4xx_adc.o(.text)
    ADC_GetMultiModeConversionValue          0x08002da3   Thumb Code     8  stm32f4xx_adc.o(.text)
    ADC_DMACmd                               0x08002dab   Thumb Code    22  stm32f4xx_adc.o(.text)
    ADC_DMARequestAfterLastTransferCmd       0x08002dc1   Thumb Code    22  stm32f4xx_adc.o(.text)
    ADC_MultiModeDMARequestAfterLastTransferCmd 0x08002dd7   Thumb Code    34  stm32f4xx_adc.o(.text)
    ADC_InjectedChannelConfig                0x08002df9   Thumb Code   130  stm32f4xx_adc.o(.text)
    ADC_InjectedSequencerLengthConfig        0x08002e7b   Thumb Code    24  stm32f4xx_adc.o(.text)
    ADC_SetInjectedOffset                    0x08002e93   Thumb Code    20  stm32f4xx_adc.o(.text)
    ADC_ExternalTrigInjectedConvConfig       0x08002ea7   Thumb Code    16  stm32f4xx_adc.o(.text)
    ADC_ExternalTrigInjectedConvEdgeConfig   0x08002eb7   Thumb Code    16  stm32f4xx_adc.o(.text)
    ADC_SoftwareStartInjectedConv            0x08002ec7   Thumb Code    10  stm32f4xx_adc.o(.text)
    ADC_GetSoftwareStartInjectedConvCmdStatus 0x08002ed1   Thumb Code    20  stm32f4xx_adc.o(.text)
    ADC_AutoInjectedConvCmd                  0x08002ee5   Thumb Code    22  stm32f4xx_adc.o(.text)
    ADC_InjectedDiscModeCmd                  0x08002efb   Thumb Code    22  stm32f4xx_adc.o(.text)
    ADC_GetInjectedConversionValue           0x08002f11   Thumb Code    28  stm32f4xx_adc.o(.text)
    ADC_ITConfig                             0x08002f2d   Thumb Code    56  stm32f4xx_adc.o(.text)
    ADC_GetFlagStatus                        0x08002f65   Thumb Code    18  stm32f4xx_adc.o(.text)
    ADC_ClearFlag                            0x08002f77   Thumb Code     6  stm32f4xx_adc.o(.text)
    ADC_GetITStatus                          0x08002f7d   Thumb Code    38  stm32f4xx_adc.o(.text)
    ADC_ClearITPendingBit                    0x08002fa3   Thumb Code    10  stm32f4xx_adc.o(.text)
    delay_init                               0x08002fad   Thumb Code    52  delay.o(.text)
    delay_us                                 0x08002fe1   Thumb Code    72  delay.o(.text)
    delay_xms                                0x08003029   Thumb Code    72  delay.o(.text)
    delay_ms                                 0x08003071   Thumb Code    56  delay.o(.text)
    _sys_exit                                0x080030b1   Thumb Code     4  usart.o(.text)
    fputc                                    0x080030b5   Thumb Code    22  usart.o(.text)
    uart_init                                0x080030cb   Thumb Code   162  usart.o(.text)
    USART1_IRQHandler                        0x0800316d   Thumb Code   122  usart.o(.text)
    Adc_Init                                 0x080031f9   Thumb Code   146  adc.o(.text)
    Get_Adc                                  0x0800328b   Thumb Code    44  adc.o(.text)
    Get_Adc_Average                          0x080032b7   Thumb Code    46  adc.o(.text)
    LCD_WR_REG                               0x080032ed   Thumb Code    18  lcd.o(.text)
    LCD_WR_DATA                              0x080032ff   Thumb Code    20  lcd.o(.text)
    LCD_RD_DATA                              0x08003313   Thumb Code    16  lcd.o(.text)
    LCD_WriteReg                             0x08003323   Thumb Code    14  lcd.o(.text)
    LCD_ReadReg                              0x08003331   Thumb Code    22  lcd.o(.text)
    LCD_WriteRAM_Prepare                     0x08003347   Thumb Code    10  lcd.o(.text)
    LCD_WriteRAM                             0x08003351   Thumb Code     8  lcd.o(.text)
    LCD_BGR2RGB                              0x08003359   Thumb Code    26  lcd.o(.text)
    opt_delay                                0x08003373   Thumb Code    14  lcd.o(.text)
    LCD_SetCursor                            0x08003381   Thumb Code   418  lcd.o(.text)
    LCD_ReadPoint                            0x08003523   Thumb Code   360  lcd.o(.text)
    LCD_DisplayOn                            0x0800368b   Thumb Code   102  lcd.o(.text)
    LCD_DisplayOff                           0x080036f1   Thumb Code    90  lcd.o(.text)
    LCD_Scan_Dir                             0x0800374b   Thumb Code   744  lcd.o(.text)
    LCD_DrawPoint                            0x08003a33   Thumb Code    28  lcd.o(.text)
    LCD_Fast_DrawPoint                       0x08003a4f   Thumb Code   388  lcd.o(.text)
    LCD_SSD_BackLightSet                     0x08003bd3   Thumb Code    88  lcd.o(.text)
    LCD_Display_Dir                          0x08003c2b   Thumb Code   444  lcd.o(.text)
    LCD_Set_Window                           0x08003de7   Thumb Code   546  lcd.o(.text)
    LCD_Clear                                0x08004009   Thumb Code   100  lcd.o(.text)
    LCD_Init                                 0x0800406d   Thumb Code 14692  lcd.o(.text)
    LCD_Fill                                 0x080079d1   Thumb Code   180  lcd.o(.text)
    LCD_Color_Fill                           0x08007a85   Thumb Code   100  lcd.o(.text)
    LCD_DrawLine                             0x08007ae9   Thumb Code   176  lcd.o(.text)
    LCD_DrawRectangle                        0x08007b99   Thumb Code    60  lcd.o(.text)
    LCD_Draw_Circle                          0x08007bd5   Thumb Code   152  lcd.o(.text)
    LCD_ShowChar                             0x08007c6d   Thumb Code   272  lcd.o(.text)
    LCD_Pow                                  0x08007d7d   Thumb Code    22  lcd.o(.text)
    LCD_ShowNum                              0x08007d93   Thumb Code   148  lcd.o(.text)
    LCD_ShowxNum                             0x08007e27   Thumb Code   220  lcd.o(.text)
    LCD_ShowString                           0x08007f03   Thumb Code   102  lcd.o(.text)
    LCD_ShowStr                              0x08007f69   Thumb Code   104  lcd.o(.text)
    TIM3_Int_Init                            0x08007fd1   Thumb Code    96  timer.o(.text)
    arm_cmplx_mag_f32                        0x08008035   Thumb Code   246  arm_cmplx_mag_f32.o(.text)
    stage_rfft_f32                           0x08008131   Thumb Code   168  arm_rfft_fast_f32.o(.text)
    merge_rfft_f32                           0x080081d9   Thumb Code   168  arm_rfft_fast_f32.o(.text)
    arm_rfft_fast_f32                        0x08008281   Thumb Code    66  arm_rfft_fast_f32.o(.text)
    arm_rfft_fast_init_f32                   0x080082c5   Thumb Code   198  arm_rfft_fast_init_f32.o(.text)
    arm_max_f32                              0x080083ed   Thumb Code   216  arm_max_f32.o(.text)
    arm_cfft_radix8by2_f32                   0x080084c5   Thumb Code   398  arm_cfft_f32.o(.text)
    arm_cfft_radix8by4_f32                   0x08008653   Thumb Code  1098  arm_cfft_f32.o(.text)
    arm_cfft_f32                             0x08008a9d   Thumb Code   330  arm_cfft_f32.o(.text)
    arm_radix8_butterfly_f32                 0x08008be9   Thumb Code  1244  arm_cfft_radix8_f32.o(.text)
    __aeabi_dmul                             0x080090c5   Thumb Code   228  dmul.o(.text)
    __aeabi_ui2d                             0x080091a9   Thumb Code    26  dfltui.o(.text)
    __aeabi_d2uiz                            0x080091c3   Thumb Code    50  dfixui.o(.text)
    __aeabi_f2d                              0x080091f5   Thumb Code    38  f2d.o(.text)
    __aeabi_uidiv                            0x0800921b   Thumb Code     0  uidiv.o(.text)
    __aeabi_uidivmod                         0x0800921b   Thumb Code    44  uidiv.o(.text)
    __aeabi_uldivmod                         0x08009247   Thumb Code    98  uldiv.o(.text)
    __aeabi_llsr                             0x080092a9   Thumb Code    32  llushr.o(.text)
    _ll_ushift_r                             0x080092a9   Thumb Code     0  llushr.o(.text)
    __I$use$fp                               0x080092c9   Thumb Code     0  iusefp.o(.text)
    _double_round                            0x080092c9   Thumb Code    30  depilogue.o(.text)
    _double_epilogue                         0x080092e7   Thumb Code   156  depilogue.o(.text)
    __aeabi_dadd                             0x08009383   Thumb Code   322  dadd.o(.text)
    __aeabi_dsub                             0x080094c5   Thumb Code     6  dadd.o(.text)
    __aeabi_drsub                            0x080094cb   Thumb Code     6  dadd.o(.text)
    __aeabi_ddiv                             0x080094d1   Thumb Code   222  ddiv.o(.text)
    __aeabi_d2ulz                            0x080095af   Thumb Code    48  dfixul.o(.text)
    __aeabi_cdrcmple                         0x080095e1   Thumb Code    48  cdrcmple.o(.text)
    __scatterload                            0x08009611   Thumb Code    28  init.o(.text)
    __scatterload_rt2                        0x08009611   Thumb Code     0  init.o(.text)
    __aeabi_llsl                             0x08009635   Thumb Code    30  llshl.o(.text)
    _ll_shift_l                              0x08009635   Thumb Code     0  llshl.o(.text)
    __aeabi_lasr                             0x08009653   Thumb Code    36  llsshr.o(.text)
    _ll_sshift_r                             0x08009653   Thumb Code     0  llsshr.o(.text)
    __0printf                                0x08009679   Thumb Code    22  printfa.o(i.__0printf)
    __1printf                                0x08009679   Thumb Code     0  printfa.o(i.__0printf)
    __2printf                                0x08009679   Thumb Code     0  printfa.o(i.__0printf)
    __c89printf                              0x08009679   Thumb Code     0  printfa.o(i.__0printf)
    printf                                   0x08009679   Thumb Code     0  printfa.o(i.__0printf)
    __0sprintf                               0x08009699   Thumb Code    34  printfa.o(i.__0sprintf)
    __1sprintf                               0x08009699   Thumb Code     0  printfa.o(i.__0sprintf)
    __2sprintf                               0x08009699   Thumb Code     0  printfa.o(i.__0sprintf)
    __c89sprintf                             0x08009699   Thumb Code     0  printfa.o(i.__0sprintf)
    sprintf                                  0x08009699   Thumb Code     0  printfa.o(i.__0sprintf)
    __scatterload_copy                       0x080096c1   Thumb Code    14  handlers.o(i.__scatterload_copy)
    __scatterload_null                       0x080096cf   Thumb Code     2  handlers.o(i.__scatterload_null)
    __scatterload_zeroinit                   0x080096d1   Thumb Code    14  handlers.o(i.__scatterload_zeroinit)
    win                                      0x08009f9c   Data       16384  main.o(.constdata)
    TURN_A                                   0x0800df9c   Data           4  main.o(.constdata)
    TURN_B                                   0x0800dfa0   Data           4  main.o(.constdata)
    FSMC_DefaultTimingStruct                 0x0800dfa4   Data          28  stm32f4xx_fsmc.o(.constdata)
    asc2_1206                                0x0800dfc0   Data        1140  lcd.o(.constdata)
    asc2_1608                                0x0800e434   Data        1520  lcd.o(.constdata)
    asc2_2412                                0x0800ea24   Data        3420  lcd.o(.constdata)
    twiddleCoef_16                           0x0800f780   Data         128  arm_common_tables.o(.constdata)
    twiddleCoef_32                           0x0800f800   Data         256  arm_common_tables.o(.constdata)
    twiddleCoef_64                           0x0800f900   Data         512  arm_common_tables.o(.constdata)
    twiddleCoef_128                          0x0800fb00   Data        1024  arm_common_tables.o(.constdata)
    twiddleCoef_256                          0x0800ff00   Data        2048  arm_common_tables.o(.constdata)
    twiddleCoef_512                          0x08010700   Data        4096  arm_common_tables.o(.constdata)
    twiddleCoef_1024                         0x08011700   Data        8192  arm_common_tables.o(.constdata)
    twiddleCoef_2048                         0x08013700   Data       16384  arm_common_tables.o(.constdata)
    armBitRevIndexTable16                    0x08017700   Data          40  arm_common_tables.o(.constdata)
    armBitRevIndexTable32                    0x08017728   Data          96  arm_common_tables.o(.constdata)
    armBitRevIndexTable64                    0x08017788   Data         112  arm_common_tables.o(.constdata)
    armBitRevIndexTable128                   0x080177f8   Data         416  arm_common_tables.o(.constdata)
    armBitRevIndexTable256                   0x08017998   Data         880  arm_common_tables.o(.constdata)
    armBitRevIndexTable512                   0x08017d08   Data         896  arm_common_tables.o(.constdata)
    armBitRevIndexTable1024                  0x08018088   Data        3600  arm_common_tables.o(.constdata)
    armBitRevIndexTable2048                  0x08018e98   Data        7616  arm_common_tables.o(.constdata)
    twiddleCoef_rfft_32                      0x0801ac58   Data         128  arm_common_tables.o(.constdata)
    twiddleCoef_rfft_64                      0x0801acd8   Data         256  arm_common_tables.o(.constdata)
    twiddleCoef_rfft_128                     0x0801add8   Data         512  arm_common_tables.o(.constdata)
    twiddleCoef_rfft_256                     0x0801afd8   Data        1024  arm_common_tables.o(.constdata)
    twiddleCoef_rfft_512                     0x0801b3d8   Data        2048  arm_common_tables.o(.constdata)
    twiddleCoef_rfft_1024                    0x0801bbd8   Data        4096  arm_common_tables.o(.constdata)
    twiddleCoef_rfft_2048                    0x0801cbd8   Data        8192  arm_common_tables.o(.constdata)
    twiddleCoef_rfft_4096                    0x0801ebd8   Data       16384  arm_common_tables.o(.constdata)
    Region$$Table$$Base                      0x08022bd8   Number         0  anon$$obj.o(Region$$Table)
    Region$$Table$$Limit                     0x08022bf8   Number         0  anon$$obj.o(Region$$Table)
    mem3base                                 0x10000000   Data       61440  malloc.o(.ARM.__AT_0x10000000)
    mem3mapbase                              0x1000f000   Data        3840  malloc.o(.ARM.__AT_0x1000F000)
    MAX_VOL                                  0x20000000   Data           4  main.o(.data)
    MAX_INDEX                                0x20000004   Data           4  main.o(.data)
    flag                                     0x20000008   Data           1  main.o(.data)
    count                                    0x2000000a   Data           2  main.o(.data)
    SystemCoreClock                          0x2000000c   Data           4  system_stm32f4xx.o(.data)
    AHBPrescTable                            0x20000010   Data          16  system_stm32f4xx.o(.data)
    __stdout                                 0x20000034   Data           4  usart.o(.data)
    USART_RX_STA                             0x20000038   Data           2  usart.o(.data)
    POINT_COLOR                              0x2000003a   Data           2  lcd.o(.data)
    BACK_COLOR                               0x2000003c   Data           2  lcd.o(.data)
    FFT_INPUT                                0x20000040   Data       16384  main.o(.bss)
    FFT_OUTPUT                               0x20004040   Data       32768  main.o(.bss)
    FFT_MAGNITUDE                            0x2000c040   Data       16384  main.o(.bss)
    USART_RX_BUF                             0x20010040   Data         200  usart.o(.bss)
    lcddev                                   0x20010108   Data          14  lcd.o(.bss)
    __initial_sp                             0x20011118   Data           0  startup_stm32f40_41xxx.o(STACK)
    mem2base                                 0x68000000   Data       983040  malloc.o(.ARM.__AT_0x68000000)
    mem2mapbase                              0x680f0000   Data       61440  malloc.o(.ARM.__AT_0x680F0000)



==============================================================================

Memory Map of the image

  Image Entry point : 0x08000249

  Load Region LR_IROM1 (Base: 0x08000000, Size: 0x00022c38, Max: 0x00100000, ABSOLUTE)

    Execution Region ER_IROM1 (Base: 0x08000000, Size: 0x00022bf8, Max: 0x00100000, ABSOLUTE)

    Base Addr    Size         Type   Attr      Idx    E Section Name        Object

    0x08000000   0x00000188   Data   RO          347    RESET               startup_stm32f40_41xxx.o
    0x08000188   0x000000c0   Code   RO         1241    . text              arm_cortexM4lf_math.lib(arm_bitreversal2.o)
    0x08000248   0x00000000   Code   RO         1245  * .ARM.Collect$$$$00000000  mc_w.l(entry.o)
    0x08000248   0x00000004   Code   RO         1519    .ARM.Collect$$$$00000001  mc_w.l(entry2.o)
    0x0800024c   0x00000004   Code   RO         1522    .ARM.Collect$$$$00000004  mc_w.l(entry5.o)
    0x08000250   0x00000000   Code   RO         1524    .ARM.Collect$$$$00000008  mc_w.l(entry7b.o)
    0x08000250   0x00000000   Code   RO         1526    .ARM.Collect$$$$0000000A  mc_w.l(entry8b.o)
    0x08000250   0x00000008   Code   RO         1527    .ARM.Collect$$$$0000000B  mc_w.l(entry9a.o)
    0x08000258   0x00000000   Code   RO         1529    .ARM.Collect$$$$0000000D  mc_w.l(entry10a.o)
    0x08000258   0x00000000   Code   RO         1531    .ARM.Collect$$$$0000000F  mc_w.l(entry11a.o)
    0x08000258   0x00000004   Code   RO         1520    .ARM.Collect$$$$00002712  mc_w.l(entry2.o)
    0x0800025c   0x0000060c   Code   RO            3    .text               main.o
    0x08000868   0x0000001a   Code   RO          197    .text               stm32f4xx_it.o
    0x08000882   0x00000002   PAD
    0x08000884   0x00000210   Code   RO          321    .text               system_stm32f4xx.o
    0x08000a94   0x00000024   Code   RO          348    .text               startup_stm32f40_41xxx.o
    0x08000ab8   0x000000e0   Code   RO          354    .text               misc.o
    0x08000b98   0x000005c8   Code   RO          420    .text               stm32f4xx_fsmc.o
    0x08001160   0x00000294   Code   RO          443    .text               stm32f4xx_gpio.o
    0x080013f4   0x0000065c   Code   RO          463    .text               stm32f4xx_rcc.o
    0x08001a50   0x00000ca2   Code   RO          505    .text               stm32f4xx_tim.o
    0x080026f2   0x00000002   PAD
    0x080026f4   0x00000454   Code   RO          525    .text               stm32f4xx_usart.o
    0x08002b48   0x00000464   Code   RO          585    .text               stm32f4xx_adc.o
    0x08002fac   0x00000104   Code   RO          625    .text               delay.o
    0x080030b0   0x00000148   Code   RO          671    .text               usart.o
    0x080031f8   0x000000f4   Code   RO          749    .text               adc.o
    0x080032ec   0x00004ce4   Code   RO          898    .text               lcd.o
    0x08007fd0   0x00000064   Code   RO          929    .text               timer.o
    0x08008034   0x000000fc   Code   RO          985    .text               arm_cortexM4lf_math.lib(arm_cmplx_mag_f32.o)
    0x08008130   0x00000192   Code   RO         1034    .text               arm_cortexM4lf_math.lib(arm_rfft_fast_f32.o)
    0x080082c2   0x00000002   PAD
    0x080082c4   0x00000128   Code   RO         1062    .text               arm_cortexM4lf_math.lib(arm_rfft_fast_init_f32.o)
    0x080083ec   0x000000d8   Code   RO         1090    .text               arm_cortexM4lf_math.lib(arm_max_f32.o)
    0x080084c4   0x00000722   Code   RO         1114    .text               arm_cortexM4lf_math.lib(arm_cfft_f32.o)
    0x08008be6   0x00000002   PAD
    0x08008be8   0x000004dc   Code   RO         1220    .text               arm_cortexM4lf_math.lib(arm_cfft_radix8_f32.o)
    0x080090c4   0x000000e4   Code   RO         1511    .text               mf_w.l(dmul.o)
    0x080091a8   0x0000001a   Code   RO         1513    .text               mf_w.l(dfltui.o)
    0x080091c2   0x00000032   Code   RO         1515    .text               mf_w.l(dfixui.o)
    0x080091f4   0x00000026   Code   RO         1517    .text               mf_w.l(f2d.o)
    0x0800921a   0x0000002c   Code   RO         1533    .text               mc_w.l(uidiv.o)
    0x08009246   0x00000062   Code   RO         1535    .text               mc_w.l(uldiv.o)
    0x080092a8   0x00000020   Code   RO         1537    .text               mc_w.l(llushr.o)
    0x080092c8   0x00000000   Code   RO         1539    .text               mc_w.l(iusefp.o)
    0x080092c8   0x000000ba   Code   RO         1540    .text               mf_w.l(depilogue.o)
    0x08009382   0x0000014e   Code   RO         1542    .text               mf_w.l(dadd.o)
    0x080094d0   0x000000de   Code   RO         1544    .text               mf_w.l(ddiv.o)
    0x080095ae   0x00000030   Code   RO         1546    .text               mf_w.l(dfixul.o)
    0x080095de   0x00000002   PAD
    0x080095e0   0x00000030   Code   RO         1548    .text               mf_w.l(cdrcmple.o)
    0x08009610   0x00000024   Code   RO         1550    .text               mc_w.l(init.o)
    0x08009634   0x0000001e   Code   RO         1552    .text               mc_w.l(llshl.o)
    0x08009652   0x00000024   Code   RO         1554    .text               mc_w.l(llsshr.o)
    0x08009676   0x00000002   PAD
    0x08009678   0x00000020   Code   RO         1483    i.__0printf         mc_w.l(printfa.o)
    0x08009698   0x00000028   Code   RO         1485    i.__0sprintf        mc_w.l(printfa.o)
    0x080096c0   0x0000000e   Code   RO         1558    i.__scatterload_copy  mc_w.l(handlers.o)
    0x080096ce   0x00000002   Code   RO         1559    i.__scatterload_null  mc_w.l(handlers.o)
    0x080096d0   0x0000000e   Code   RO         1560    i.__scatterload_zeroinit  mc_w.l(handlers.o)
    0x080096de   0x00000002   PAD
    0x080096e0   0x00000184   Code   RO         1490    i._fp_digits        mc_w.l(printfa.o)
    0x08009864   0x000006dc   Code   RO         1491    i._printf_core      mc_w.l(printfa.o)
    0x08009f40   0x00000024   Code   RO         1492    i._printf_post_padding  mc_w.l(printfa.o)
    0x08009f64   0x0000002e   Code   RO         1493    i._printf_pre_padding  mc_w.l(printfa.o)
    0x08009f92   0x0000000a   Code   RO         1495    i._sputc            mc_w.l(printfa.o)
    0x08009f9c   0x00004008   Data   RO            5    .constdata          main.o
    0x0800dfa4   0x0000001c   Data   RO          421    .constdata          stm32f4xx_fsmc.o
    0x0800dfc0   0x000017c0   Data   RO          900    .constdata          lcd.o
    0x0800f780   0x00000080   Data   RO         1139    .constdata          arm_cortexM4lf_math.lib(arm_common_tables.o)
    0x0800f800   0x00000100   Data   RO         1140    .constdata          arm_cortexM4lf_math.lib(arm_common_tables.o)
    0x0800f900   0x00000200   Data   RO         1141    .constdata          arm_cortexM4lf_math.lib(arm_common_tables.o)
    0x0800fb00   0x00000400   Data   RO         1142    .constdata          arm_cortexM4lf_math.lib(arm_common_tables.o)
    0x0800ff00   0x00000800   Data   RO         1143    .constdata          arm_cortexM4lf_math.lib(arm_common_tables.o)
    0x08010700   0x00001000   Data   RO         1144    .constdata          arm_cortexM4lf_math.lib(arm_common_tables.o)
    0x08011700   0x00002000   Data   RO         1145    .constdata          arm_cortexM4lf_math.lib(arm_common_tables.o)
    0x08013700   0x00004000   Data   RO         1146    .constdata          arm_cortexM4lf_math.lib(arm_common_tables.o)
    0x08017700   0x00000028   Data   RO         1168    .constdata          arm_cortexM4lf_math.lib(arm_common_tables.o)
    0x08017728   0x00000060   Data   RO         1169    .constdata          arm_cortexM4lf_math.lib(arm_common_tables.o)
    0x08017788   0x00000070   Data   RO         1170    .constdata          arm_cortexM4lf_math.lib(arm_common_tables.o)
    0x080177f8   0x000001a0   Data   RO         1171    .constdata          arm_cortexM4lf_math.lib(arm_common_tables.o)
    0x08017998   0x00000370   Data   RO         1172    .constdata          arm_cortexM4lf_math.lib(arm_common_tables.o)
    0x08017d08   0x00000380   Data   RO         1173    .constdata          arm_cortexM4lf_math.lib(arm_common_tables.o)
    0x08018088   0x00000e10   Data   RO         1174    .constdata          arm_cortexM4lf_math.lib(arm_common_tables.o)
    0x08018e98   0x00001dc0   Data   RO         1175    .constdata          arm_cortexM4lf_math.lib(arm_common_tables.o)
    0x0801ac58   0x00000080   Data   RO         1186    .constdata          arm_cortexM4lf_math.lib(arm_common_tables.o)
    0x0801acd8   0x00000100   Data   RO         1187    .constdata          arm_cortexM4lf_math.lib(arm_common_tables.o)
    0x0801add8   0x00000200   Data   RO         1188    .constdata          arm_cortexM4lf_math.lib(arm_common_tables.o)
    0x0801afd8   0x00000400   Data   RO         1189    .constdata          arm_cortexM4lf_math.lib(arm_common_tables.o)
    0x0801b3d8   0x00000800   Data   RO         1190    .constdata          arm_cortexM4lf_math.lib(arm_common_tables.o)
    0x0801bbd8   0x00001000   Data   RO         1191    .constdata          arm_cortexM4lf_math.lib(arm_common_tables.o)
    0x0801cbd8   0x00002000   Data   RO         1192    .constdata          arm_cortexM4lf_math.lib(arm_common_tables.o)
    0x0801ebd8   0x00004000   Data   RO         1193    .constdata          arm_cortexM4lf_math.lib(arm_common_tables.o)
    0x08022bd8   0x00000020   Data   RO         1556    Region$$Table       anon$$obj.o


    Execution Region RW_IRAM1 (Base: 0x20000000, Size: 0x00011118, Max: 0x00020000, ABSOLUTE)

    Base Addr    Size         Type   Attr      Idx    E Section Name        Object

    0x20000000   0x0000000c   Data   RW            6    .data               main.o
    0x2000000c   0x00000014   Data   RW          322    .data               system_stm32f4xx.o
    0x20000020   0x00000010   Data   RW          464    .data               stm32f4xx_rcc.o
    0x20000030   0x00000004   Data   RW          626    .data               delay.o
    0x20000034   0x00000006   Data   RW          673    .data               usart.o
    0x2000003a   0x00000004   Data   RW          901    .data               lcd.o
    0x2000003e   0x00000002   PAD
    0x20000040   0x00010000   Zero   RW            4    .bss                main.o
    0x20010040   0x000000c8   Zero   RW          672    .bss                usart.o
    0x20010108   0x0000000e   Zero   RW          899    .bss                lcd.o
    0x20010116   0x00000002   PAD
    0x20010118   0x00001000   Zero   RW          345    STACK               startup_stm32f40_41xxx.o



  Load Region LR$$.ARM.__AT_0x10000000 (Base: 0x10000000, Size: 0x00000000, Max: 0x0000f000, ABSOLUTE)

    Execution Region ER$$.ARM.__AT_0x10000000 (Base: 0x10000000, Size: 0x0000f000, Max: 0x0000f000, ABSOLUTE, UNINIT)

    Base Addr    Size         Type   Attr      Idx    E Section Name        Object

    0x10000000   0x0000f000   Zero   RW          953    .ARM.__AT_0x10000000  malloc.o



  Load Region LR$$.ARM.__AT_0x1000F000 (Base: 0x1000f000, Size: 0x00000000, Max: 0x00000f00, ABSOLUTE)

    Execution Region ER$$.ARM.__AT_0x1000F000 (Base: 0x1000f000, Size: 0x00000f00, Max: 0x00000f00, ABSOLUTE, UNINIT)

    Base Addr    Size         Type   Attr      Idx    E Section Name        Object

    0x1000f000   0x00000f00   Zero   RW          954    .ARM.__AT_0x1000F000  malloc.o



  Load Region LR$$.ARM.__AT_0x68000000 (Base: 0x68000000, Size: 0x00000000, Max: 0x000f0000, ABSOLUTE)

    Execution Region ER$$.ARM.__AT_0x68000000 (Base: 0x68000000, Size: 0x000f0000, Max: 0x000f0000, ABSOLUTE, UNINIT)

    Base Addr    Size         Type   Attr      Idx    E Section Name        Object

    0x68000000   0x000f0000   Zero   RW          955    .ARM.__AT_0x68000000  malloc.o



  Load Region LR$$.ARM.__AT_0x680F0000 (Base: 0x680f0000, Size: 0x00000000, Max: 0x0000f000, ABSOLUTE)

    Execution Region ER$$.ARM.__AT_0x680F0000 (Base: 0x680f0000, Size: 0x0000f000, Max: 0x0000f000, ABSOLUTE, UNINIT)

    Base Addr    Size         Type   Attr      Idx    E Section Name        Object

    0x680f0000   0x0000f000   Zero   RW          956    .ARM.__AT_0x680F0000  malloc.o


==============================================================================

Image component sizes


      Code (inc. data)   RO Data    RW Data    ZI Data      Debug   Object Name

       244          8          0          0          0       1171   adc.o
       260          8          0          4          0       1453   delay.o
     19684        170       6080          4         14      23290   lcd.o
      1548        184      16392         12      65536     247482   main.o
         0          0          0          0    1109760       1686   malloc.o
       224         20          0          0          0     244721   misc.o
        36          8        392          0       4096        812   startup_stm32f40_41xxx.o
      1124         24          0          0          0      10658   stm32f4xx_adc.o
      1480         18         28          0          0       5606   stm32f4xx_fsmc.o
       660         44          0          0          0       4129   stm32f4xx_gpio.o
        26          0          0          0          0      56890   stm32f4xx_it.o
      1628         52          0         16          0      12992   stm32f4xx_rcc.o
      3234         60          0          0          0      22984   stm32f4xx_tim.o
      1108         34          0          0          0       7852   stm32f4xx_usart.o
       528         46          0         20          0       1735   system_stm32f4xx.o
       100          4          0          0          0        684   timer.o
       328         18          0          6        200       3246   usart.o

    ----------------------------------------------------------------------
     32216        698      22924         64    1179608     647391   Object Totals
         0          0         32          0          0          0   (incl. Generated)
         4          0          0          2          2          0   (incl. Padding)

    ----------------------------------------------------------------------

      Code (inc. data)   RO Data    RW Data    ZI Data      Debug   Library Member Name

       192          0          0          0          0        528   arm_bitreversal2.o
      1826          0          0          0          0       3577   arm_cfft_f32.o
      1244          4          0          0          0       2395   arm_cfft_radix8_f32.o
       252          6          0          0          0      17360   arm_cmplx_mag_f32.o
         0          0      78936          0          0       4636   arm_common_tables.o
       216          0          0          0          0       1286   arm_max_f32.o
       402          0          0          0          0      15592   arm_rfft_fast_f32.o
       296         98          0          0          0       1137   arm_rfft_fast_init_f32.o
         0          0          0          0          0          0   entry.o
         0          0          0          0          0          0   entry10a.o
         0          0          0          0          0          0   entry11a.o
         8          4          0          0          0          0   entry2.o
         4          0          0          0          0          0   entry5.o
         0          0          0          0          0          0   entry7b.o
         0          0          0          0          0          0   entry8b.o
         8          4          0          0          0          0   entry9a.o
        30          0          0          0          0          0   handlers.o
        36          8          0          0          0         68   init.o
         0          0          0          0          0          0   iusefp.o
        30          0          0          0          0         68   llshl.o
        36          0          0          0          0         68   llsshr.o
        32          0          0          0          0         68   llushr.o
      2308         96          0          0          0        604   printfa.o
        44          0          0          0          0         80   uidiv.o
        98          0          0          0          0         92   uldiv.o
        48          0          0          0          0         68   cdrcmple.o
       334          0          0          0          0        148   dadd.o
       222          0          0          0          0        100   ddiv.o
       186          0          0          0          0        176   depilogue.o
        50          0          0          0          0         76   dfixui.o
        48          0          0          0          0         68   dfixul.o
        26          0          0          0          0         76   dfltui.o
       228          0          0          0          0         96   dmul.o
        38          0          0          0          0         68   f2d.o

    ----------------------------------------------------------------------
      8252        220      78936          0          0      48435   Library Totals
        10          0          0          0          0          0   (incl. Padding)

    ----------------------------------------------------------------------

      Code (inc. data)   RO Data    RW Data    ZI Data      Debug   Library Name

      4428        108      78936          0          0      46511   arm_cortexM4lf_math.lib
      2634        112          0          0          0       1048   mc_w.l
      1180          0          0          0          0        876   mf_w.l

    ----------------------------------------------------------------------
      8252        220      78936          0          0      48435   Library Totals

    ----------------------------------------------------------------------

==============================================================================


      Code (inc. data)   RO Data    RW Data    ZI Data      Debug   

     40468        918     101860         64    1179608     691042   Grand Totals
     40468        918     101860         64    1179608     691042   ELF Image Totals
     40468        918     101860         64          0          0   ROM Totals

==============================================================================

    Total RO  Size (Code + RO Data)               142328 ( 138.99kB)
    Total RW  Size (RW Data + ZI Data)           1179672 (1152.02kB)
    Total ROM Size (Code + RO Data + RW Data)     142392 ( 139.05kB)

==============================================================================

