<html>
<body>
<pre>
<h1>µVision Build Log</h1>
<h2>Tool Versions:</h2>
IDE-Version: ¦ÌVision V5.23.0.0
Copyright (C) 2017 ARM Ltd and ARM Germany GmbH. All rights reserved.
License Information: 1 minel, 1, LIC=14HKP-M82ZA-EHG8P-MA3GC-SE4BV-JNH1R
 
Tool Versions:
Toolchain:       MDK-ARM Plus  Version: 5.23
Toolchain Path:  D:\keil 32\ARM\ARMCC\Bin
C Compiler:      Armcc.exe V5.06 update 4 (build 422)
Assembler:       Armasm.exe V5.06 update 4 (build 422)
Linker/Locator:  ArmLink.exe V5.06 update 4 (build 422)
Library Manager: ArmAr.exe V5.06 update 4 (build 422)
Hex Converter:   FromElf.exe V5.06 update 4 (build 422)
CPU DLL:         SARMCM3.DLL V5.23
Dialog DLL:      DCM.DLL V1.15.0.0
Target DLL:      STLink\ST-LINKIII-KEIL_SWO.dll V2.0.18.0
Dialog DLL:      TCM.DLL V1.27.0.0
 
<h2>Project:</h2>
D:\keil 32\fft\USER\Template.uvprojx
Project File Date:  07/24/2018

<h2>Output:</h2>
*** Using Compiler 'V5.06 update 4 (build 422)', folder: 'D:\keil 32\ARM\ARMCC\Bin'
Build target 'Template'
compiling main.c...
win.h(1): warning:  #1-D: last line of file ends without a newline
  const float win[4096] = {0.00400000000000009, 0.00399970571814826, 0.00399882286005086, 0.00399735138808024, 0.00399529123952600, 0.00399264232659715, 0.00398940453642426, 0.00398557773106546, 0.00398116174750893, 0.00397615639768238, 0.00397056146845689, 0.00396437672165608, 0.00395760189406575, 0.00395023669744181, 0.00394228081852256, 0.00393373391903899, 0.00392459563572848, 0.00391486558034781, 0.00390454333968766, 0.00389362847558704, 0.00388212052495072, 0.00387001899976593, 0.00385732338712049, 0.00384403314922109, 0.00383014772341529, 0.00381566652220985, 0.00380058893329460, 0.00378491431956390, 0.00376864201914081, 0.00375177134540189, 0.00373430158700203, 0.00371623200790125, 0.00369756184739267, 0.00367829032012967, 0.00365841661615639, 0.00363793990093642, 0.00361685931538501, 0.00359517397590102, 0.00357288297439979, 0.00354998537834484, 0.00352648023078709, 0.00350236655039654, 0.00347764333150095, 0.00345230954412252, 0.00342636413401736, 0.00339980602271331, 0.00337263410755183, 0.00334484...
 -0.00778708401503024, -0.00792518399812097, -0.00806427519704379, -0.00820436133004292, -0.00834544612377430, -0.00848753331313306, -0.00863062664108235, -0.00877472985847771, -0.00891984672389667, -0.00906598100345946, -0.00921313647065620, -0.00936131690616885, -0.00951052609769524, -0.00966076783976927, -0.00981204593358322, -0.00996436418680676, -0.0101177264134079, -0.0102721364334696, -0.0104275980730096, -0.0105841151637970, -0.0107416915431665, -0.0109003310538363, -0.0110600375437223, -0.0112208148657503, -0.0113826668776718, -0.0115455974418743, -0.0117096104251927, -0.0118747096987213, -0.0120408991376238, -0.0122081826209405, -0.0123765640313994, -0.0125460472552219, -0.0127166361819313, -0.0128883347041564, -0.0130611467174402, -0.0132350761200419, -0.0134101268127421, -0.0135863026986452, -0.0137636076829817, -0.0139420456729103, -0.0141216205773192, -0.0143023363066245, -0.0144841967725711, -0.0146672058880302, -0.0148513675667982, -0.0150366857233932, -0.0152231642728512, -0.0154108071305223,...
.129545745763708, 0.132983442103053, 0.136435713062559, 0.139902565815988, 0.143384007338119, 0.146880044404137, 0.150390683589030, 0.153915931266985, 0.157455793610800, 0.161010276591283, 0.164579385976660, 0.168163127331990, 0.171761506018574, 0.175374527193380, 0.179002195808453, 0.182644516610346, 0.186301494139540, 0.189973132729880, 0.193659436507997, 0.197360409392752, 0.201076055094669, 0.204806377115377, 0.208551378747054, 0.212311063071872, 0.216085432961455, 0.219874491076320, 0.223678239865344, 0.227496681565219, 0.231329818199918, 0.235177651580152, 0.239040183302853, 0.242917414750638, 0.246809347091282, 0.250715981277207, 0.254637318044953, 0.258573357914676, 0.262524101189622, 0.266489547955635, 0.270469698080640, 0.274464551214151, 0.278474106786767, 0.282498364009682, 0.286537321874194, 0.290590979151213, 0.294659334390785, 0.298742385921606, 0.302840131850549, 0.306952570062183, 0.311079698218317, 0.315221513757520, 0.319378013894669, 0.323549195620479, 0.327735055701061, 0.331935590677463,...
.60936130365898, 4.60808826524480, 4.60678952950897, 4.60546511355067, 4.60411503480555, 4.60273931104534, 4.60133796037755, 4.59991100124512, 4.59845845242607, 4.59698033303316, 4.59547666251351, 4.59394746064824, 4.59239274755210, 4.59081254367313, 4.58920686979218, 4.58757574702262, 4.58591919680988, 4.58423724093108, 4.58252990149460, 4.58079720093967, 4.57903916203596, 4.57725580788312, 4.57544716191040, 4.57361324787614, 4.57175408986739, 4.56986971229940, 4.56796013991522, 4.56602539778518, 4.56406551130645, 4.56208050620257, 4.56007040852292, 4.55803524464229, 4.55597504126035, 4.55388982540116, 4.55177962441266, 4.54964446596613, 4.54748437805575, 4.54529938899797, 4.54308952743105, 4.54085482231452, 4.53859530292858, 4.53631099887362, 4.53400194006963, 4.53166815675564, 4.52930967948916, 4.52692653914560, 4.52451876691769, 4.52208639431492, 4.51962945316292, 4.51714797560287, 4.51464199409090, 4.51211154139750, 4.50955665060687, 4.50697735511634, 4.50437368863570, 4.50174568518664, 4.49909337910202,...
 -0.112984519637828, -0.112406268012860, -0.111829495803420, -0.111254207415290, -0.110680407188255, -0.110108099396337, -0.109537288248037, -0.108967977886586, -0.108400172390183, -0.107833875772246, -0.107269091981655, -0.106705824902990, -0.106144078356792, -0.105583856099806, -0.105025161825225, -0.104467999162942, -0.103912371679801, -0.103358282879845, -0.102805736204572, -0.102254735033177, -0.101705282682813, -0.101157382408840, -0.100611037405076, -0.100066250804060, -0.0995230256772941, -0.0989813650355081, -0.0984412718289084, -0.0979027489474443, -0.0973657992210451, -0.0968304254199024, -0.0962966302547089, -0.0957644163769239, -0.0952337863790328, -0.0947047427948000, -0.0941772880995362, -0.0936514247103567, -0.0931271549864418, -0.0926044812292904, -0.0920834056829953, -0.0915639305344924, -0.0910460579138308, -0.0905297898944362, -0.0900151284933686, -0.0895020756715891, -0.0889906333342246, -0.0884808033308328, -0.0879725874556604, -0.0874659874479214, -0.0869610049920505, -0.086457641717975...
                                                                                                                                                                                                                                                                                                                                                                                                                                                                                                                                                                                                                                                                                                                                                                                                                                                                                                                                                                                                                                                                ...
                                                                                                                                                                                                                                                                                                                                                                                                                                                                                                                                                                                                                                                                                                                                                                                                                                                                                                                                                                                                                                                                ...
                                                                                                                                                                                                                                                                                                                                                                                                                                                                                                                                                                                                                                                                                                                                                                                                                                                                                                                                                                                                                                                                ...
main.c(63): warning:  #167-D: argument of type "char *" is incompatible with parameter of type "u8 *"
  			LCD_ShowString(100,50,100,24,24,&str);
main.c(69): warning:  #167-D: argument of type "char *" is incompatible with parameter of type "u8 *"
  			LCD_ShowString(100,100,100,24,24,&str);
main.c(133): warning:  #177-D: variable "temp"  was declared but never referenced
  	u16 temp;
main.c(134): warning:  #177-D: variable "vol"  was declared but never referenced
  	float vol;
main.c(135): warning:  #177-D: variable "i"  was declared but never referenced
      u8 i;
main.c: 6 warnings, 0 errors
linking...
Program Size: Code=40468 RO-data=101860 RW-data=64 ZI-data=1179608  
FromELF: creating hex file...
"..\OBJ\Template.axf" - 0 Error(s), 6 Warning(s).

<h2>Collection of Component include folders:</h2>
  .\RTE\_Template
  D:\keil 32\ARM\PACK\Keil\STM32F4xx_DFP\2.11.0\Drivers\CMSIS\Device\ST\STM32F4xx\Include

<h2>Collection of Component Files used:</h2>
Build Time Elapsed:  00:00:02
</pre>
</body>
</html>
