Component: ARM Compiler 5.06 update 4 (build 422) Tool: armlink [4d35d2]

==============================================================================

Section Cross References

    main.o(i.main) refers to sys.o(i.Cache_Enable) for Cache_Enable
    main.o(i.main) refers to stm32f7xx_hal.o(i.HAL_Init) for HAL_Init
    main.o(i.main) refers to sys.o(i.Stm32_Clock_Init) for Stm32_Clock_Init
    main.o(i.main) refers to delay.o(i.delay_init) for delay_init
    main.o(i.main) refers to usart.o(i.uart_init) for uart_init
    main.o(i.main) refers to lcd.o(i.LCD_Init) for LCD_Init
    main.o(i.main) refers to myspi.o(i.SPI_Init) for SPI_Init
    main.o(i.main) refers to myspi.o(i.Get_Adc) for Get_Adc
    main.o(i.main) refers to lcd.o(i.LCD_ShowxNum) for LCD_ShowxNum
    main.o(i.main) refers to delay.o(i.delay_ms) for delay_ms
    main.o(i.main) refers to lcd.o(.data) for POINT_COLOR
    stm32f7xx_it.o(i.SysTick_Handler) refers to stm32f7xx_hal.o(i.HAL_IncTick) for HAL_IncTick
    system_stm32f7xx.o(i.SystemCoreClockUpdate) refers to system_stm32f7xx.o(.data) for SystemCoreClock
    system_stm32f7xx.o(i.SystemCoreClockUpdate) refers to system_stm32f7xx.o(.constdata) for AHBPrescTable
    startup_stm32f767xx.o(STACK) refers (Special) to heapauxi.o(.text) for __use_two_region_memory
    startup_stm32f767xx.o(HEAP) refers (Special) to heapauxi.o(.text) for __use_two_region_memory
    startup_stm32f767xx.o(RESET) refers (Special) to heapauxi.o(.text) for __use_two_region_memory
    startup_stm32f767xx.o(RESET) refers to startup_stm32f767xx.o(STACK) for __initial_sp
    startup_stm32f767xx.o(RESET) refers to startup_stm32f767xx.o(.text) for Reset_Handler
    startup_stm32f767xx.o(RESET) refers to stm32f7xx_it.o(i.NMI_Handler) for NMI_Handler
    startup_stm32f767xx.o(RESET) refers to stm32f7xx_it.o(i.HardFault_Handler) for HardFault_Handler
    startup_stm32f767xx.o(RESET) refers to stm32f7xx_it.o(i.BusFault_Handler) for BusFault_Handler
    startup_stm32f767xx.o(RESET) refers to stm32f7xx_it.o(i.UsageFault_Handler) for UsageFault_Handler
    startup_stm32f767xx.o(RESET) refers to stm32f7xx_it.o(i.SVC_Handler) for SVC_Handler
    startup_stm32f767xx.o(RESET) refers to stm32f7xx_it.o(i.DebugMon_Handler) for DebugMon_Handler
    startup_stm32f767xx.o(RESET) refers to stm32f7xx_it.o(i.PendSV_Handler) for PendSV_Handler
    startup_stm32f767xx.o(RESET) refers to stm32f7xx_it.o(i.SysTick_Handler) for SysTick_Handler
    startup_stm32f767xx.o(RESET) refers to usmart.o(i.TIM4_IRQHandler) for TIM4_IRQHandler
    startup_stm32f767xx.o(RESET) refers to usart.o(i.USART1_IRQHandler) for USART1_IRQHandler
    startup_stm32f767xx.o(.text) refers (Special) to heapauxi.o(.text) for __use_two_region_memory
    startup_stm32f767xx.o(.text) refers to system_stm32f7xx.o(i.SystemInit) for SystemInit
    startup_stm32f767xx.o(.text) refers to __main.o(!!!main) for __main
    startup_stm32f767xx.o(.text) refers to startup_stm32f767xx.o(HEAP) for Heap_Mem
    startup_stm32f767xx.o(.text) refers to startup_stm32f767xx.o(STACK) for Stack_Mem
    stm32f7xx_hal.o(i.HAL_DeInit) refers to stm32f7xx_hal.o(i.HAL_MspDeInit) for HAL_MspDeInit
    stm32f7xx_hal.o(i.HAL_Delay) refers to stm32f7xx_hal.o(i.HAL_GetTick) for HAL_GetTick
    stm32f7xx_hal.o(i.HAL_GetTick) refers to stm32f7xx_hal.o(.data) for uwTick
    stm32f7xx_hal.o(i.HAL_IncTick) refers to stm32f7xx_hal.o(.data) for uwTick
    stm32f7xx_hal.o(i.HAL_Init) refers to stm32f7xx_hal_cortex.o(i.HAL_NVIC_SetPriorityGrouping) for HAL_NVIC_SetPriorityGrouping
    stm32f7xx_hal.o(i.HAL_Init) refers to stm32f7xx_hal.o(i.HAL_InitTick) for HAL_InitTick
    stm32f7xx_hal.o(i.HAL_Init) refers to stm32f7xx_hal.o(i.HAL_MspInit) for HAL_MspInit
    stm32f7xx_hal.o(i.HAL_InitTick) refers to stm32f7xx_hal_cortex.o(i.HAL_SYSTICK_Config) for HAL_SYSTICK_Config
    stm32f7xx_hal.o(i.HAL_InitTick) refers to stm32f7xx_hal_cortex.o(i.HAL_NVIC_SetPriority) for HAL_NVIC_SetPriority
    stm32f7xx_hal.o(i.HAL_InitTick) refers to system_stm32f7xx.o(.data) for SystemCoreClock
    stm32f7xx_hal_cortex.o(i.HAL_NVIC_GetPriorityGrouping) refers to stm32f7xx_hal_cortex.o(i.NVIC_GetPriorityGrouping) for NVIC_GetPriorityGrouping
    stm32f7xx_hal_cortex.o(i.HAL_NVIC_SetPriority) refers to stm32f7xx_hal_cortex.o(i.NVIC_GetPriorityGrouping) for NVIC_GetPriorityGrouping
    stm32f7xx_hal_cortex.o(i.HAL_NVIC_SetPriority) refers to stm32f7xx_hal_cortex.o(i.NVIC_SetPriority) for NVIC_SetPriority
    stm32f7xx_hal_cortex.o(i.HAL_SYSTICK_Config) refers to stm32f7xx_hal_cortex.o(i.NVIC_SetPriority) for NVIC_SetPriority
    stm32f7xx_hal_cortex.o(i.HAL_SYSTICK_IRQHandler) refers to stm32f7xx_hal_cortex.o(i.HAL_SYSTICK_Callback) for HAL_SYSTICK_Callback
    stm32f7xx_hal_dma.o(i.DMA_CalcBaseAndBitshift) refers to stm32f7xx_hal_dma.o(.constdata) for flagBitshiftOffset
    stm32f7xx_hal_dma.o(i.HAL_DMA_Abort) refers to stm32f7xx_hal.o(i.HAL_GetTick) for HAL_GetTick
[...]
    .ARM.Collect$$libinit$$00000023          0x080002d4   Section        0  libinit2.o(.ARM.Collect$$libinit$$00000023)
    .ARM.Collect$$libinit$$00000025          0x080002d4   Section        0  libinit2.o(.ARM.Collect$$libinit$$00000025)
    .ARM.Collect$$libinit$$0000002C          0x080002d4   Section        0  libinit2.o(.ARM.Collect$$libinit$$0000002C)
    .ARM.Collect$$libinit$$0000002E          0x080002d4   Section        0  libinit2.o(.ARM.Collect$$libinit$$0000002E)
    .ARM.Collect$$libinit$$00000030          0x080002d4   Section        0  libinit2.o(.ARM.Collect$$libinit$$00000030)
    .ARM.Collect$$libinit$$00000032          0x080002d4   Section        0  libinit2.o(.ARM.Collect$$libinit$$00000032)
    .ARM.Collect$$libinit$$00000033          0x080002d4   Section        2  libinit2.o(.ARM.Collect$$libinit$$00000033)
    .ARM.Collect$$libshutdown$$00000000      0x080002d6   Section        2  libshutdown.o(.ARM.Collect$$libshutdown$$00000000)
    .ARM.Collect$$libshutdown$$00000002      0x080002d8   Section        0  libshutdown2.o(.ARM.Collect$$libshutdown$$00000002)
    .ARM.Collect$$libshutdown$$00000004      0x080002d8   Section        0  libshutdown2.o(.ARM.Collect$$libshutdown$$00000004)
    .ARM.Collect$$libshutdown$$00000007      0x080002d8   Section        0  libshutdown2.o(.ARM.Collect$$libshutdown$$00000007)
    .ARM.Collect$$libshutdown$$0000000A      0x080002d8   Section        0  libshutdown2.o(.ARM.Collect$$libshutdown$$0000000A)
    .ARM.Collect$$libshutdown$$0000000C      0x080002d8   Section        0  libshutdown2.o(.ARM.Collect$$libshutdown$$0000000C)
    .ARM.Collect$$libshutdown$$0000000F      0x080002d8   Section        0  libshutdown2.o(.ARM.Collect$$libshutdown$$0000000F)
    .ARM.Collect$$libshutdown$$00000010      0x080002d8   Section        2  libshutdown2.o(.ARM.Collect$$libshutdown$$00000010)
    .ARM.Collect$$rtentry$$00000000          0x080002da   Section        0  __rtentry.o(.ARM.Collect$$rtentry$$00000000)
    .ARM.Collect$$rtentry$$00000002          0x080002da   Section        0  __rtentry2.o(.ARM.Collect$$rtentry$$00000002)
    .ARM.Collect$$rtentry$$00000004          0x080002da   Section        6  __rtentry4.o(.ARM.Collect$$rtentry$$00000004)
    .ARM.Collect$$rtentry$$00000009          0x080002e0   Section        0  __rtentry2.o(.ARM.Collect$$rtentry$$00000009)
    .ARM.Collect$$rtentry$$0000000A          0x080002e0   Section        4  __rtentry2.o(.ARM.Collect$$rtentry$$0000000A)
    .ARM.Collect$$rtentry$$0000000C          0x080002e4   Section        0  __rtentry2.o(.ARM.Collect$$rtentry$$0000000C)
    .ARM.Collect$$rtentry$$0000000D          0x080002e4   Section        8  __rtentry2.o(.ARM.Collect$$rtentry$$0000000D)
    .ARM.Collect$$rtexit$$00000000           0x080002ec   Section        2  rtexit.o(.ARM.Collect$$rtexit$$00000000)
    .ARM.Collect$$rtexit$$00000002           0x080002ee   Section        0  rtexit2.o(.ARM.Collect$$rtexit$$00000002)
    .ARM.Collect$$rtexit$$00000003           0x080002ee   Section        4  rtexit2.o(.ARM.Collect$$rtexit$$00000003)
    .ARM.Collect$$rtexit$$00000004           0x080002f2   Section        6  rtexit2.o(.ARM.Collect$$rtexit$$00000004)
    .text                                    0x080002f8   Section       64  startup_stm32f767xx.o(.text)
    $v0                                      0x080002f8   Number         0  startup_stm32f767xx.o(.text)
    .text                                    0x08000338   Section        2  use_no_semi_2.o(.text)
    .text                                    0x0800033c   Section        0  noretval__2printf.o(.text)
    .text                                    0x08000354   Section        0  _printf_pad.o(.text)
    .text                                    0x080003a2   Section        0  _printf_str.o(.text)
    .text                                    0x080003f4   Section        0  _printf_dec.o(.text)
    .text                                    0x0800046c   Section        0  _printf_hex_int.o(.text)
    .text                                    0x080004c4   Section        0  __printf_flags_ss_wp.o(.text)
    .text                                    0x0800064c   Section        0  heapauxi.o(.text)
    .text                                    0x08000652   Section        2  use_no_semi.o(.text)
    .text                                    0x08000654   Section        0  _printf_intcommon.o(.text)
    .text                                    0x08000706   Section        0  _printf_char.o(.text)
    .text                                    0x08000734   Section        0  _printf_char_file.o(.text)
    .text                                    0x08000758   Section        0  _printf_char_common.o(.text)
    _printf_input_char                       0x08000759   Thumb Code    10  _printf_char_common.o(.text)
    .text                                    0x08000788   Section        0  ferror.o(.text)
    .text                                    0x08000790   Section       74  sys_stackheap_outer.o(.text)
    .text                                    0x080007da   Section        0  exit.o(.text)
    .text                                    0x080007ec   Section        8  libspace.o(.text)
    i.BusFault_Handler                       0x080007f4   Section        0  stm32f7xx_it.o(i.BusFault_Handler)
    i.Cache_Enable                           0x080007f8   Section        0  sys.o(i.Cache_Enable)
    i.DebugMon_Handler                       0x08000870   Section        0  stm32f7xx_it.o(i.DebugMon_Handler)
    i.FMC_NORSRAM_Extended_Timing_Init       0x08000874   Section        0  stm32f7xx_ll_fmc.o(i.FMC_NORSRAM_Extended_Timing_Init)
    i.FMC_NORSRAM_Init                       0x080008bc   Section        0  stm32f7xx_ll_fmc.o(i.FMC_NORSRAM_Init)
    i.FMC_NORSRAM_Timing_Init                0x0800093c   Section        0  stm32f7xx_ll_fmc.o(i.FMC_NORSRAM_Timing_Init)
    i.Get_Adc                                0x0800099c   Section        0  myspi.o(i.Get_Adc)
    i.HAL_DMA_Abort_IT                       0x08000a88   Section        0  stm32f7xx_hal_dma.o(i.HAL_DMA_Abort_IT)
    i.HAL_GPIO_Init                          0x08000ab0   Section        0  stm32f7xx_hal_gpio.o(i.HAL_GPIO_Init)
    i.HAL_GPIO_ReadPin                       0x08000cc8   Section        0  stm32f7xx_hal_gpio.o(i.HAL_GPIO_ReadPin)
    i.HAL_GPIO_WritePin                      0x08000cd8   Section        0  stm32f7xx_hal_gpio.o(i.HAL_GPIO_WritePin)
    i.HAL_GetTick                            0x08000ce4   Section        0  stm32f7xx_hal.o(i.HAL_GetTick)
    i.HAL_IncTick                            0x08000cf0   Section        0  stm32f7xx_hal.o(i.HAL_IncTick)
    i.HAL_Init                               0x08000d00   Section        0  stm32f7xx_hal.o(i.HAL_Init)
    i.HAL_InitTick                           0x08000d28   Section        0  stm32f7xx_hal.o(i.HAL_InitTick)
    i.HAL_LTDC_SetWindowPosition             0x08000d50   Section        0  stm32f7xx_hal_ltdc.o(i.HAL_LTDC_SetWindowPosition)
    i.HAL_LTDC_SetWindowSize                 0x08000dbc   Section        0  stm32f7xx_hal_ltdc.o(i.HAL_LTDC_SetWindowSize)
    i.HAL_MPU_ConfigRegion                   0x08000e30   Section        0  stm32f7xx_hal_cortex.o(i.HAL_MPU_ConfigRegion)
    i.HAL_MspInit                            0x08000e8c   Section        0  stm32f7xx_hal.o(i.HAL_MspInit)
    i.HAL_NVIC_EnableIRQ                     0x08000e8e   Section        0  stm32f7xx_hal_cortex.o(i.HAL_NVIC_EnableIRQ)
    i.HAL_NVIC_SetPriority                   0x08000ea8   Section        0  stm32f7xx_hal_cortex.o(i.HAL_NVIC_SetPriority)
    i.HAL_NVIC_SetPriorityGrouping           0x08000f24   Section        0  stm32f7xx_hal_cortex.o(i.HAL_NVIC_SetPriorityGrouping)
    i.HAL_PWREx_EnableOverDrive              0x08000f4c   Section        0  stm32f7xx_hal_pwr_ex.o(i.HAL_PWREx_EnableOverDrive)
    i.HAL_RCC_ClockConfig                    0x08000fdc   Section        0  stm32f7xx_hal_rcc.o(i.HAL_RCC_ClockConfig)
    i.HAL_RCC_GetHCLKFreq                    0x08001190   Section        0  stm32f7xx_hal_rcc.o(i.HAL_RCC_GetHCLKFreq)
    i.HAL_RCC_GetPCLK1Freq                   0x0800119c   Section        0  stm32f7xx_hal_rcc.o(i.HAL_RCC_GetPCLK1Freq)
    i.HAL_RCC_GetPCLK2Freq                   0x080011c8   Section        0  stm32f7xx_hal_rcc.o(i.HAL_RCC_GetPCLK2Freq)
    i.HAL_RCC_GetSysClockFreq                0x080011f4   Section        0  stm32f7xx_hal_rcc.o(i.HAL_RCC_GetSysClockFreq)
    i.HAL_RCC_OscConfig                      0x080012a8   Section        0  stm32f7xx_hal_rcc_ex.o(i.HAL_RCC_OscConfig)
    i.HAL_SRAM_Init                          0x08001778   Section        0  stm32f7xx_hal_sram.o(i.HAL_SRAM_Init)
    i.HAL_SRAM_MspInit                       0x080017d0   Section        0  lcd.o(i.HAL_SRAM_MspInit)
    i.HAL_SYSTICK_CLKSourceConfig            0x08001868   Section        0  stm32f7xx_hal_cortex.o(i.HAL_SYSTICK_CLKSourceConfig)
    i.HAL_SYSTICK_Config                     0x08001890   Section        0  stm32f7xx_hal_cortex.o(i.HAL_SYSTICK_Config)
    i.HAL_TIM_Base_Init                      0x080018c4   Section        0  stm32f7xx_hal_tim.o(i.HAL_TIM_Base_Init)
    i.HAL_TIM_Base_MspInit                   0x080018f2   Section        0  stm32f7xx_hal_tim.o(i.HAL_TIM_Base_MspInit)
    i.HAL_TIM_Base_Start_IT                  0x080018f4   Section        0  stm32f7xx_hal_tim.o(i.HAL_TIM_Base_Start_IT)
    i.HAL_UART_ErrorCallback                 0x08001912   Section        0  stm32f7xx_hal_uart.o(i.HAL_UART_ErrorCallback)
    i.HAL_UART_IRQHandler                    0x08001914   Section        0  stm32f7xx_hal_uart.o(i.HAL_UART_IRQHandler)
    i.HAL_UART_Init                          0x08001a70   Section        0  stm32f7xx_hal_uart.o(i.HAL_UART_Init)
    i.HAL_UART_MspInit                       0x08001ae8   Section        0  usart.o(i.HAL_UART_MspInit)
    i.HAL_UART_Receive                       0x08001b88   Section        0  stm32f7xx_hal_uart.o(i.HAL_UART_Receive)
    i.HAL_UART_RxCpltCallback                0x08001c9a   Section        0  stm32f7xx_hal_uart.o(i.HAL_UART_RxCpltCallback)
    i.HAL_UART_TxCpltCallback                0x08001c9c   Section        0  stm32f7xx_hal_uart.o(i.HAL_UART_TxCpltCallback)
    i.HardFault_Handler                      0x08001c9e   Section        0  stm32f7xx_it.o(i.HardFault_Handler)
    i.LCD_Clear                              0x08001ca4   Section        0  lcd.o(i.LCD_Clear)
    i.LCD_Display_Dir                        0x08001cd8   Section        0  lcd.o(i.LCD_Display_Dir)
    i.LCD_DrawLine                           0x08001e38   Section        0  lcd.o(i.LCD_DrawLine)
    i.LCD_DrawPoint                          0x08001ee8   Section        0  lcd.o(i.LCD_DrawPoint)
    i.LCD_DrawRectangle                      0x08001f0c   Section        0  lcd.o(i.LCD_DrawRectangle)
    i.LCD_Draw_Circle                        0x08001f48   Section        0  lcd.o(i.LCD_Draw_Circle)
    i.LCD_Fast_DrawPoint                     0x08001fe0   Section        0  lcd.o(i.LCD_Fast_DrawPoint)
    i.LCD_Fill                               0x080020e8   Section        0  lcd.o(i.LCD_Fill)
    i.LCD_Init                               0x0800213c   Section        0  lcd.o(i.LCD_Init)
    i.LCD_MPU_Config                         0x08004598   Section        0  lcd.o(i.LCD_MPU_Config)
    i.LCD_Pow                                0x0800461c   Section        0  lcd.o(i.LCD_Pow)
    i.LCD_RD_DATA                            0x08004634   Section        0  lcd.o(i.LCD_RD_DATA)
    i.LCD_ReadPoint                          0x08004648   Section        0  lcd.o(i.LCD_ReadPoint)
    i.LCD_SSD_BackLightSet                   0x08004700   Section        0  lcd.o(i.LCD_SSD_BackLightSet)
    i.LCD_Scan_Dir                           0x08004750   Section        0  lcd.o(i.LCD_Scan_Dir)
    i.LCD_SetCursor                          0x080049c4   Section        0  lcd.o(i.LCD_SetCursor)
    i.LCD_ShowChar                           0x08004afc   Section        0  lcd.o(i.LCD_ShowChar)
    i.LCD_ShowNum                            0x08004c38   Section        0  lcd.o(i.LCD_ShowNum)
    i.LCD_ShowString                         0x08004ccc   Section        0  lcd.o(i.LCD_ShowString)
    i.LCD_ShowxNum                           0x08004d32   Section        0  lcd.o(i.LCD_ShowxNum)
    i.LCD_WR_DATA                            0x08004df0   Section        0  lcd.o(i.LCD_WR_DATA)
    i.LCD_WR_REG                             0x08004e08   Section        0  lcd.o(i.LCD_WR_REG)
    i.LCD_WriteRAM_Prepare                   0x08004e20   Section        0  lcd.o(i.LCD_WriteRAM_Prepare)
    i.LCD_WriteReg                           0x08004e34   Section        0  lcd.o(i.LCD_WriteReg)
    i.LTDC_Clear                             0x08004e44   Section        0  ltdc.o(i.LTDC_Clear)
    i.LTDC_Display_Dir                       0x08004e68   Section        0  ltdc.o(i.LTDC_Display_Dir)
    i.LTDC_Draw_Point                        0x08004e94   Section        0  ltdc.o(i.LTDC_Draw_Point)
    i.LTDC_Fill                              0x08004ee4   Section        0  ltdc.o(i.LTDC_Fill)
    i.LTDC_Layer_Switch                      0x0800502c   Section        0  ltdc.o(i.LTDC_Layer_Switch)
    i.LTDC_Layer_Window_Config               0x0800507c   Section        0  ltdc.o(i.LTDC_Layer_Window_Config)
    i.LTDC_Read_Point                        0x080050ac   Section        0  ltdc.o(i.LTDC_Read_Point)
    i.LTDC_Select_Layer                      0x080050fc   Section        0  ltdc.o(i.LTDC_Select_Layer)
    i.LTDC_SetConfig                         0x08005108   Section        0  stm32f7xx_hal_ltdc.o(i.LTDC_SetConfig)
    LTDC_SetConfig                           0x08005109   Thumb Code   530  stm32f7xx_hal_ltdc.o(i.LTDC_SetConfig)
    i.LTDC_Switch                            0x0800531c   Section        0  ltdc.o(i.LTDC_Switch)
    i.NMI_Handler                            0x0800534c   Section        0  stm32f7xx_it.o(i.NMI_Handler)
    i.NVIC_GetPriorityGrouping               0x08005350   Section        0  stm32f7xx_hal_cortex.o(i.NVIC_GetPriorityGrouping)
    NVIC_GetPriorityGrouping                 0x08005351   Thumb Code    10  stm32f7xx_hal_cortex.o(i.NVIC_GetPriorityGrouping)
    i.NVIC_SetPriority                       0x08005360   Section        0  stm32f7xx_hal_cortex.o(i.NVIC_SetPriority)
    NVIC_SetPriority                         0x08005361   Thumb Code    32  stm32f7xx_hal_cortex.o(i.NVIC_SetPriority)
    i.PendSV_Handler                         0x08005388   Section        0  stm32f7xx_it.o(i.PendSV_Handler)
    i.SCB_EnableDCache                       0x0800538c   Section        0  sys.o(i.SCB_EnableDCache)
    SCB_EnableDCache                         0x0800538d   Thumb Code   148  sys.o(i.SCB_EnableDCache)
    i.SPI_Init                               0x08005428   Section        0  myspi.o(i.SPI_Init)
    i.SVC_Handler                            0x080054a8   Section        0  stm32f7xx_it.o(i.SVC_Handler)
    i.Stm32_Clock_Init                       0x080054ac   Section        0  sys.o(i.Stm32_Clock_Init)
    i.SysTick_Handler                        0x08005560   Section        0  stm32f7xx_it.o(i.SysTick_Handler)
    i.SystemInit                             0x08005568   Section        0  system_stm32f7xx.o(i.SystemInit)
    i.TIM4_IRQHandler                        0x080055cc   Section        0  usmart.o(i.TIM4_IRQHandler)
    i.TIM_Base_SetConfig                     0x08005610   Section        0  stm32f7xx_hal_tim.o(i.TIM_Base_SetConfig)
    i.Timer4_Init                            0x080056f4   Section        0  usmart.o(i.Timer4_Init)
    i.UART_AdvFeatureConfig                  0x08005750   Section        0  stm32f7xx_hal_uart.o(i.UART_AdvFeatureConfig)
    i.UART_CheckIdleState                    0x0800583a   Section        0  stm32f7xx_hal_uart.o(i.UART_CheckIdleState)
    i.UART_DMAAbortOnError                   0x080058ae   Section        0  stm32f7xx_hal_uart.o(i.UART_DMAAbortOnError)
    UART_DMAAbortOnError                     0x080058af   Thumb Code    24  stm32f7xx_hal_uart.o(i.UART_DMAAbortOnError)
    i.UART_EndRxTransfer                     0x080058c6   Section        0  stm32f7xx_hal_uart.o(i.UART_EndRxTransfer)
    UART_EndRxTransfer                       0x080058c7   Thumb Code    32  stm32f7xx_hal_uart.o(i.UART_EndRxTransfer)
    i.UART_EndTransmit_IT                    0x080058e6   Section        0  stm32f7xx_hal_uart.o(i.UART_EndTransmit_IT)
    UART_EndTransmit_IT                      0x080058e7   Thumb Code    32  stm32f7xx_hal_uart.o(i.UART_EndTransmit_IT)
    i.UART_Receive_IT                        0x08005906   Section        0  stm32f7xx_hal_uart.o(i.UART_Receive_IT)
    UART_Receive_IT                          0x08005907   Thumb Code   136  stm32f7xx_hal_uart.o(i.UART_Receive_IT)
    i.UART_SetConfig                         0x08005990   Section        0  stm32f7xx_hal_uart.o(i.UART_SetConfig)
    i.UART_Transmit_IT                       0x08005d1c   Section        0  stm32f7xx_hal_uart.o(i.UART_Transmit_IT)
    UART_Transmit_IT                         0x08005d1d   Thumb Code   106  stm32f7xx_hal_uart.o(i.UART_Transmit_IT)
    i.UART_WaitOnFlagUntilTimeout            0x08005d86   Section        0  stm32f7xx_hal_uart.o(i.UART_WaitOnFlagUntilTimeout)
    i.USART1_IRQHandler                      0x08005df4   Section        0  usart.o(i.USART1_IRQHandler)
    i.UsageFault_Handler                     0x08005e94   Section        0  stm32f7xx_it.o(i.UsageFault_Handler)
    i._is_digit                              0x08005e98   Section        0  __printf_wp.o(i._is_digit)
    i._sys_exit                              0x08005ea6   Section        0  usart.o(i._sys_exit)
    i.delay_init                             0x08005eac   Section        0  delay.o(i.delay_init)
    i.delay_ms                               0x08005ec0   Section        0  delay.o(i.delay_ms)
    i.delay_us                               0x08005ed8   Section        0  delay.o(i.delay_us)
    i.fputc                                  0x08005f20   Section        0  usart.o(i.fputc)
    i.main                                   0x08005f3c   Section        0  main.o(i.main)
    i.opt_delay                              0x0800614c   Section        0  lcd.o(i.opt_delay)
    i.read_addr                              0x0800615a   Section        0  usmart.o(i.read_addr)
    i.uart_init                              0x08006160   Section        0  usart.o(i.uart_init)
    i.usmart_cmd_rec                         0x0800618c   Section        0  usmart.o(i.usmart_cmd_rec)
    i.usmart_exe                             0x0800623c   Section        0  usmart.o(i.usmart_exe)
    i.usmart_get_aparm                       0x08006510   Section        0  usmart_str.o(i.usmart_get_aparm)
    i.usmart_get_cmdname                     0x080065e4   Section        0  usmart_str.o(i.usmart_get_cmdname)
    i.usmart_get_fname                       0x0800661c   Section        0  usmart_str.o(i.usmart_get_fname)
    i.usmart_get_fparam                      0x080067dc   Section        0  usmart_str.o(i.usmart_get_fparam)
    i.usmart_get_parmpos                     0x080068e8   Section        0  usmart_str.o(i.usmart_get_parmpos)
    i.usmart_get_runtime                     0x08006908   Section        0  usmart.o(i.usmart_get_runtime)
    i.usmart_init                            0x0800694c   Section        0  usmart.o(i.usmart_init)
    i.usmart_pow                             0x08006974   Section        0  usmart_str.o(i.usmart_pow)
    i.usmart_reset_runtime                   0x0800698c   Section        0  usmart.o(i.usmart_reset_runtime)
    i.usmart_scan                            0x080069c0   Section        0  usmart.o(i.usmart_scan)
    i.usmart_search_nextc                    0x08006a7c   Section        0  usmart_str.o(i.usmart_search_nextc)
    i.usmart_str2num                         0x08006a92   Section        0  usmart_str.o(i.usmart_str2num)
    i.usmart_strcmp                          0x08006b98   Section        0  usmart_str.o(i.usmart_strcmp)
    i.usmart_strcopy                         0x08006bba   Section        0  usmart_str.o(i.usmart_strcopy)
    i.usmart_strlen                          0x08006bd0   Section        0  usmart_str.o(i.usmart_strlen)
    i.usmart_sys_cmd_exe                     0x08006be8   Section        0  usmart.o(i.usmart_sys_cmd_exe)
    i.write_addr                             0x080072dc   Section        0  usmart.o(i.write_addr)
    x$fpl$fpinit                             0x080072e0   Section       10  fpinit.o(x$fpl$fpinit)
    $v0                                      0x080072e0   Number         0  fpinit.o(x$fpl$fpinit)
    .constdata                               0x080072ea   Section       24  system_stm32f7xx.o(.constdata)
    .constdata                               0x08007302   Section    18240  lcd.o(.constdata)
    .constdata                               0x0800ba42   Section       40  _printf_hex_int.o(.constdata)
    uc_hextab                                0x0800ba42   Data          20  _printf_hex_int.o(.constdata)
    lc_hextab                                0x0800ba56   Data          20  _printf_hex_int.o(.constdata)
    .constdata                               0x0800ba6a   Section       17  __printf_flags_ss_wp.o(.constdata)
    maptable                                 0x0800ba6a   Data          17  __printf_flags_ss_wp.o(.constdata)
    .conststring                             0x0800ba7c   Section       40  usmart.o(.conststring)
    .conststring                             0x0800baa4   Section     1019  usmart_config.o(.conststring)
    .data                                    0x20020000   Section        4  system_stm32f7xx.o(.data)
    .data                                    0x20020004   Section        4  stm32f7xx_hal.o(.data)
    .data                                    0x20020008   Section        4  delay.o(.data)
    fac_us                                   0x20020008   Data           4  delay.o(.data)
    .data                                    0x2002000c   Section        7  usart.o(.data)
    .data                                    0x20020014   Section        8  lcd.o(.data)
    .data                                    0x2002001c   Section        8  ltdc.o(.data)
    .data                                    0x20020024   Section       28  usmart.o(.data)
    .data                                    0x20020040   Section      436  usmart_config.o(.data)
    .bss                                     0x200201f4   Section      312  usart.o(.bss)
    .bss                                     0x2002032c   Section       90  lcd.o(.bss)
    .bss                                     0x20020388   Section      288  ltdc.o(.bss)
    .bss                                     0x200204a8   Section       60  usmart.o(.bss)
    .bss                                     0x200204e4   Section       96  libspace.o(.bss)
    HEAP                                     0x20020548   Section      512  startup_stm32f767xx.o(HEAP)
    Heap_Mem                                 0x20020548   Data         512  startup_stm32f767xx.o(HEAP)
    STACK                                    0x20020748   Section     1024  startup_stm32f767xx.o(STACK)
    Stack_Mem                                0x20020748   Data        1024  startup_stm32f767xx.o(STACK)
    __initial_sp                             0x20020b48   Data           0  startup_stm32f767xx.o(STACK)
    .ARM.__AT_0xC0000000                     0xc0000000   Section    2048000  ltdc.o(.ARM.__AT_0xC0000000)

    Global Symbols

    Symbol Name                              Value     Ov Type        Size  Object(Section)

    BuildAttributes$$THM_ISAv4$E$P$D$K$B$S$7EM$VFPv5_D16$PE$PLD8$A:L22UL41UL21$X:L11$S22US41US21$IEEE1$IW$USESV6$~STKCKD$USESV7$~SHL$OSPACE$ROPI$EBA8$UX$STANDARDLIB$REQ8$PRES8$EABIv2 0x00000000   Number         0  anon$$obj.o ABSOLUTE
    __ARM_use_no_argv                        0x00000000   Number         0  main.o ABSOLUTE
    _printf_flags                            0x00000000   Number         0  printf_stubs.o ABSOLUTE
    _printf_return_value                     0x00000000   Number         0  printf_stubs.o ABSOLUTE
    _printf_sizespec                         0x00000000   Number         0  printf_stubs.o ABSOLUTE
    _printf_widthprec                        0x00000000   Number         0  printf_stubs.o ABSOLUTE
    __ARM_exceptions_init                     - Undefined Weak Reference
    __alloca_initialize                       - Undefined Weak Reference
    __arm_preinit_                            - Undefined Weak Reference
    __cpp_initialize__aeabi_                  - Undefined Weak Reference
    __cxa_finalize                            - Undefined Weak Reference
    __rt_locale                               - Undefined Weak Reference
    __sigvec_lookup                           - Undefined Weak Reference
    _atexit_init                              - Undefined Weak Reference
    _call_atexit_fns                          - Undefined Weak Reference
    _clock_init                               - Undefined Weak Reference
    _fp_trap_init                             - Undefined Weak Reference
    _fp_trap_shutdown                         - Undefined Weak Reference
    _get_lc_collate                           - Undefined Weak Reference
    _get_lc_ctype                             - Undefined Weak Reference
    _get_lc_monetary                          - Undefined Weak Reference
    _get_lc_numeric                           - Undefined Weak Reference
    _get_lc_time                              - Undefined Weak Reference
    _getenv_init                              - Undefined Weak Reference
    _handle_redirection                       - Undefined Weak Reference
    _init_alloc                               - Undefined Weak Reference
    _init_user_alloc                          - Undefined Weak Reference
    _initio                                   - Undefined Weak Reference
    _mutex_acquire                            - Undefined Weak Reference
    _mutex_release                            - Undefined Weak Reference
    _printf_mbtowc                            - Undefined Weak Reference
    _printf_truncate_signed                   - Undefined Weak Reference
    _printf_truncate_unsigned                 - Undefined Weak Reference
    _rand_init                                - Undefined Weak Reference
    _signal_finish                            - Undefined Weak Reference
    _signal_init                              - Undefined Weak Reference
    _terminate_alloc                          - Undefined Weak Reference
    _terminate_user_alloc                     - Undefined Weak Reference
    _terminateio                              - Undefined Weak Reference
    __Vectors_Size                           0x000001f8   Number         0  startup_stm32f767xx.o ABSOLUTE
    __Vectors                                0x08000000   Data           4  startup_stm32f767xx.o(RESET)
    __Vectors_End                            0x080001f8   Data           0  startup_stm32f767xx.o(RESET)
    __main                                   0x080001f9   Thumb Code     8  __main.o(!!!main)
    __scatterload                            0x08000201   Thumb Code     0  __scatter.o(!!!scatter)
    __scatterload_rt2                        0x08000201   Thumb Code    44  __scatter.o(!!!scatter)
    __scatterload_rt2_thumb_only             0x08000201   Thumb Code     0  __scatter.o(!!!scatter)
    __scatterload_null                       0x0800020f   Thumb Code     0  __scatter.o(!!!scatter)
    __decompress                             0x08000235   Thumb Code    90  __dczerorl2.o(!!dczerorl2)
    __decompress1                            0x08000235   Thumb Code     0  __dczerorl2.o(!!dczerorl2)
    __scatterload_zeroinit                   0x08000291   Thumb Code    28  __scatter_zi.o(!!handler_zi)
    _printf_d                                0x080002ad   Thumb Code     0  _printf_d.o(.ARM.Collect$$_printf_percent$$00000009)
    _printf_percent                          0x080002ad   Thumb Code     0  _printf_percent.o(.ARM.Collect$$_printf_percent$$00000000)
    _printf_u                                0x080002b3   Thumb Code     0  _printf_u.o(.ARM.Collect$$_printf_percent$$0000000A)
    _printf_x                                0x080002b9   Thumb Code     0  _printf_x.o(.ARM.Collect$$_printf_percent$$0000000C)
    _printf_c                                0x080002bf   Thumb Code     0  _printf_c.o(.ARM.Collect$$_printf_percent$$00000013)
    _printf_s                                0x080002c5   Thumb Code     0  _printf_s.o(.ARM.Collect$$_printf_percent$$00000014)
    _printf_percent_end                      0x080002cb   Thumb Code     0  _printf_percent_end.o(.ARM.Collect$$_printf_percent$$00000017)
    __rt_lib_init                            0x080002cf   Thumb Code     0  libinit.o(.ARM.Collect$$libinit$$00000000)
    __rt_lib_init_fp_1                       0x080002d1   Thumb Code     0  libinit2.o(.ARM.Collect$$libinit$$00000001)
    __rt_lib_init_alloca_1                   0x080002d5   Thumb Code     0  libinit2.o(.ARM.Collect$$libinit$$0000002E)
    __rt_lib_init_argv_1                     0x080002d5   Thumb Code     0  libinit2.o(.ARM.Collect$$libinit$$0000002C)
    __rt_lib_init_atexit_1                   0x080002d5   Thumb Code     0  libinit2.o(.ARM.Collect$$libinit$$0000001B)
    __rt_lib_init_clock_1                    0x080002d5   Thumb Code     0  libinit2.o(.ARM.Collect$$libinit$$00000021)
    __rt_lib_init_cpp_1                      0x080002d5   Thumb Code     0  libinit2.o(.ARM.Collect$$libinit$$00000032)
    __rt_lib_init_exceptions_1               0x080002d5   Thumb Code     0  libinit2.o(.ARM.Collect$$libinit$$00000030)
    __rt_lib_init_fp_trap_1                  0x080002d5   Thumb Code     0  libinit2.o(.ARM.Collect$$libinit$$0000001F)
    __rt_lib_init_getenv_1                   0x080002d5   Thumb Code     0  libinit2.o(.ARM.Collect$$libinit$$00000023)
    __rt_lib_init_heap_1                     0x080002d5   Thumb Code     0  libinit2.o(.ARM.Collect$$libinit$$0000000A)
    __rt_lib_init_lc_collate_1               0x080002d5   Thumb Code     0  libinit2.o(.ARM.Collect$$libinit$$00000011)
    __rt_lib_init_lc_ctype_1                 0x080002d5   Thumb Code     0  libinit2.o(.ARM.Collect$$libinit$$00000013)
    __rt_lib_init_lc_monetary_1              0x080002d5   Thumb Code     0  libinit2.o(.ARM.Collect$$libinit$$00000015)
    __rt_lib_init_lc_numeric_1               0x080002d5   Thumb Code     0  libinit2.o(.ARM.Collect$$libinit$$00000017)
    __rt_lib_init_lc_time_1                  0x080002d5   Thumb Code     0  libinit2.o(.ARM.Collect$$libinit$$00000019)
    __rt_lib_init_preinit_1                  0x080002d5   Thumb Code     0  libinit2.o(.ARM.Collect$$libinit$$00000004)
    __rt_lib_init_rand_1                     0x080002d5   Thumb Code     0  libinit2.o(.ARM.Collect$$libinit$$0000000E)
    __rt_lib_init_return                     0x080002d5   Thumb Code     0  libinit2.o(.ARM.Collect$$libinit$$00000033)
    __rt_lib_init_signal_1                   0x080002d5   Thumb Code     0  libinit2.o(.ARM.Collect$$libinit$$0000001D)
    __rt_lib_init_stdio_1                    0x080002d5   Thumb Code     0  libinit2.o(.ARM.Collect$$libinit$$00000025)
    __rt_lib_init_user_alloc_1               0x080002d5   Thumb Code     0  libinit2.o(.ARM.Collect$$libinit$$0000000C)
    __rt_lib_shutdown                        0x080002d7   Thumb Code     0  libshutdown.o(.ARM.Collect$$libshutdown$$00000000)
    __rt_lib_shutdown_cpp_1                  0x080002d9   Thumb Code     0  libshutdown2.o(.ARM.Collect$$libshutdown$$00000002)
    __rt_lib_shutdown_fp_trap_1              0x080002d9   Thumb Code     0  libshutdown2.o(.ARM.Collect$$libshutdown$$00000007)
    __rt_lib_shutdown_heap_1                 0x080002d9   Thumb Code     0  libshutdown2.o(.ARM.Collect$$libshutdown$$0000000F)
    __rt_lib_shutdown_return                 0x080002d9   Thumb Code     0  libshutdown2.o(.ARM.Collect$$libshutdown$$00000010)
    __rt_lib_shutdown_signal_1               0x080002d9   Thumb Code     0  libshutdown2.o(.ARM.Collect$$libshutdown$$0000000A)
    __rt_lib_shutdown_stdio_1                0x080002d9   Thumb Code     0  libshutdown2.o(.ARM.Collect$$libshutdown$$00000004)
    __rt_lib_shutdown_user_alloc_1           0x080002d9   Thumb Code     0  libshutdown2.o(.ARM.Collect$$libshutdown$$0000000C)
    __rt_entry                               0x080002db   Thumb Code     0  __rtentry.o(.ARM.Collect$$rtentry$$00000000)
    __rt_entry_presh_1                       0x080002db   Thumb Code     0  __rtentry2.o(.ARM.Collect$$rtentry$$00000002)
    __rt_entry_sh                            0x080002db   Thumb Code     0  __rtentry4.o(.ARM.Collect$$rtentry$$00000004)
    __rt_entry_li                            0x080002e1   Thumb Code     0  __rtentry2.o(.ARM.Collect$$rtentry$$0000000A)
    __rt_entry_postsh_1                      0x080002e1   Thumb Code     0  __rtentry2.o(.ARM.Collect$$rtentry$$00000009)
    __rt_entry_main                          0x080002e5   Thumb Code     0  __rtentry2.o(.ARM.Collect$$rtentry$$0000000D)
    __rt_entry_postli_1                      0x080002e5   Thumb Code     0  __rtentry2.o(.ARM.Collect$$rtentry$$0000000C)
    __rt_exit                                0x080002ed   Thumb Code     0  rtexit.o(.ARM.Collect$$rtexit$$00000000)
    __rt_exit_ls                             0x080002ef   Thumb Code     0  rtexit2.o(.ARM.Collect$$rtexit$$00000003)
    __rt_exit_prels_1                        0x080002ef   Thumb Code     0  rtexit2.o(.ARM.Collect$$rtexit$$00000002)
    __rt_exit_exit                           0x080002f3   Thumb Code     0  rtexit2.o(.ARM.Collect$$rtexit$$00000004)
    Reset_Handler                            0x080002f9   Thumb Code     8  startup_stm32f767xx.o(.text)
    MemManage_Handler                        0x08000305   Thumb Code     2  startup_stm32f767xx.o(.text)
    ADC_IRQHandler                           0x08000313   Thumb Code     0  startup_stm32f767xx.o(.text)
    CAN1_RX0_IRQHandler                      0x08000313   Thumb Code     0  startup_stm32f767xx.o(.text)
    CAN1_RX1_IRQHandler                      0x08000313   Thumb Code     0  startup_stm32f767xx.o(.text)
    CAN1_SCE_IRQHandler                      0x08000313   Thumb Code     0  startup_stm32f767xx.o(.text)
    CAN1_TX_IRQHandler                       0x08000313   Thumb Code     0  startup_stm32f767xx.o(.text)
    CAN2_RX0_IRQHandler                      0x08000313   Thumb Code     0  startup_stm32f767xx.o(.text)
    CAN2_RX1_IRQHandler                      0x08000313   Thumb Code     0  startup_stm32f767xx.o(.text)
    CAN2_SCE_IRQHandler                      0x08000313   Thumb Code     0  startup_stm32f767xx.o(.text)
    CAN2_TX_IRQHandler                       0x08000313   Thumb Code     0  startup_stm32f767xx.o(.text)
    CAN3_RX0_IRQHandler                      0x08000313   Thumb Code     0  startup_stm32f767xx.o(.text)
    CAN3_RX1_IRQHandler                      0x08000313   Thumb Code     0  startup_stm32f767xx.o(.text)
    CAN3_SCE_IRQHandler                      0x08000313   Thumb Code     0  startup_stm32f767xx.o(.text)
    CAN3_TX_IRQHandler                       0x08000313   Thumb Code     0  startup_stm32f767xx.o(.text)
    CEC_IRQHandler                           0x08000313   Thumb Code     0  startup_stm32f767xx.o(.text)
    DCMI_IRQHandler                          0x08000313   Thumb Code     0  startup_stm32f767xx.o(.text)
    DFSDM1_FLT0_IRQHandler                   0x08000313   Thumb Code     0  startup_stm32f767xx.o(.text)
    DFSDM1_FLT1_IRQHandler                   0x08000313   Thumb Code     0  startup_stm32f767xx.o(.text)
    DFSDM1_FLT2_IRQHandler                   0x08000313   Thumb Code     0  startup_stm32f767xx.o(.text)
    DFSDM1_FLT3_IRQHandler                   0x08000313   Thumb Code     0  startup_stm32f767xx.o(.text)
    DMA1_Stream0_IRQHandler                  0x08000313   Thumb Code     0  startup_stm32f767xx.o(.text)
    DMA1_Stream1_IRQHandler                  0x08000313   Thumb Code     0  startup_stm32f767xx.o(.text)
    DMA1_Stream2_IRQHandler                  0x08000313   Thumb Code     0  startup_stm32f767xx.o(.text)
    DMA1_Stream3_IRQHandler                  0x08000313   Thumb Code     0  startup_stm32f767xx.o(.text)
    DMA1_Stream4_IRQHandler                  0x08000313   Thumb Code     0  startup_stm32f767xx.o(.text)
    DMA1_Stream5_IRQHandler                  0x08000313   Thumb Code     0  startup_stm32f767xx.o(.text)
    DMA1_Stream6_IRQHandler                  0x08000313   Thumb Code     0  startup_stm32f767xx.o(.text)
    DMA1_Stream7_IRQHandler                  0x08000313   Thumb Code     0  startup_stm32f767xx.o(.text)
    DMA2D_IRQHandler                         0x08000313   Thumb Code     0  startup_stm32f767xx.o(.text)
    DMA2_Stream0_IRQHandler                  0x08000313   Thumb Code     0  startup_stm32f767xx.o(.text)
    DMA2_Stream1_IRQHandler                  0x08000313   Thumb Code     0  startup_stm32f767xx.o(.text)
    DMA2_Stream2_IRQHandler                  0x08000313   Thumb Code     0  startup_stm32f767xx.o(.text)
    DMA2_Stream3_IRQHandler                  0x08000313   Thumb Code     0  startup_stm32f767xx.o(.text)
    DMA2_Stream4_IRQHandler                  0x08000313   Thumb Code     0  startup_stm32f767xx.o(.text)
    DMA2_Stream5_IRQHandler                  0x08000313   Thumb Code     0  startup_stm32f767xx.o(.text)
    DMA2_Stream6_IRQHandler                  0x08000313   Thumb Code     0  startup_stm32f767xx.o(.text)
    DMA2_Stream7_IRQHandler                  0x08000313   Thumb Code     0  startup_stm32f767xx.o(.text)
    ETH_IRQHandler                           0x08000313   Thumb Code     0  startup_stm32f767xx.o(.text)
    ETH_WKUP_IRQHandler                      0x08000313   Thumb Code     0  startup_stm32f767xx.o(.text)
    EXTI0_IRQHandler                         0x08000313   Thumb Code     0  startup_stm32f767xx.o(.text)
    EXTI15_10_IRQHandler                     0x08000313   Thumb Code     0  startup_stm32f767xx.o(.text)
    EXTI1_IRQHandler                         0x08000313   Thumb Code     0  startup_stm32f767xx.o(.text)
    EXTI2_IRQHandler                         0x08000313   Thumb Code     0  startup_stm32f767xx.o(.text)
    EXTI3_IRQHandler                         0x08000313   Thumb Code     0  startup_stm32f767xx.o(.text)
    EXTI4_IRQHandler                         0x08000313   Thumb Code     0  startup_stm32f767xx.o(.text)
    EXTI9_5_IRQHandler                       0x08000313   Thumb Code     0  startup_stm32f767xx.o(.text)
    FLASH_IRQHandler                         0x08000313   Thumb Code     0  startup_stm32f767xx.o(.text)
    FMC_IRQHandler                           0x08000313   Thumb Code     0  startup_stm32f767xx.o(.text)
    FPU_IRQHandler                           0x08000313   Thumb Code     0  startup_stm32f767xx.o(.text)
    I2C1_ER_IRQHandler                       0x08000313   Thumb Code     0  startup_stm32f767xx.o(.text)
    I2C1_EV_IRQHandler                       0x08000313   Thumb Code     0  startup_stm32f767xx.o(.text)
    I2C2_ER_IRQHandler                       0x08000313   Thumb Code     0  startup_stm32f767xx.o(.text)
    I2C2_EV_IRQHandler                       0x08000313   Thumb Code     0  startup_stm32f767xx.o(.text)
    I2C3_ER_IRQHandler                       0x08000313   Thumb Code     0  startup_stm32f767xx.o(.text)
    I2C3_EV_IRQHandler                       0x08000313   Thumb Code     0  startup_stm32f767xx.o(.text)
    I2C4_ER_IRQHandler                       0x08000313   Thumb Code     0  startup_stm32f767xx.o(.text)
    I2C4_EV_IRQHandler                       0x08000313   Thumb Code     0  startup_stm32f767xx.o(.text)
    JPEG_IRQHandler                          0x08000313   Thumb Code     0  startup_stm32f767xx.o(.text)
    LPTIM1_IRQHandler                        0x08000313   Thumb Code     0  startup_stm32f767xx.o(.text)
    LTDC_ER_IRQHandler                       0x08000313   Thumb Code     0  startup_stm32f767xx.o(.text)
    LTDC_IRQHandler                          0x08000313   Thumb Code     0  startup_stm32f767xx.o(.text)
    MDIOS_IRQHandler                         0x08000313   Thumb Code     0  startup_stm32f767xx.o(.text)
    OTG_FS_IRQHandler                        0x08000313   Thumb Code     0  startup_stm32f767xx.o(.text)
    OTG_FS_WKUP_IRQHandler                   0x08000313   Thumb Code     0  startup_stm32f767xx.o(.text)
    OTG_HS_EP1_IN_IRQHandler                 0x08000313   Thumb Code     0  startup_stm32f767xx.o(.text)
    OTG_HS_EP1_OUT_IRQHandler                0x08000313   Thumb Code     0  startup_stm32f767xx.o(.text)
    OTG_HS_IRQHandler                        0x08000313   Thumb Code     0  startup_stm32f767xx.o(.text)
    OTG_HS_WKUP_IRQHandler                   0x08000313   Thumb Code     0  startup_stm32f767xx.o(.text)
    PVD_IRQHandler                           0x08000313   Thumb Code     0  startup_stm32f767xx.o(.text)
    QUADSPI_IRQHandler                       0x08000313   Thumb Code     0  startup_stm32f767xx.o(.text)
    RCC_IRQHandler                           0x08000313   Thumb Code     0  startup_stm32f767xx.o(.text)
    RNG_IRQHandler                           0x08000313   Thumb Code     0  startup_stm32f767xx.o(.text)
    RTC_Alarm_IRQHandler                     0x08000313   Thumb Code     0  startup_stm32f767xx.o(.text)
    RTC_WKUP_IRQHandler                      0x08000313   Thumb Code     0  startup_stm32f767xx.o(.text)
    SAI1_IRQHandler                          0x08000313   Thumb Code     0  startup_stm32f767xx.o(.text)
    SAI2_IRQHandler                          0x08000313   Thumb Code     0  startup_stm32f767xx.o(.text)
    SDMMC1_IRQHandler                        0x08000313   Thumb Code     0  startup_stm32f767xx.o(.text)
    SDMMC2_IRQHandler                        0x08000313   Thumb Code     0  startup_stm32f767xx.o(.text)
    SPDIF_RX_IRQHandler                      0x08000313   Thumb Code     0  startup_stm32f767xx.o(.text)
    SPI1_IRQHandler                          0x08000313   Thumb Code     0  startup_stm32f767xx.o(.text)
    SPI2_IRQHandler                          0x08000313   Thumb Code     0  startup_stm32f767xx.o(.text)
    SPI3_IRQHandler                          0x08000313   Thumb Code     0  startup_stm32f767xx.o(.text)
    SPI4_IRQHandler                          0x08000313   Thumb Code     0  startup_stm32f767xx.o(.text)
    SPI5_IRQHandler                          0x08000313   Thumb Code     0  startup_stm32f767xx.o(.text)
    SPI6_IRQHandler                          0x08000313   Thumb Code     0  startup_stm32f767xx.o(.text)
    TAMP_STAMP_IRQHandler                    0x08000313   Thumb Code     0  startup_stm32f767xx.o(.text)
    TIM1_BRK_TIM9_IRQHandler                 0x08000313   Thumb Code     0  startup_stm32f767xx.o(.text)
    TIM1_CC_IRQHandler                       0x08000313   Thumb Code     0  startup_stm32f767xx.o(.text)
    TIM1_TRG_COM_TIM11_IRQHandler            0x08000313   Thumb Code     0  startup_stm32f767xx.o(.text)
    TIM1_UP_TIM10_IRQHandler                 0x08000313   Thumb Code     0  startup_stm32f767xx.o(.text)
    TIM2_IRQHandler                          0x08000313   Thumb Code     0  startup_stm32f767xx.o(.text)
    TIM3_IRQHandler                          0x08000313   Thumb Code     0  startup_stm32f767xx.o(.text)
    TIM5_IRQHandler                          0x08000313   Thumb Code     0  startup_stm32f767xx.o(.text)
    TIM6_DAC_IRQHandler                      0x08000313   Thumb Code     0  startup_stm32f767xx.o(.text)
    TIM7_IRQHandler                          0x08000313   Thumb Code     0  startup_stm32f767xx.o(.text)
    TIM8_BRK_TIM12_IRQHandler                0x08000313   Thumb Code     0  startup_stm32f767xx.o(.text)
    TIM8_CC_IRQHandler                       0x08000313   Thumb Code     0  startup_stm32f767xx.o(.text)
    TIM8_TRG_COM_TIM14_IRQHandler            0x08000313   Thumb Code     0  startup_stm32f767xx.o(.text)
    TIM8_UP_TIM13_IRQHandler                 0x08000313   Thumb Code     0  startup_stm32f767xx.o(.text)
    UART4_IRQHandler                         0x08000313   Thumb Code     0  startup_stm32f767xx.o(.text)
    UART5_IRQHandler                         0x08000313   Thumb Code     0  startup_stm32f767xx.o(.text)
    UART7_IRQHandler                         0x08000313   Thumb Code     0  startup_stm32f767xx.o(.text)
    UART8_IRQHandler                         0x08000313   Thumb Code     0  startup_stm32f767xx.o(.text)
    USART2_IRQHandler                        0x08000313   Thumb Code     0  startup_stm32f767xx.o(.text)
    USART3_IRQHandler                        0x08000313   Thumb Code     0  startup_stm32f767xx.o(.text)
    USART6_IRQHandler                        0x08000313   Thumb Code     0  startup_stm32f767xx.o(.text)
    WWDG_IRQHandler                          0x08000313   Thumb Code     0  startup_stm32f767xx.o(.text)
    __user_initial_stackheap                 0x08000315   Thumb Code     0  startup_stm32f767xx.o(.text)
    __use_no_semihosting                     0x08000339   Thumb Code     2  use_no_semi_2.o(.text)
    __2printf                                0x0800033d   Thumb Code    20  noretval__2printf.o(.text)
    _printf_pre_padding                      0x08000355   Thumb Code    44  _printf_pad.o(.text)
    _printf_post_padding                     0x08000381   Thumb Code    34  _printf_pad.o(.text)
    _printf_str                              0x080003a3   Thumb Code    82  _printf_str.o(.text)
    _printf_int_dec                          0x080003f5   Thumb Code   104  _printf_dec.o(.text)
    _printf_int_hex                          0x0800046d   Thumb Code    84  _printf_hex_int.o(.text)
    _printf_longlong_hex                     0x0800046d   Thumb Code     0  _printf_hex_int.o(.text)
    __printf                                 0x080004c5   Thumb Code   388  __printf_flags_ss_wp.o(.text)
    __use_two_region_memory                  0x0800064d   Thumb Code     2  heapauxi.o(.text)
    __rt_heap_escrow$2region                 0x0800064f   Thumb Code     2  heapauxi.o(.text)
    __rt_heap_expand$2region                 0x08000651   Thumb Code     2  heapauxi.o(.text)
    __I$use$semihosting                      0x08000653   Thumb Code     0  use_no_semi.o(.text)
    __use_no_semihosting_swi                 0x08000653   Thumb Code     2  use_no_semi.o(.text)
    _printf_int_common                       0x08000655   Thumb Code   178  _printf_intcommon.o(.text)
    _printf_cs_common                        0x08000707   Thumb Code    20  _printf_char.o(.text)
    _printf_char                             0x0800071b   Thumb Code    16  _printf_char.o(.text)
    _printf_string                           0x0800072b   Thumb Code     8  _printf_char.o(.text)
    _printf_char_file                        0x08000735   Thumb Code    32  _printf_char_file.o(.text)
    _printf_char_common                      0x08000763   Thumb Code    32  _printf_char_common.o(.text)
    ferror                                   0x08000789   Thumb Code     8  ferror.o(.text)
    __user_setup_stackheap                   0x08000791   Thumb Code    74  sys_stackheap_outer.o(.text)
    exit                                     0x080007db   Thumb Code    18  exit.o(.text)
    __user_libspace                          0x080007ed   Thumb Code     8  libspace.o(.text)
    __user_perproc_libspace                  0x080007ed   Thumb Code     0  libspace.o(.text)
    __user_perthread_libspace                0x080007ed   Thumb Code     0  libspace.o(.text)
    BusFault_Handler                         0x080007f5   Thumb Code     4  stm32f7xx_it.o(i.BusFault_Handler)
    Cache_Enable                             0x080007f9   Thumb Code   112  sys.o(i.Cache_Enable)
    DebugMon_Handler                         0x08000871   Thumb Code     2  stm32f7xx_it.o(i.DebugMon_Handler)
    FMC_NORSRAM_Extended_Timing_Init         0x08000875   Thumb Code    66  stm32f7xx_ll_fmc.o(i.FMC_NORSRAM_Extended_Timing_Init)
    FMC_NORSRAM_Init                         0x080008bd   Thumb Code   124  stm32f7xx_ll_fmc.o(i.FMC_NORSRAM_Init)
    FMC_NORSRAM_Timing_Init                  0x0800093d   Thumb Code    94  stm32f7xx_ll_fmc.o(i.FMC_NORSRAM_Timing_Init)
    Get_Adc                                  0x0800099d   Thumb Code   232  myspi.o(i.Get_Adc)
    HAL_DMA_Abort_IT                         0x08000a89   Thumb Code    40  stm32f7xx_hal_dma.o(i.HAL_DMA_Abort_IT)
    HAL_GPIO_Init                            0x08000ab1   Thumb Code   484  stm32f7xx_hal_gpio.o(i.HAL_GPIO_Init)
    HAL_GPIO_ReadPin                         0x08000cc9   Thumb Code    16  stm32f7xx_hal_gpio.o(i.HAL_GPIO_ReadPin)
    HAL_GPIO_WritePin                        0x08000cd9   Thumb Code    12  stm32f7xx_hal_gpio.o(i.HAL_GPIO_WritePin)
    HAL_GetTick                              0x08000ce5   Thumb Code     6  stm32f7xx_hal.o(i.HAL_GetTick)
    HAL_IncTick                              0x08000cf1   Thumb Code    12  stm32f7xx_hal.o(i.HAL_IncTick)
    HAL_Init                                 0x08000d01   Thumb Code    34  stm32f7xx_hal.o(i.HAL_Init)
    HAL_InitTick                             0x08000d29   Thumb Code    36  stm32f7xx_hal.o(i.HAL_InitTick)
    HAL_LTDC_SetWindowPosition               0x08000d51   Thumb Code   108  stm32f7xx_hal_ltdc.o(i.HAL_LTDC_SetWindowPosition)
    HAL_LTDC_SetWindowSize                   0x08000dbd   Thumb Code   116  stm32f7xx_hal_ltdc.o(i.HAL_LTDC_SetWindowSize)
    HAL_MPU_ConfigRegion                     0x08000e31   Thumb Code    88  stm32f7xx_hal_cortex.o(i.HAL_MPU_ConfigRegion)
    HAL_MspInit                              0x08000e8d   Thumb Code     2  stm32f7xx_hal.o(i.HAL_MspInit)
    HAL_NVIC_EnableIRQ                       0x08000e8f   Thumb Code    26  stm32f7xx_hal_cortex.o(i.HAL_NVIC_EnableIRQ)
    HAL_NVIC_SetPriority                     0x08000ea9   Thumb Code   124  stm32f7xx_hal_cortex.o(i.HAL_NVIC_SetPriority)
    HAL_NVIC_SetPriorityGrouping             0x08000f25   Thumb Code    32  stm32f7xx_hal_cortex.o(i.HAL_NVIC_SetPriorityGrouping)
    HAL_PWREx_EnableOverDrive                0x08000f4d   Thumb Code   136  stm32f7xx_hal_pwr_ex.o(i.HAL_PWREx_EnableOverDrive)
    HAL_RCC_ClockConfig                      0x08000fdd   Thumb Code   420  stm32f7xx_hal_rcc.o(i.HAL_RCC_ClockConfig)
    HAL_RCC_GetHCLKFreq                      0x08001191   Thumb Code     6  stm32f7xx_hal_rcc.o(i.HAL_RCC_GetHCLKFreq)
    HAL_RCC_GetPCLK1Freq                     0x0800119d   Thumb Code    36  stm32f7xx_hal_rcc.o(i.HAL_RCC_GetPCLK1Freq)
    HAL_RCC_GetPCLK2Freq                     0x080011c9   Thumb Code    36  stm32f7xx_hal_rcc.o(i.HAL_RCC_GetPCLK2Freq)
    HAL_RCC_GetSysClockFreq                  0x080011f5   Thumb Code   168  stm32f7xx_hal_rcc.o(i.HAL_RCC_GetSysClockFreq)
    HAL_RCC_OscConfig                        0x080012a9   Thumb Code  1228  stm32f7xx_hal_rcc_ex.o(i.HAL_RCC_OscConfig)
    HAL_SRAM_Init                            0x08001779   Thumb Code    88  stm32f7xx_hal_sram.o(i.HAL_SRAM_Init)
    HAL_SRAM_MspInit                         0x080017d1   Thumb Code   140  lcd.o(i.HAL_SRAM_MspInit)
    HAL_SYSTICK_CLKSourceConfig              0x08001869   Thumb Code    40  stm32f7xx_hal_cortex.o(i.HAL_SYSTICK_CLKSourceConfig)
    HAL_SYSTICK_Config                       0x08001891   Thumb Code    52  stm32f7xx_hal_cortex.o(i.HAL_SYSTICK_Config)
    HAL_TIM_Base_Init                        0x080018c5   Thumb Code    46  stm32f7xx_hal_tim.o(i.HAL_TIM_Base_Init)
    HAL_TIM_Base_MspInit                     0x080018f3   Thumb Code     2  stm32f7xx_hal_tim.o(i.HAL_TIM_Base_MspInit)
    HAL_TIM_Base_Start_IT                    0x080018f5   Thumb Code    30  stm32f7xx_hal_tim.o(i.HAL_TIM_Base_Start_IT)
    HAL_UART_ErrorCallback                   0x08001913   Thumb Code     2  stm32f7xx_hal_uart.o(i.HAL_UART_ErrorCallback)
    HAL_UART_IRQHandler                      0x08001915   Thumb Code   344  stm32f7xx_hal_uart.o(i.HAL_UART_IRQHandler)
    HAL_UART_Init                            0x08001a71   Thumb Code   120  stm32f7xx_hal_uart.o(i.HAL_UART_Init)
    HAL_UART_MspInit                         0x08001ae9   Thumb Code   148  usart.o(i.HAL_UART_MspInit)
    HAL_UART_Receive                         0x08001b89   Thumb Code   274  stm32f7xx_hal_uart.o(i.HAL_UART_Receive)
    HAL_UART_RxCpltCallback                  0x08001c9b   Thumb Code     2  stm32f7xx_hal_uart.o(i.HAL_UART_RxCpltCallback)
    HAL_UART_TxCpltCallback                  0x08001c9d   Thumb Code     2  stm32f7xx_hal_uart.o(i.HAL_UART_TxCpltCallback)
    HardFault_Handler                        0x08001c9f   Thumb Code     4  stm32f7xx_it.o(i.HardFault_Handler)
    LCD_Clear                                0x08001ca5   Thumb Code    42  lcd.o(i.LCD_Clear)
    LCD_Display_Dir                          0x08001cd9   Thumb Code   348  lcd.o(i.LCD_Display_Dir)
    LCD_DrawLine                             0x08001e39   Thumb Code   176  lcd.o(i.LCD_DrawLine)
    LCD_DrawPoint                            0x08001ee9   Thumb Code    28  lcd.o(i.LCD_DrawPoint)
    LCD_DrawRectangle                        0x08001f0d   Thumb Code    60  lcd.o(i.LCD_DrawRectangle)
    LCD_Draw_Circle                          0x08001f49   Thumb Code   152  lcd.o(i.LCD_Draw_Circle)
    LCD_Fast_DrawPoint                       0x08001fe1   Thumb Code   256  lcd.o(i.LCD_Fast_DrawPoint)
    LCD_Fill                                 0x080020e9   Thumb Code    80  lcd.o(i.LCD_Fill)
    LCD_Init                                 0x0800213d   Thumb Code  9296  lcd.o(i.LCD_Init)
    LCD_MPU_Config                           0x08004599   Thumb Code   128  lcd.o(i.LCD_MPU_Config)
    LCD_Pow                                  0x0800461d   Thumb Code    22  lcd.o(i.LCD_Pow)
    LCD_RD_DATA                              0x08004635   Thumb Code    14  lcd.o(i.LCD_RD_DATA)
    LCD_ReadPoint                            0x08004649   Thumb Code   180  lcd.o(i.LCD_ReadPoint)
    LCD_SSD_BackLightSet                     0x08004701   Thumb Code    72  lcd.o(i.LCD_SSD_BackLightSet)
    LCD_Scan_Dir                             0x08004751   Thumb Code   624  lcd.o(i.LCD_Scan_Dir)
    LCD_SetCursor                            0x080049c5   Thumb Code   306  lcd.o(i.LCD_SetCursor)
    LCD_ShowChar                             0x08004afd   Thumb Code   288  lcd.o(i.LCD_ShowChar)
    LCD_ShowNum                              0x08004c39   Thumb Code   148  lcd.o(i.LCD_ShowNum)
    LCD_ShowString                           0x08004ccd   Thumb Code   102  lcd.o(i.LCD_ShowString)
    LCD_ShowxNum                             0x08004d33   Thumb Code   190  lcd.o(i.LCD_ShowxNum)
    LCD_WR_DATA                              0x08004df1   Thumb Code    18  lcd.o(i.LCD_WR_DATA)
    LCD_WR_REG                               0x08004e09   Thumb Code    18  lcd.o(i.LCD_WR_REG)
    LCD_WriteRAM_Prepare                     0x08004e21   Thumb Code    10  lcd.o(i.LCD_WriteRAM_Prepare)
    LCD_WriteReg                             0x08004e35   Thumb Code    10  lcd.o(i.LCD_WriteReg)
    LTDC_Clear                               0x08004e45   Thumb Code    32  ltdc.o(i.LTDC_Clear)
    LTDC_Display_Dir                         0x08004e69   Thumb Code    40  ltdc.o(i.LTDC_Display_Dir)
    LTDC_Draw_Point                          0x08004e95   Thumb Code    70  ltdc.o(i.LTDC_Draw_Point)
    LTDC_Fill                                0x08004ee5   Thumb Code   310  ltdc.o(i.LTDC_Fill)
    LTDC_Layer_Switch                        0x0800502d   Thumb Code    76  ltdc.o(i.LTDC_Layer_Switch)
    LTDC_Layer_Window_Config                 0x0800507d   Thumb Code    44  ltdc.o(i.LTDC_Layer_Window_Config)
    LTDC_Read_Point                          0x080050ad   Thumb Code    72  ltdc.o(i.LTDC_Read_Point)
    LTDC_Select_Layer                        0x080050fd   Thumb Code     6  ltdc.o(i.LTDC_Select_Layer)
    LTDC_Switch                              0x0800531d   Thumb Code    42  ltdc.o(i.LTDC_Switch)
    NMI_Handler                              0x0800534d   Thumb Code     2  stm32f7xx_it.o(i.NMI_Handler)
    PendSV_Handler                           0x08005389   Thumb Code     2  stm32f7xx_it.o(i.PendSV_Handler)
    SPI_Init                                 0x08005429   Thumb Code   118  myspi.o(i.SPI_Init)
    SVC_Handler                              0x080054a9   Thumb Code     2  stm32f7xx_it.o(i.SVC_Handler)
    Stm32_Clock_Init                         0x080054ad   Thumb Code   170  sys.o(i.Stm32_Clock_Init)
    SysTick_Handler                          0x08005561   Thumb Code     8  stm32f7xx_it.o(i.SysTick_Handler)
    SystemInit                               0x08005569   Thumb Code    82  system_stm32f7xx.o(i.SystemInit)
    TIM4_IRQHandler                          0x080055cd   Thumb Code    58  usmart.o(i.TIM4_IRQHandler)
    TIM_Base_SetConfig                       0x08005611   Thumb Code   184  stm32f7xx_hal_tim.o(i.TIM_Base_SetConfig)
    Timer4_Init                              0x080056f5   Thumb Code    80  usmart.o(i.Timer4_Init)
    UART_AdvFeatureConfig                    0x08005751   Thumb Code   234  stm32f7xx_hal_uart.o(i.UART_AdvFeatureConfig)
    UART_CheckIdleState                      0x0800583b   Thumb Code   116  stm32f7xx_hal_uart.o(i.UART_CheckIdleState)
    UART_SetConfig                           0x08005991   Thumb Code   858  stm32f7xx_hal_uart.o(i.UART_SetConfig)
    UART_WaitOnFlagUntilTimeout              0x08005d87   Thumb Code   108  stm32f7xx_hal_uart.o(i.UART_WaitOnFlagUntilTimeout)
    USART1_IRQHandler                        0x08005df5   Thumb Code   146  usart.o(i.USART1_IRQHandler)
    UsageFault_Handler                       0x08005e95   Thumb Code     4  stm32f7xx_it.o(i.UsageFault_Handler)
    _is_digit                                0x08005e99   Thumb Code    14  __printf_wp.o(i._is_digit)
    _sys_exit                                0x08005ea7   Thumb Code     4  usart.o(i._sys_exit)
    delay_init                               0x08005ead   Thumb Code    16  delay.o(i.delay_init)
    delay_ms                                 0x08005ec1   Thumb Code    24  delay.o(i.delay_ms)
    delay_us                                 0x08005ed9   Thumb Code    68  delay.o(i.delay_us)
    fputc                                    0x08005f21   Thumb Code    22  usart.o(i.fputc)
    main                                     0x08005f3d   Thumb Code   510  main.o(i.main)
    opt_delay                                0x0800614d   Thumb Code    14  lcd.o(i.opt_delay)
    read_addr                                0x0800615b   Thumb Code     6  usmart.o(i.read_addr)
    uart_init                                0x08006161   Thumb Code    34  usart.o(i.uart_init)
    usmart_cmd_rec                           0x0800618d   Thumb Code   170  usmart.o(i.usmart_cmd_rec)
    usmart_exe                               0x0800623d   Thumb Code   632  usmart.o(i.usmart_exe)
    usmart_get_aparm                         0x08006511   Thumb Code   212  usmart_str.o(i.usmart_get_aparm)
    usmart_get_cmdname                       0x080065e5   Thumb Code    54  usmart_str.o(i.usmart_get_cmdname)
    usmart_get_fname                         0x0800661d   Thumb Code   440  usmart_str.o(i.usmart_get_fname)
    usmart_get_fparam                        0x080067dd   Thumb Code   262  usmart_str.o(i.usmart_get_fparam)
    usmart_get_parmpos                       0x080068e9   Thumb Code    26  usmart_str.o(i.usmart_get_parmpos)
    usmart_get_runtime                       0x08006909   Thumb Code    58  usmart.o(i.usmart_get_runtime)
    usmart_init                              0x0800694d   Thumb Code    36  usmart.o(i.usmart_init)
    usmart_pow                               0x08006975   Thumb Code    22  usmart_str.o(i.usmart_pow)
    usmart_reset_runtime                     0x0800698d   Thumb Code    44  usmart.o(i.usmart_reset_runtime)
    usmart_scan                              0x080069c1   Thumb Code   120  usmart.o(i.usmart_scan)
    usmart_search_nextc                      0x08006a7d   Thumb Code    22  usmart_str.o(i.usmart_search_nextc)
    usmart_str2num                           0x08006a93   Thumb Code   262  usmart_str.o(i.usmart_str2num)
    usmart_strcmp                            0x08006b99   Thumb Code    34  usmart_str.o(i.usmart_strcmp)
    usmart_strcopy                           0x08006bbb   Thumb Code    22  usmart_str.o(i.usmart_strcopy)
    usmart_strlen                            0x08006bd1   Thumb Code    24  usmart_str.o(i.usmart_strlen)
    usmart_sys_cmd_exe                       0x08006be9   Thumb Code  1570  usmart.o(i.usmart_sys_cmd_exe)
    write_addr                               0x080072dd   Thumb Code     4  usmart.o(i.write_addr)
    _fp_init                                 0x080072e1   Thumb Code    10  fpinit.o(x$fpl$fpinit)
    __fplib_config_fpu_vfp                   0x080072e9   Thumb Code     0  fpinit.o(x$fpl$fpinit)
    __fplib_config_pureend_doubles           0x080072e9   Thumb Code     0  fpinit.o(x$fpl$fpinit)
    AHBPrescTable                            0x080072ea   Data          16  system_stm32f7xx.o(.constdata)
    APBPrescTable                            0x080072fa   Data           8  system_stm32f7xx.o(.constdata)
    asc2_1206                                0x08007302   Data        1140  lcd.o(.constdata)
    asc2_1608                                0x08007776   Data        1520  lcd.o(.constdata)
    asc2_2412                                0x08007d66   Data        3420  lcd.o(.constdata)
    asc2_3216                                0x08008ac2   Data       12160  lcd.o(.constdata)
    Region$$Table$$Base                      0x0800bea0   Number         0  anon$$obj.o(Region$$Table)
    Region$$Table$$Limit                     0x0800bec0   Number         0  anon$$obj.o(Region$$Table)
    SystemCoreClock                          0x20020000   Data           4  system_stm32f7xx.o(.data)
    uwTick                                   0x20020004   Data           4  stm32f7xx_hal.o(.data)
    __stdout                                 0x2002000c   Data           4  usart.o(.data)
    USART_RX_STA                             0x20020010   Data           2  usart.o(.data)
    aRxBuffer                                0x20020012   Data           1  usart.o(.data)
    POINT_COLOR                              0x20020014   Data           4  lcd.o(.data)
    BACK_COLOR                               0x20020018   Data           4  lcd.o(.data)
    ltdc_framebuf                            0x2002001c   Data           8  ltdc.o(.data)
    sys_cmd_tab                              0x20020024   Data          28  usmart.o(.data)
    usmart_nametab                           0x20020040   Data         192  usmart_config.o(.data)
    usmart_dev                               0x20020100   Data         244  usmart_config.o(.data)
    USART_RX_BUF                             0x200201f4   Data         200  usart.o(.bss)
    UART1_Handler                            0x200202bc   Data         112  usart.o(.bss)
    SRAM_Handler                             0x2002032c   Data          76  lcd.o(.bss)
    lcddev                                   0x20020378   Data          14  lcd.o(.bss)
    LTDC_Handler                             0x20020388   Data         168  ltdc.o(.bss)
    DMA2D_Handler                            0x20020430   Data          88  ltdc.o(.bss)
    lcdltdc                                  0x20020488   Data          32  ltdc.o(.bss)
    TIM4_Handler                             0x200204a8   Data          60  usmart.o(.bss)
    __libspace_start                         0x200204e4   Data          96  libspace.o(.bss)
    __temporary_stack_top$libspace           0x20020544   Data           0  libspace.o(.bss)
    ltdc_lcd_framebuf                        0xc0000000   Data       2048000  ltdc.o(.ARM.__AT_0xC0000000)



==============================================================================

Memory Map of the image

  Image Entry point : 0x080001f9

  Load Region LR_IROM1 (Base: 0x08000000, Size: 0x0000c0b4, Max: 0x00100000, ABSOLUTE, COMPRESSED[0x0000bf94])

    Execution Region ER_IROM1 (Base: 0x08000000, Size: 0x0000bec0, Max: 0x00100000, ABSOLUTE)

    Base Addr    Size         Type   Attr      Idx    E Section Name        Object

    0x08000000   0x000001f8   Data   RO          505    RESET               startup_stm32f767xx.o
    0x080001f8   0x00000008   Code   RO         4678  * !!!main             c_w.l(__main.o)
    0x08000200   0x00000034   Code   RO         4850    !!!scatter          c_w.l(__scatter.o)
    0x08000234   0x0000005a   Code   RO         4848    !!dczerorl2         c_w.l(__dczerorl2.o)
    0x0800028e   0x00000002   PAD
    0x08000290   0x0000001c   Code   RO         4852    !!handler_zi        c_w.l(__scatter_zi.o)
    0x080002ac   0x00000000   Code   RO         4673    .ARM.Collect$$_printf_percent$$00000000  c_w.l(_printf_percent.o)
    0x080002ac   0x00000006   Code   RO         4671    .ARM.Collect$$_printf_percent$$00000009  c_w.l(_printf_d.o)
    0x080002b2   0x00000006   Code   RO         4672    .ARM.Collect$$_printf_percent$$0000000A  c_w.l(_printf_u.o)
    0x080002b8   0x00000006   Code   RO         4670    .ARM.Collect$$_printf_percent$$0000000C  c_w.l(_printf_x.o)
    0x080002be   0x00000006   Code   RO         4668    .ARM.Collect$$_printf_percent$$00000013  c_w.l(_printf_c.o)
    0x080002c4   0x00000006   Code   RO         4669    .ARM.Collect$$_printf_percent$$00000014  c_w.l(_printf_s.o)
    0x080002ca   0x00000004   Code   RO         4689    .ARM.Collect$$_printf_percent$$00000017  c_w.l(_printf_percent_end.o)
    0x080002ce   0x00000002   Code   RO         4722    .ARM.Collect$$libinit$$00000000  c_w.l(libinit.o)
    0x080002d0   0x00000004   Code   RO         4728    .ARM.Collect$$libinit$$00000001  c_w.l(libinit2.o)
    0x080002d4   0x00000000   Code   RO         4731    .ARM.Collect$$libinit$$00000004  c_w.l(libinit2.o)
    0x080002d4   0x00000000   Code   RO         4734    .ARM.Collect$$libinit$$0000000A  c_w.l(libinit2.o)
    0x080002d4   0x00000000   Code   RO         4736    .ARM.Collect$$libinit$$0000000C  c_w.l(libinit2.o)
    0x080002d4   0x00000000   Code   RO         4738    .ARM.Collect$$libinit$$0000000E  c_w.l(libinit2.o)
    0x080002d4   0x00000000   Code   RO         4741    .ARM.Collect$$libinit$$00000011  c_w.l(libinit2.o)
    0x080002d4   0x00000000   Code   RO         4743    .ARM.Collect$$libinit$$00000013  c_w.l(libinit2.o)
    0x080002d4   0x00000000   Code   RO         4745    .ARM.Collect$$libinit$$00000015  c_w.l(libinit2.o)
    0x080002d4   0x00000000   Code   RO         4747    .ARM.Collect$$libinit$$00000017  c_w.l(libinit2.o)
    0x080002d4   0x00000000   Code   RO         4749    .ARM.Collect$$libinit$$00000019  c_w.l(libinit2.o)
    0x080002d4   0x00000000   Code   RO         4751    .ARM.Collect$$libinit$$0000001B  c_w.l(libinit2.o)
    0x080002d4   0x00000000   Code   RO         4753    .ARM.Collect$$libinit$$0000001D  c_w.l(libinit2.o)
    0x080002d4   0x00000000   Code   RO         4755    .ARM.Collect$$libinit$$0000001F  c_w.l(libinit2.o)
    0x080002d4   0x00000000   Code   RO         4757    .ARM.Collect$$libinit$$00000021  c_w.l(libinit2.o)
    0x080002d4   0x00000000   Code   RO         4759    .ARM.Collect$$libinit$$00000023  c_w.l(libinit2.o)
    0x080002d4   0x00000000   Code   RO         4761    .ARM.Collect$$libinit$$00000025  c_w.l(libinit2.o)
    0x080002d4   0x00000000   Code   RO         4765    .ARM.Collect$$libinit$$0000002C  c_w.l(libinit2.o)
    0x080002d4   0x00000000   Code   RO         4767    .ARM.Collect$$libinit$$0000002E  c_w.l(libinit2.o)
    0x080002d4   0x00000000   Code   RO         4769    .ARM.Collect$$libinit$$00000030  c_w.l(libinit2.o)
    0x080002d4   0x00000000   Code   RO         4771    .ARM.Collect$$libinit$$00000032  c_w.l(libinit2.o)
    0x080002d4   0x00000002   Code   RO         4772    .ARM.Collect$$libinit$$00000033  c_w.l(libinit2.o)
    0x080002d6   0x00000002   Code   RO         4790    .ARM.Collect$$libshutdown$$00000000  c_w.l(libshutdown.o)
    0x080002d8   0x00000000   Code   RO         4800    .ARM.Collect$$libshutdown$$00000002  c_w.l(libshutdown2.o)
    0x080002d8   0x00000000   Code   RO         4802    .ARM.Collect$$libshutdown$$00000004  c_w.l(libshutdown2.o)
    0x080002d8   0x00000000   Code   RO         4805    .ARM.Collect$$libshutdown$$00000007  c_w.l(libshutdown2.o)
    0x080002d8   0x00000000   Code   RO         4808    .ARM.Collect$$libshutdown$$0000000A  c_w.l(libshutdown2.o)
    0x080002d8   0x00000000   Code   RO         4810    .ARM.Collect$$libshutdown$$0000000C  c_w.l(libshutdown2.o)
    0x080002d8   0x00000000   Code   RO         4813    .ARM.Collect$$libshutdown$$0000000F  c_w.l(libshutdown2.o)
    0x080002d8   0x00000002   Code   RO         4814    .ARM.Collect$$libshutdown$$00000010  c_w.l(libshutdown2.o)
    0x080002da   0x00000000   Code   RO         4682    .ARM.Collect$$rtentry$$00000000  c_w.l(__rtentry.o)
    0x080002da   0x00000000   Code   RO         4691    .ARM.Collect$$rtentry$$00000002  c_w.l(__rtentry2.o)
    0x080002da   0x00000006   Code   RO         4703    .ARM.Collect$$rtentry$$00000004  c_w.l(__rtentry4.o)
    0x080002e0   0x00000000   Code   RO         4693    .ARM.Collect$$rtentry$$00000009  c_w.l(__rtentry2.o)
    0x080002e0   0x00000004   Code   RO         4694    .ARM.Collect$$rtentry$$0000000A  c_w.l(__rtentry2.o)
    0x080002e4   0x00000000   Code   RO         4696    .ARM.Collect$$rtentry$$0000000C  c_w.l(__rtentry2.o)
    0x080002e4   0x00000008   Code   RO         4697    .ARM.Collect$$rtentry$$0000000D  c_w.l(__rtentry2.o)
    0x080002ec   0x00000002   Code   RO         4726    .ARM.Collect$$rtexit$$00000000  c_w.l(rtexit.o)
    0x080002ee   0x00000000   Code   RO         4774    .ARM.Collect$$rtexit$$00000002  c_w.l(rtexit2.o)
    0x080002ee   0x00000004   Code   RO         4775    .ARM.Collect$$rtexit$$00000003  c_w.l(rtexit2.o)
    0x080002f2   0x00000006   Code   RO         4776    .ARM.Collect$$rtexit$$00000004  c_w.l(rtexit2.o)
    0x080002f8   0x00000040   Code   RO          506    .text               startup_stm32f767xx.o
    0x08000338   0x00000002   Code   RO         4613    .text               c_w.l(use_no_semi_2.o)
    0x0800033a   0x00000002   PAD
    0x0800033c   0x00000018   Code   RO         4617    .text               c_w.l(noretval__2printf.o)
    0x08000354   0x0000004e   Code   RO         4621    .text               c_w.l(_printf_pad.o)
    0x080003a2   0x00000052   Code   RO         4623    .text               c_w.l(_printf_str.o)
    0x080003f4   0x00000078   Code   RO         4625    .text               c_w.l(_printf_dec.o)
    0x0800046c   0x00000058   Code   RO         4630    .text               c_w.l(_printf_hex_int.o)
    0x080004c4   0x00000188   Code   RO         4665    .text               c_w.l(__printf_flags_ss_wp.o)
    0x0800064c   0x00000006   Code   RO         4676    .text               c_w.l(heapauxi.o)
    0x08000652   0x00000002   Code   RO         4680    .text               c_w.l(use_no_semi.o)
    0x08000654   0x000000b2   Code   RO         4683    .text               c_w.l(_printf_intcommon.o)
    0x08000706   0x0000002c   Code   RO         4685    .text               c_w.l(_printf_char.o)
    0x08000732   0x00000002   PAD
    0x08000734   0x00000024   Code   RO         4687    .text               c_w.l(_printf_char_file.o)
    0x08000758   0x00000030   Code   RO         4705    .text               c_w.l(_printf_char_common.o)
    0x08000788   0x00000008   Code   RO         4707    .text               c_w.l(ferror.o)
    0x08000790   0x0000004a   Code   RO         4711    .text               c_w.l(sys_stackheap_outer.o)
    0x080007da   0x00000012   Code   RO         4715    .text               c_w.l(exit.o)
    0x080007ec   0x00000008   Code   RO         4723    .text               c_w.l(libspace.o)
    0x080007f4   0x00000004   Code   RO          276    i.BusFault_Handler  stm32f7xx_it.o
    0x080007f8   0x00000078   Code   RO         3837    i.Cache_Enable      sys.o
    0x08000870   0x00000002   Code   RO          277    i.DebugMon_Handler  stm32f7xx_it.o
    0x08000872   0x00000002   PAD
    0x08000874   0x00000048   Code   RO         2849    i.FMC_NORSRAM_Extended_Timing_Init  stm32f7xx_ll_fmc.o
    0x080008bc   0x00000080   Code   RO         2850    i.FMC_NORSRAM_Init  stm32f7xx_ll_fmc.o
    0x0800093c   0x0000005e   Code   RO         2851    i.FMC_NORSRAM_Timing_Init  stm32f7xx_ll_fmc.o
    0x0800099a   0x00000002   PAD
    0x0800099c   0x000000ec   Code   RO         4375    i.Get_Adc           myspi.o
    0x08000a88   0x00000028   Code   RO          816    i.HAL_DMA_Abort_IT  stm32f7xx_hal_dma.o
    0x08000ab0   0x00000218   Code   RO          962    i.HAL_GPIO_Init     stm32f7xx_hal_gpio.o
    0x08000cc8   0x00000010   Code   RO          964    i.HAL_GPIO_ReadPin  stm32f7xx_hal_gpio.o
    0x08000cd8   0x0000000c   Code   RO          966    i.HAL_GPIO_WritePin  stm32f7xx_hal_gpio.o
    0x08000ce4   0x0000000c   Code   RO          530    i.HAL_GetTick       stm32f7xx_hal.o
    0x08000cf0   0x00000010   Code   RO          531    i.HAL_IncTick       stm32f7xx_hal.o
    0x08000d00   0x00000028   Code   RO          532    i.HAL_Init          stm32f7xx_hal.o
    0x08000d28   0x00000028   Code   RO          533    i.HAL_InitTick      stm32f7xx_hal.o
    0x08000d50   0x0000006c   Code   RO         3302    i.HAL_LTDC_SetWindowPosition  stm32f7xx_hal_ltdc.o
    0x08000dbc   0x00000074   Code   RO         3304    i.HAL_LTDC_SetWindowSize  stm32f7xx_hal_ltdc.o
    0x08000e30   0x0000005c   Code   RO          684    i.HAL_MPU_ConfigRegion  stm32f7xx_hal_cortex.o
    0x08000e8c   0x00000002   Code   RO          535    i.HAL_MspInit       stm32f7xx_hal.o
    0x08000e8e   0x0000001a   Code   RO          687    i.HAL_NVIC_EnableIRQ  stm32f7xx_hal_cortex.o
    0x08000ea8   0x0000007c   Code   RO          693    i.HAL_NVIC_SetPriority  stm32f7xx_hal_cortex.o
    0x08000f24   0x00000028   Code   RO          694    i.HAL_NVIC_SetPriorityGrouping  stm32f7xx_hal_cortex.o
    0x08000f4c   0x00000090   Code   RO         1155    i.HAL_PWREx_EnableOverDrive  stm32f7xx_hal_pwr_ex.o
    0x08000fdc   0x000001b4   Code   RO         1242    i.HAL_RCC_ClockConfig  stm32f7xx_hal_rcc.o
    0x08001190   0x0000000c   Code   RO         1247    i.HAL_RCC_GetHCLKFreq  stm32f7xx_hal_rcc.o
    0x0800119c   0x0000002c   Code   RO         1249    i.HAL_RCC_GetPCLK1Freq  stm32f7xx_hal_rcc.o
    0x080011c8   0x0000002c   Code   RO         1250    i.HAL_RCC_GetPCLK2Freq  stm32f7xx_hal_rcc.o
    0x080011f4   0x000000b4   Code   RO         1251    i.HAL_RCC_GetSysClockFreq  stm32f7xx_hal_rcc.o
    0x080012a8   0x000004d0   Code   RO         1346    i.HAL_RCC_OscConfig  stm32f7xx_hal_rcc_ex.o
    0x08001778   0x00000058   Code   RO         2995    i.HAL_SRAM_Init     stm32f7xx_hal_sram.o
    0x080017d0   0x00000098   Code   RO         4012    i.HAL_SRAM_MspInit  lcd.o
    0x08001868   0x00000028   Code   RO          696    i.HAL_SYSTICK_CLKSourceConfig  stm32f7xx_hal_cortex.o
    0x08001890   0x00000034   Code   RO          698    i.HAL_SYSTICK_Config  stm32f7xx_hal_cortex.o
    0x080018c4   0x0000002e   Code   RO         1919    i.HAL_TIM_Base_Init  stm32f7xx_hal_tim.o
    0x080018f2   0x00000002   Code   RO         1921    i.HAL_TIM_Base_MspInit  stm32f7xx_hal_tim.o
    0x080018f4   0x0000001e   Code   RO         1924    i.HAL_TIM_Base_Start_IT  stm32f7xx_hal_tim.o
    0x08001912   0x00000002   Code   RO         1400    i.HAL_UART_ErrorCallback  stm32f7xx_hal_uart.o
    0x08001914   0x0000015c   Code   RO         1403    i.HAL_UART_IRQHandler  stm32f7xx_hal_uart.o
    0x08001a70   0x00000078   Code   RO         1404    i.HAL_UART_Init     stm32f7xx_hal_uart.o
    0x08001ae8   0x000000a0   Code   RO         3891    i.HAL_UART_MspInit  usart.o
    0x08001b88   0x00000112   Code   RO         1407    i.HAL_UART_Receive  stm32f7xx_hal_uart.o
    0x08001c9a   0x00000002   Code   RO         1410    i.HAL_UART_RxCpltCallback  stm32f7xx_hal_uart.o
    0x08001c9c   0x00000002   Code   RO         1415    i.HAL_UART_TxCpltCallback  stm32f7xx_hal_uart.o
    0x08001c9e   0x00000004   Code   RO          278    i.HardFault_Handler  stm32f7xx_it.o
    0x08001ca2   0x00000002   PAD
    0x08001ca4   0x00000034   Code   RO         4014    i.LCD_Clear         lcd.o
    0x08001cd8   0x00000160   Code   RO         4018    i.LCD_Display_Dir   lcd.o
    0x08001e38   0x000000b0   Code   RO         4019    i.LCD_DrawLine      lcd.o
    0x08001ee8   0x00000024   Code   RO         4021    i.LCD_DrawPoint     lcd.o
    0x08001f0c   0x0000003c   Code   RO         4022    i.LCD_DrawRectangle  lcd.o
    0x08001f48   0x00000098   Code   RO         4023    i.LCD_Draw_Circle   lcd.o
    0x08001fe0   0x00000108   Code   RO         4024    i.LCD_Fast_DrawPoint  lcd.o
    0x080020e8   0x00000054   Code   RO         4025    i.LCD_Fill          lcd.o
    0x0800213c   0x0000245c   Code   RO         4026    i.LCD_Init          lcd.o
    0x08004598   0x00000084   Code   RO         4027    i.LCD_MPU_Config    lcd.o
    0x0800461c   0x00000016   Code   RO         4028    i.LCD_Pow           lcd.o
    0x08004632   0x00000002   PAD
    0x08004634   0x00000014   Code   RO         4029    i.LCD_RD_DATA       lcd.o
    0x08004648   0x000000b8   Code   RO         4030    i.LCD_ReadPoint     lcd.o
    0x08004700   0x00000050   Code   RO         4032    i.LCD_SSD_BackLightSet  lcd.o
    0x08004750   0x00000274   Code   RO         4033    i.LCD_Scan_Dir      lcd.o
    0x080049c4   0x00000138   Code   RO         4034    i.LCD_SetCursor     lcd.o
    0x08004afc   0x0000013c   Code   RO         4036    i.LCD_ShowChar      lcd.o
    0x08004c38   0x00000094   Code   RO         4037    i.LCD_ShowNum       lcd.o
    0x08004ccc   0x00000066   Code   RO         4038    i.LCD_ShowString    lcd.o
    0x08004d32   0x000000be   Code   RO         4039    i.LCD_ShowxNum      lcd.o
    0x08004df0   0x00000018   Code   RO         4040    i.LCD_WR_DATA       lcd.o
    0x08004e08   0x00000018   Code   RO         4041    i.LCD_WR_REG        lcd.o
    0x08004e20   0x00000014   Code   RO         4043    i.LCD_WriteRAM_Prepare  lcd.o
    0x08004e34   0x00000010   Code   RO         4044    i.LCD_WriteReg      lcd.o
    0x08004e44   0x00000024   Code   RO         4260    i.LTDC_Clear        ltdc.o
    0x08004e68   0x0000002c   Code   RO         4263    i.LTDC_Display_Dir  ltdc.o
    0x08004e94   0x00000050   Code   RO         4264    i.LTDC_Draw_Point   ltdc.o
    0x08004ee4   0x00000148   Code   RO         4265    i.LTDC_Fill         ltdc.o
    0x0800502c   0x00000050   Code   RO         4268    i.LTDC_Layer_Switch  ltdc.o
    0x0800507c   0x00000030   Code   RO         4269    i.LTDC_Layer_Window_Config  ltdc.o
    0x080050ac   0x00000050   Code   RO         4271    i.LTDC_Read_Point   ltdc.o
    0x080050fc   0x0000000c   Code   RO         4272    i.LTDC_Select_Layer  ltdc.o
    0x08005108   0x00000212   Code   RO         3306    i.LTDC_SetConfig    stm32f7xx_hal_ltdc.o
    0x0800531a   0x00000002   PAD
    0x0800531c   0x00000030   Code   RO         4273    i.LTDC_Switch       ltdc.o
    0x0800534c   0x00000002   Code   RO          279    i.NMI_Handler       stm32f7xx_it.o
    0x0800534e   0x00000002   PAD
    0x08005350   0x00000010   Code   RO          700    i.NVIC_GetPriorityGrouping  stm32f7xx_hal_cortex.o
    0x08005360   0x00000028   Code   RO          701    i.NVIC_SetPriority  stm32f7xx_hal_cortex.o
    0x08005388   0x00000002   Code   RO          280    i.PendSV_Handler    stm32f7xx_it.o
    0x0800538a   0x00000002   PAD
    0x0800538c   0x0000009c   Code   RO         3840    i.SCB_EnableDCache  sys.o
    0x08005428   0x00000080   Code   RO         4376    i.SPI_Init          myspi.o
    0x080054a8   0x00000002   Code   RO          281    i.SVC_Handler       stm32f7xx_it.o
    0x080054aa   0x00000002   PAD
    0x080054ac   0x000000b4   Code   RO         3841    i.Stm32_Clock_Init  sys.o
    0x08005560   0x00000008   Code   RO          282    i.SysTick_Handler   stm32f7xx_it.o
    0x08005568   0x00000064   Code   RO          349    i.SystemInit        system_stm32f7xx.o
    0x080055cc   0x00000044   Code   RO         4405    i.TIM4_IRQHandler   usmart.o
    0x08005610   0x000000e4   Code   RO         2003    i.TIM_Base_SetConfig  stm32f7xx_hal_tim.o
    0x080056f4   0x0000005c   Code   RO         4406    i.Timer4_Init       usmart.o
    0x08005750   0x000000ea   Code   RO         1417    i.UART_AdvFeatureConfig  stm32f7xx_hal_uart.o
    0x0800583a   0x00000074   Code   RO         1418    i.UART_CheckIdleState  stm32f7xx_hal_uart.o
    0x080058ae   0x00000018   Code   RO         1419    i.UART_DMAAbortOnError  stm32f7xx_hal_uart.o
    0x080058c6   0x00000020   Code   RO         1425    i.UART_EndRxTransfer  stm32f7xx_hal_uart.o
    0x080058e6   0x00000020   Code   RO         1426    i.UART_EndTransmit_IT  stm32f7xx_hal_uart.o
    0x08005906   0x00000088   Code   RO         1428    i.UART_Receive_IT   stm32f7xx_hal_uart.o
    0x0800598e   0x00000002   PAD
    0x08005990   0x0000038c   Code   RO         1429    i.UART_SetConfig    stm32f7xx_hal_uart.o
    0x08005d1c   0x0000006a   Code   RO         1430    i.UART_Transmit_IT  stm32f7xx_hal_uart.o
    0x08005d86   0x0000006c   Code   RO         1431    i.UART_WaitOnFlagUntilTimeout  stm32f7xx_hal_uart.o
    0x08005df2   0x00000002   PAD
    0x08005df4   0x000000a0   Code   RO         3892    i.USART1_IRQHandler  usart.o
    0x08005e94   0x00000004   Code   RO          283    i.UsageFault_Handler  stm32f7xx_it.o
    0x08005e98   0x0000000e   Code   RO         4658    i._is_digit         c_w.l(__printf_wp.o)
    0x08005ea6   0x00000004   Code   RO         3893    i._sys_exit         usart.o
    0x08005eaa   0x00000002   PAD
    0x08005eac   0x00000014   Code   RO         3798    i.delay_init        delay.o
    0x08005ec0   0x00000018   Code   RO         3799    i.delay_ms          delay.o
    0x08005ed8   0x00000048   Code   RO         3800    i.delay_us          delay.o
    0x08005f20   0x0000001c   Code   RO         3894    i.fputc             usart.o
    0x08005f3c   0x00000210   Code   RO            4    i.main              main.o
    0x0800614c   0x0000000e   Code   RO         4046    i.opt_delay         lcd.o
    0x0800615a   0x00000006   Code   RO         4407    i.read_addr         usmart.o
    0x08006160   0x0000002c   Code   RO         3895    i.uart_init         usart.o
    0x0800618c   0x000000b0   Code   RO         4408    i.usmart_cmd_rec    usmart.o
    0x0800623c   0x000002d4   Code   RO         4409    i.usmart_exe        usmart.o
    0x08006510   0x000000d4   Code   RO         4501    i.usmart_get_aparm  usmart_str.o
    0x080065e4   0x00000036   Code   RO         4502    i.usmart_get_cmdname  usmart_str.o
    0x0800661a   0x00000002   PAD
    0x0800661c   0x000001c0   Code   RO         4503    i.usmart_get_fname  usmart_str.o
    0x080067dc   0x0000010c   Code   RO         4504    i.usmart_get_fparam  usmart_str.o
    0x080068e8   0x00000020   Code   RO         4505    i.usmart_get_parmpos  usmart_str.o
    0x08006908   0x00000044   Code   RO         4410    i.usmart_get_runtime  usmart.o
    0x0800694c   0x00000028   Code   RO         4411    i.usmart_init       usmart.o
    0x08006974   0x00000016   Code   RO         4506    i.usmart_pow        usmart_str.o
    0x0800698a   0x00000002   PAD
    0x0800698c   0x00000034   Code   RO         4412    i.usmart_reset_runtime  usmart.o
    0x080069c0   0x000000bc   Code   RO         4413    i.usmart_scan       usmart.o
    0x08006a7c   0x00000016   Code   RO         4507    i.usmart_search_nextc  usmart_str.o
    0x08006a92   0x00000106   Code   RO         4508    i.usmart_str2num    usmart_str.o
    0x08006b98   0x00000022   Code   RO         4509    i.usmart_strcmp     usmart_str.o
    0x08006bba   0x00000016   Code   RO         4510    i.usmart_strcopy    usmart_str.o
    0x08006bd0   0x00000018   Code   RO         4511    i.usmart_strlen     usmart_str.o
    0x08006be8   0x000006f4   Code   RO         4414    i.usmart_sys_cmd_exe  usmart.o
    0x080072dc   0x00000004   Code   RO         4415    i.write_addr        usmart.o
    0x080072e0   0x0000000a   Code   RO         4782    x$fpl$fpinit        fz_wv.l(fpinit.o)
    0x080072ea   0x00000018   Data   RO          350    .constdata          system_stm32f7xx.o
    0x08007302   0x00004740   Data   RO         4048    .constdata          lcd.o
    0x0800ba42   0x00000028   Data   RO         4631    .constdata          c_w.l(_printf_hex_int.o)
    0x0800ba6a   0x00000011   Data   RO         4666    .constdata          c_w.l(__printf_flags_ss_wp.o)
    0x0800ba7b   0x00000001   PAD
    0x0800ba7c   0x00000028   Data   RO         4417    .conststring        usmart.o
    0x0800baa4   0x000003fb   Data   RO         4585    .conststring        usmart_config.o
    0x0800be9f   0x00000001   PAD
    0x0800bea0   0x00000020   Data   RO         4846    Region$$Table       anon$$obj.o


    Execution Region RW_IRAM1 (Base: 0x20020000, Size: 0x00000b48, Max: 0x00060000, ABSOLUTE, COMPRESSED[0x000000d4])

    Base Addr    Size         Type   Attr      Idx    E Section Name        Object

    0x20020000   0x00000004   Data   RW          351    .data               system_stm32f7xx.o
    0x20020004   0x00000004   Data   RW          538    .data               stm32f7xx_hal.o
    0x20020008   0x00000004   Data   RW         3801    .data               delay.o
    0x2002000c   0x00000007   Data   RW         3897    .data               usart.o
    0x20020013   0x00000001   PAD
    0x20020014   0x00000008   Data   RW         4049    .data               lcd.o
    0x2002001c   0x00000008   Data   RW         4276    .data               ltdc.o
    0x20020024   0x0000001c   Data   RW         4418    .data               usmart.o
    0x20020040   0x000001b4   Data   RW         4586    .data               usmart_config.o
    0x200201f4   0x00000138   Zero   RW         3896    .bss                usart.o
    0x2002032c   0x0000005a   Zero   RW         4047    .bss                lcd.o
    0x20020386   0x00000002   PAD
    0x20020388   0x00000120   Zero   RW         4275    .bss                ltdc.o
    0x200204a8   0x0000003c   Zero   RW         4416    .bss                usmart.o
    0x200204e4   0x00000060   Zero   RW         4724    .bss                c_w.l(libspace.o)
    0x20020544   0x00000004   PAD
    0x20020548   0x00000200   Zero   RW          504    HEAP                startup_stm32f767xx.o
    0x20020748   0x00000400   Zero   RW          503    STACK               startup_stm32f767xx.o



  Load Region LR$$.ARM.__AT_0xC0000000 (Base: 0xc0000000, Size: 0x00000000, Max: 0x001f4000, ABSOLUTE)

    Execution Region ER$$.ARM.__AT_0xC0000000 (Base: 0xc0000000, Size: 0x001f4000, Max: 0x001f4000, ABSOLUTE, UNINIT)

    Base Addr    Size         Type   Attr      Idx    E Section Name        Object

    0xc0000000   0x001f4000   Zero   RW         4274    .ARM.__AT_0xC0000000  ltdc.o


==============================================================================

Image component sizes


      Code (inc. data)   RO Data    RW Data    ZI Data      Debug   Object Name

       116          8          0          4          0       1871   delay.o
     12868        206      18240          8         90      32319   lcd.o
       756         64          0          8    2048288       7074   ltdc.o
       528         18          0          0          0     451251   main.o
       364         14          0          0          0       1593   myspi.o
        64         26        504          0       1536        816   startup_stm32f767xx.o
       110         20          0          4          0       3589   stm32f7xx_hal.o
       430         26          0          0          0      37240   stm32f7xx_hal_cortex.o
        40          0          0          0          0       1107   stm32f7xx_hal_dma.o
       564         52          0          0          0       3039   stm32f7xx_hal_gpio.o
       754          0          0          0          0       2962   stm32f7xx_hal_ltdc.o
       144          8          0          0          0       1240   stm32f7xx_hal_pwr_ex.o
       716         50          0          0          0       3928   stm32f7xx_hal_rcc.o
      1232         12          0          0          0       1808   stm32f7xx_hal_rcc_ex.o
        88          0          0          0          0       1168   stm32f7xx_hal_sram.o
       306         44          0          0          0       2976   stm32f7xx_hal_tim.o
      2444         54          0          0          0      11363   stm32f7xx_hal_uart.o
        28          0          0          0          0       3442   stm32f7xx_it.o
       294         10          0          0          0       2724   stm32f7xx_ll_fmc.o
       456         26          0          0          0      33885   sys.o
       100         18         24          4          0       1035   system_stm32f7xx.o
       396         42          0          7        312       4675   usart.o
      3198       1354         40         28         60       7635   usmart.o
         0          0       1019        436          0       1488   usmart_config.o
      1400         20          0          0          0       8761   usmart_str.o

    ----------------------------------------------------------------------
     27422       2072      19860        500    2050288     628989   Object Totals
         0          0         32          0          0          0   (incl. Generated)
        26          0          1          1          2          0   (incl. Padding)

    ----------------------------------------------------------------------

      Code (inc. data)   RO Data    RW Data    ZI Data      Debug   Library Member Name

        90          0          0          0          0          0   __dczerorl2.o
         8          0          0          0          0         68   __main.o
       392          4         17          0          0         92   __printf_flags_ss_wp.o
        14          0          0          0          0         68   __printf_wp.o
         0          0          0          0          0          0   __rtentry.o
        12          0          0          0          0          0   __rtentry2.o
         6          0          0          0          0          0   __rtentry4.o
        52          8          0          0          0          0   __scatter.o
        28          0          0          0          0          0   __scatter_zi.o
         6          0          0          0          0          0   _printf_c.o
        44          0          0          0          0        108   _printf_char.o
        48          6          0          0          0         96   _printf_char_common.o
        36          4          0          0          0         80   _printf_char_file.o
         6          0          0          0          0          0   _printf_d.o
       120         16          0          0          0         92   _printf_dec.o
        88          4         40          0          0         88   _printf_hex_int.o
       178          0          0          0          0         88   _printf_intcommon.o
        78          0          0          0          0        108   _printf_pad.o
         0          0          0          0          0          0   _printf_percent.o
         4          0          0          0          0          0   _printf_percent_end.o
         6          0          0          0          0          0   _printf_s.o
        82          0          0          0          0         80   _printf_str.o
         6          0          0          0          0          0   _printf_u.o
         6          0          0          0          0          0   _printf_x.o
        18          0          0          0          0         80   exit.o
         8          0          0          0          0         68   ferror.o
         6          0          0          0          0        152   heapauxi.o
         2          0          0          0          0          0   libinit.o
         6          0          0          0          0          0   libinit2.o
         2          0          0          0          0          0   libshutdown.o
         2          0          0          0          0          0   libshutdown2.o
         8          4          0          0         96         68   libspace.o
        24          4          0          0          0         84   noretval__2printf.o
         2          0          0          0          0          0   rtexit.o
        10          0          0          0          0          0   rtexit2.o
        74          0          0          0          0         80   sys_stackheap_outer.o
         2          0          0          0          0         68   use_no_semi.o
         2          0          0          0          0         68   use_no_semi_2.o
        10          0          0          0          0        116   fpinit.o

    ----------------------------------------------------------------------
      1492         50         58          0        100       1752   Library Totals
         6          0          1          0          4          0   (incl. Padding)

    ----------------------------------------------------------------------

      Code (inc. data)   RO Data    RW Data    ZI Data      Debug   Library Name

      1476         50         57          0         96       1636   c_w.l
        10          0          0          0          0        116   fz_wv.l

    ----------------------------------------------------------------------
      1492         50         58          0        100       1752   Library Totals

    ----------------------------------------------------------------------

==============================================================================


      Code (inc. data)   RO Data    RW Data    ZI Data      Debug   

     28914       2122      19918        500    2050388     617861   Grand Totals
     28914       2122      19918        212    2050388     617861   ELF Image Totals (compressed)
     28914       2122      19918        212          0          0   ROM Totals

==============================================================================

    Total RO  Size (Code + RO Data)                48832 (  47.69kB)
    Total RW  Size (RW Data + ZI Data)           2050888 (2002.82kB)
    Total ROM Size (Code + RO Data + RW Data)      49044 (  47.89kB)

==============================================================================

