<html>
<body>
<pre>
<h1>礦ision Build Log</h1>
<h2>Tool Versions:</h2>
IDE-Version: μVision V5.23.0.0
Copyright (C) 2017 ARM Ltd and ARM Germany GmbH. All rights reserved.
License Information: 1 minel, 1, LIC=14HKP-M82ZA-EHG8P-MA3GC-SE4BV-JNH1R
 
Tool Versions:
Toolchain:       MDK-ARM Plus  Version: 5.23
Toolchain Path:  D:\keil 32\ARM\ARMCC\Bin
C Compiler:      Armcc.exe V5.06 update 4 (build 422)
Assembler:       Armasm.exe V5.06 update 4 (build 422)
Linker/Locator:  ArmLink.exe V5.06 update 4 (build 422)
Library Manager: ArmAr.exe V5.06 update 4 (build 422)
Hex Converter:   FromElf.exe V5.06 update 4 (build 422)
CPU DLL:         SARMCM3.DLL V5.23
Dialog DLL:      DCM.DLL V1.15.0.0
Target DLL:      STLink\ST-LINKIII-KEIL_SWO.dll V2.0.18.0
Dialog DLL:      TCM.DLL V1.27.0.0
 
<h2>Project:</h2>
D:\keil 32\MPU6050\（库函数版本，适合探索者STM32F4开发板）实验32 MPU6050六轴传感器实验\USER\MPU6050.uvprojx
Project File Date:  11/28/2018

<h2>Output:</h2>
*** Using Compiler 'V5.06 update 4 (build 422)', folder: 'D:\keil 32\ARM\ARMCC\Bin'
Rebuild target 'MPU6050'
compiling key.c...
compiling system_stm32f4xx.c...
compiling led.c...
compiling stm32f4xx_it.c...
compiling myiic.c...
compiling main.c...
main.c(100): warning:  #177-D: variable "state"  was declared but never referenced
  	u8 state;
main.c: 1 warning, 0 errors
compiling lcd.c...
assembling startup_stm32f40_41xxx.s...
compiling mpu6050.c...
compiling sys.c...
compiling delay.c...
compiling usart.c...
compiling misc.c...
compiling inv_mpu_dmp_motion_driver.c...
compiling inv_mpu.c...
compiling stm32f4xx_gpio.c...
compiling stm32f4xx_fsmc.c...
compiling stm32f4xx_rcc.c...
compiling stm32f4xx_syscfg.c...
compiling stm32f4xx_usart.c...
compiling usmart.c...
compiling stm32f4xx_tim.c...
compiling usmart_config.c...
compiling usmart_str.c...
linking...
Program Size: Code=57182 RO-data=10302 RW-data=440 ZI-data=1864  
FromELF: creating hex file...
"..\OBJ\MPU6050.axf" - 0 Error(s), 1 Warning(s).

<h2>Collection of Component include folders:</h2>
  .\RTE\_MPU6050
  D:\keil 32\ARM\PACK\Keil\STM32F4xx_DFP\2.11.0\Drivers\CMSIS\Device\ST\STM32F4xx\Include

<h2>Collection of Component Files used:</h2>
Build Time Elapsed:  00:00:07
</pre>
</body>
</html>
